[0.433s] Invoking command in '/home/ani/ur_grasp_driver/yc_ws/build/my_ur_driver': CMAKE_PREFIX_PATH=${CMAKE_PREFIX_PATH}:/opt/ros/humble CONDA_PROMPT_MODIFIER=(pregrasp) /usr/bin/cmake /home/ani/ur_grasp_driver/yc_ws/src/my_ur_driver -DAMENT_CMAKE_SYMLINK_INSTALL=1 -DCMAKE_INSTALL_PREFIX=/home/ani/ur_grasp_driver/yc_ws/install/my_ur_driver
[0.442s] -- Found ament_cmake: 1.3.10 (/opt/ros/humble/share/ament_cmake/cmake)
[0.534s] -- Override CMake install command with custom implementation using symlinks instead of copying resources
[0.541s] -- Found ur_robot_driver: 2.2.16 (/opt/ros/humble/share/ur_robot_driver/cmake)
[0.568s] -- Found rosidl_generator_c: 3.1.5 (/opt/ros/humble/share/rosidl_generator_c/cmake)
[0.570s] -- Found rosidl_adapter: 3.1.5 (/opt/ros/humble/share/rosidl_adapter/cmake)
[0.575s] -- Found rosidl_generator_cpp: 3.1.5 (/opt/ros/humble/share/rosidl_generator_cpp/cmake)
[0.583s] -- Using all available rosidl_typesupport_c: rosidl_typesupport_fastrtps_c;rosidl_typesupport_introspection_c
[0.591s] -- Using all available rosidl_typesupport_cpp: rosidl_typesupport_fastrtps_cpp;rosidl_typesupport_introspection_cpp
[0.706s] -- Found rmw_implementation_cmake: 6.1.2 (/opt/ros/humble/share/rmw_implementation_cmake/cmake)
[0.707s] -- Found rmw_fastrtps_cpp: 6.2.7 (/opt/ros/humble/share/rmw_fastrtps_cpp/cmake)
[0.720s] -- Found TinyXML2 via Config file: TinyXML2_DIR-NOTFOUND
[0.726s] -- Found TinyXML2 via Config file: TinyXML2_DIR-NOTFOUND
[0.743s] -- Found TinyXML2 via Config file: TinyXML2_DIR-NOTFOUND
[0.749s] -- Found TinyXML2 via Config file: TinyXML2_DIR-NOTFOUND
[0.758s] -- Using RMW implementation 'rmw_fastrtps_cpp' as default
[0.860s] -- Found eigen3_cmake_module: 0.1.1 (/opt/ros/humble/share/eigen3_cmake_module/cmake)
[0.861s] -- Ensuring Eigen3 include directory is part of orocos-kdl CMake target
[0.906s] -- Found moveit_ros_move_group: 2.5.5 (/opt/ros/humble/share/moveit_ros_move_group/cmake)
[0.914s] -- Found Boost: /usr/lib/x86_64-linux-gnu/cmake/Boost-1.74.0/BoostConfig.cmake (found version "1.74.0") found components: system filesystem date_time program_options thread 
[0.924s] -- Found Boost: /usr/lib/x86_64-linux-gnu/cmake/Boost-1.74.0/BoostConfig.cmake (found version "1.74.0") found components: chrono date_time filesystem iostreams program_options regex serialization system thread 
[0.931s] -- Found parameter_traits: 0.3.9 (/opt/ros/humble/share/parameter_traits/cmake)
[0.940s] -- Found Boost: /usr/lib/x86_64-linux-gnu/cmake/Boost-1.74.0/BoostConfig.cmake (found version "1.74.0") found components: filesystem 
[0.966s] -- library: /usr/lib/x86_64-linux-gnu/libcurl.so
[1.066s] -- Found Boost: /usr/lib/x86_64-linux-gnu/cmake/Boost-1.74.0/BoostConfig.cmake (found version "1.74.0") found components: system filesystem date_time program_options thread chrono 
[1.076s] -- Found ament_lint_auto: 0.12.11 (/opt/ros/humble/share/ament_lint_auto/cmake)
[1.146s] -- Added test 'flake8' to check Python code syntax and style conventions
[1.147s] -- Added test 'lint_cmake' to check CMake code style
[1.148s] -- Added test 'pep257' to check Python code against some of the docstring style conventions in PEP 257
[1.152s] -- Added test 'xmllint' to check XML markup files
[1.153s] -- Configuring done
[1.158s] -- Generating done
[1.160s] -- Build files have been written to: /home/ani/ur_grasp_driver/yc_ws/build/my_ur_driver
