running egg_info
creating ../../build/frames/frames.egg-info
writing ../../build/frames/frames.egg-info/PKG-INFO
writing dependency_links to ../../build/frames/frames.egg-info/dependency_links.txt
writing entry points to ../../build/frames/frames.egg-info/entry_points.txt
writing requirements to ../../build/frames/frames.egg-info/requires.txt
writing top-level names to ../../build/frames/frames.egg-info/top_level.txt
writing manifest file '../../build/frames/frames.egg-info/SOURCES.txt'
reading manifest file '../../build/frames/frames.egg-info/SOURCES.txt'
writing manifest file '../../build/frames/frames.egg-info/SOURCES.txt'
running build
running build_py
creating /home/artc/UR_Grasp_Driver/yc_ws/build/frames/build
creating /home/artc/UR_Grasp_Driver/yc_ws/build/frames/build/lib
creating /home/artc/UR_Grasp_Driver/yc_ws/build/frames/build/lib/frames
copying frames/__init__.py -> /home/artc/UR_Grasp_Driver/yc_ws/build/frames/build/lib/frames
copying frames/camera_controller.py -> /home/artc/UR_Grasp_Driver/yc_ws/build/frames/build/lib/frames
copying frames/gripper_controller.py -> /home/artc/UR_Grasp_Driver/yc_ws/build/frames/build/lib/frames
copying frames/grasp_pose_transformer.py -> /home/artc/UR_Grasp_Driver/yc_ws/build/frames/build/lib/frames
copying frames/grasp_detector.py -> /home/artc/UR_Grasp_Driver/yc_ws/build/frames/build/lib/frames
copying frames/myframe.py -> /home/artc/UR_Grasp_Driver/yc_ws/build/frames/build/lib/frames
copying frames/robot_grasp_coordinator.py -> /home/artc/UR_Grasp_Driver/yc_ws/build/frames/build/lib/frames
running install
running install_lib
creating /home/artc/UR_Grasp_Driver/yc_ws/install/frames/lib/python3.10/site-packages/frames
copying /home/artc/UR_Grasp_Driver/yc_ws/build/frames/build/lib/frames/__init__.py -> /home/artc/UR_Grasp_Driver/yc_ws/install/frames/lib/python3.10/site-packages/frames
copying /home/artc/UR_Grasp_Driver/yc_ws/build/frames/build/lib/frames/camera_controller.py -> /home/artc/UR_Grasp_Driver/yc_ws/install/frames/lib/python3.10/site-packages/frames
copying /home/artc/UR_Grasp_Driver/yc_ws/build/frames/build/lib/frames/gripper_controller.py -> /home/artc/UR_Grasp_Driver/yc_ws/install/frames/lib/python3.10/site-packages/frames
copying /home/artc/UR_Grasp_Driver/yc_ws/build/frames/build/lib/frames/grasp_pose_transformer.py -> /home/artc/UR_Grasp_Driver/yc_ws/install/frames/lib/python3.10/site-packages/frames
copying /home/artc/UR_Grasp_Driver/yc_ws/build/frames/build/lib/frames/grasp_detector.py -> /home/artc/UR_Grasp_Driver/yc_ws/install/frames/lib/python3.10/site-packages/frames
copying /home/artc/UR_Grasp_Driver/yc_ws/build/frames/build/lib/frames/myframe.py -> /home/artc/UR_Grasp_Driver/yc_ws/install/frames/lib/python3.10/site-packages/frames
copying /home/artc/UR_Grasp_Driver/yc_ws/build/frames/build/lib/frames/robot_grasp_coordinator.py -> /home/artc/UR_Grasp_Driver/yc_ws/install/frames/lib/python3.10/site-packages/frames
byte-compiling /home/artc/UR_Grasp_Driver/yc_ws/install/frames/lib/python3.10/site-packages/frames/__init__.py to __init__.cpython-310.pyc
byte-compiling /home/artc/UR_Grasp_Driver/yc_ws/install/frames/lib/python3.10/site-packages/frames/camera_controller.py to camera_controller.cpython-310.pyc
byte-compiling /home/artc/UR_Grasp_Driver/yc_ws/install/frames/lib/python3.10/site-packages/frames/gripper_controller.py to gripper_controller.cpython-310.pyc
byte-compiling /home/artc/UR_Grasp_Driver/yc_ws/install/frames/lib/python3.10/site-packages/frames/grasp_pose_transformer.py to grasp_pose_transformer.cpython-310.pyc
byte-compiling /home/artc/UR_Grasp_Driver/yc_ws/install/frames/lib/python3.10/site-packages/frames/grasp_detector.py to grasp_detector.cpython-310.pyc
byte-compiling /home/artc/UR_Grasp_Driver/yc_ws/install/frames/lib/python3.10/site-packages/frames/myframe.py to myframe.cpython-310.pyc
byte-compiling /home/artc/UR_Grasp_Driver/yc_ws/install/frames/lib/python3.10/site-packages/frames/robot_grasp_coordinator.py to robot_grasp_coordinator.cpython-310.pyc
running install_data
creating /home/artc/UR_Grasp_Driver/yc_ws/install/frames/share/ament_index
creating /home/artc/UR_Grasp_Driver/yc_ws/install/frames/share/ament_index/resource_index
creating /home/artc/UR_Grasp_Driver/yc_ws/install/frames/share/ament_index/resource_index/packages
copying resource/frames -> /home/artc/UR_Grasp_Driver/yc_ws/install/frames/share/ament_index/resource_index/packages
copying package.xml -> /home/artc/UR_Grasp_Driver/yc_ws/install/frames/share/frames
creating /home/artc/UR_Grasp_Driver/yc_ws/install/frames/share/frames/launch
running install_egg_info
Copying ../../build/frames/frames.egg-info to /home/artc/UR_Grasp_Driver/yc_ws/install/frames/lib/python3.10/site-packages/frames-0.0.1-py3.10.egg-info
running install_scripts
Installing camera_controller script to /home/artc/UR_Grasp_Driver/yc_ws/install/frames/bin
Installing grasp_detector script to /home/artc/UR_Grasp_Driver/yc_ws/install/frames/bin
Installing grasp_pose_transformer script to /home/artc/UR_Grasp_Driver/yc_ws/install/frames/bin
Installing gripper_controller script to /home/artc/UR_Grasp_Driver/yc_ws/install/frames/bin
Installing myframe script to /home/artc/UR_Grasp_Driver/yc_ws/install/frames/bin
Installing robot_grasp_coordinator script to /home/artc/UR_Grasp_Driver/yc_ws/install/frames/bin
writing list of installed files to '/home/artc/UR_Grasp_Driver/yc_ws/build/frames/install.log'
