[2.053s] Invoking command in '/home/artc/UR_Grasp_Driver/yc_ws/src/frames': CONDA_PROMPT_MODIFIER=(ros2_any) PYTHONPATH=/home/artc/UR_Grasp_Driver/yc_ws/build/frames/prefix_override:/usr/lib/python3/dist-packages/colcon_core/task/python/colcon_distutils_commands:/home/artc/UR_Grasp_Driver/yc_ws/install/frames/lib/python3.10/site-packages:${PYTHONPATH} /usr/bin/python3 -W ignore:setup.py install is deprecated setup.py egg_info --egg-base ../../build/frames build --build-base /home/artc/UR_Grasp_Driver/yc_ws/build/frames/build install --record /home/artc/UR_Grasp_Driver/yc_ws/build/frames/install.log --single-version-externally-managed install_data
[2.566s] running egg_info
[2.567s] creating ../../build/frames/frames.egg-info
[2.568s] writing ../../build/frames/frames.egg-info/PKG-INFO
[2.568s] writing dependency_links to ../../build/frames/frames.egg-info/dependency_links.txt
[2.568s] writing entry points to ../../build/frames/frames.egg-info/entry_points.txt
[2.568s] writing requirements to ../../build/frames/frames.egg-info/requires.txt
[2.568s] writing top-level names to ../../build/frames/frames.egg-info/top_level.txt
[2.569s] writing manifest file '../../build/frames/frames.egg-info/SOURCES.txt'
[2.571s] reading manifest file '../../build/frames/frames.egg-info/SOURCES.txt'
[2.572s] writing manifest file '../../build/frames/frames.egg-info/SOURCES.txt'
[2.572s] running build
[2.573s] running build_py
[2.573s] creating /home/artc/UR_Grasp_Driver/yc_ws/build/frames/build
[2.573s] creating /home/artc/UR_Grasp_Driver/yc_ws/build/frames/build/lib
[2.573s] creating /home/artc/UR_Grasp_Driver/yc_ws/build/frames/build/lib/frames
[2.574s] copying frames/__init__.py -> /home/artc/UR_Grasp_Driver/yc_ws/build/frames/build/lib/frames
[2.574s] copying frames/camera_controller.py -> /home/artc/UR_Grasp_Driver/yc_ws/build/frames/build/lib/frames
[2.574s] copying frames/gripper_controller.py -> /home/artc/UR_Grasp_Driver/yc_ws/build/frames/build/lib/frames
[2.574s] copying frames/grasp_pose_transformer.py -> /home/artc/UR_Grasp_Driver/yc_ws/build/frames/build/lib/frames
[2.574s] copying frames/grasp_detector.py -> /home/artc/UR_Grasp_Driver/yc_ws/build/frames/build/lib/frames
[2.575s] copying frames/myframe.py -> /home/artc/UR_Grasp_Driver/yc_ws/build/frames/build/lib/frames
[2.575s] copying frames/robot_grasp_coordinator.py -> /home/artc/UR_Grasp_Driver/yc_ws/build/frames/build/lib/frames
[2.575s] running install
[2.575s] running install_lib
[2.576s] creating /home/artc/UR_Grasp_Driver/yc_ws/install/frames/lib/python3.10/site-packages/frames
[2.577s] copying /home/artc/UR_Grasp_Driver/yc_ws/build/frames/build/lib/frames/__init__.py -> /home/artc/UR_Grasp_Driver/yc_ws/install/frames/lib/python3.10/site-packages/frames
[2.577s] copying /home/artc/UR_Grasp_Driver/yc_ws/build/frames/build/lib/frames/camera_controller.py -> /home/artc/UR_Grasp_Driver/yc_ws/install/frames/lib/python3.10/site-packages/frames
[2.577s] copying /home/artc/UR_Grasp_Driver/yc_ws/build/frames/build/lib/frames/gripper_controller.py -> /home/artc/UR_Grasp_Driver/yc_ws/install/frames/lib/python3.10/site-packages/frames
[2.577s] copying /home/artc/UR_Grasp_Driver/yc_ws/build/frames/build/lib/frames/grasp_pose_transformer.py -> /home/artc/UR_Grasp_Driver/yc_ws/install/frames/lib/python3.10/site-packages/frames
[2.577s] copying /home/artc/UR_Grasp_Driver/yc_ws/build/frames/build/lib/frames/grasp_detector.py -> /home/artc/UR_Grasp_Driver/yc_ws/install/frames/lib/python3.10/site-packages/frames
[2.578s] copying /home/artc/UR_Grasp_Driver/yc_ws/build/frames/build/lib/frames/myframe.py -> /home/artc/UR_Grasp_Driver/yc_ws/install/frames/lib/python3.10/site-packages/frames
[2.578s] copying /home/artc/UR_Grasp_Driver/yc_ws/build/frames/build/lib/frames/robot_grasp_coordinator.py -> /home/artc/UR_Grasp_Driver/yc_ws/install/frames/lib/python3.10/site-packages/frames
[2.579s] byte-compiling /home/artc/UR_Grasp_Driver/yc_ws/install/frames/lib/python3.10/site-packages/frames/__init__.py to __init__.cpython-310.pyc
[2.579s] byte-compiling /home/artc/UR_Grasp_Driver/yc_ws/install/frames/lib/python3.10/site-packages/frames/camera_controller.py to camera_controller.cpython-310.pyc
[2.581s] byte-compiling /home/artc/UR_Grasp_Driver/yc_ws/install/frames/lib/python3.10/site-packages/frames/gripper_controller.py to gripper_controller.cpython-310.pyc
[2.581s] byte-compiling /home/artc/UR_Grasp_Driver/yc_ws/install/frames/lib/python3.10/site-packages/frames/grasp_pose_transformer.py to grasp_pose_transformer.cpython-310.pyc
[2.585s] byte-compiling /home/artc/UR_Grasp_Driver/yc_ws/install/frames/lib/python3.10/site-packages/frames/grasp_detector.py to grasp_detector.cpython-310.pyc
[2.586s] byte-compiling /home/artc/UR_Grasp_Driver/yc_ws/install/frames/lib/python3.10/site-packages/frames/myframe.py to myframe.cpython-310.pyc
[2.588s] byte-compiling /home/artc/UR_Grasp_Driver/yc_ws/install/frames/lib/python3.10/site-packages/frames/robot_grasp_coordinator.py to robot_grasp_coordinator.cpython-310.pyc
[2.595s] running install_data
[2.595s] creating /home/artc/UR_Grasp_Driver/yc_ws/install/frames/share/ament_index
[2.595s] creating /home/artc/UR_Grasp_Driver/yc_ws/install/frames/share/ament_index/resource_index
[2.595s] creating /home/artc/UR_Grasp_Driver/yc_ws/install/frames/share/ament_index/resource_index/packages
[2.595s] copying resource/frames -> /home/artc/UR_Grasp_Driver/yc_ws/install/frames/share/ament_index/resource_index/packages
[2.595s] copying package.xml -> /home/artc/UR_Grasp_Driver/yc_ws/install/frames/share/frames
[2.596s] creating /home/artc/UR_Grasp_Driver/yc_ws/install/frames/share/frames/launch
[2.596s] running install_egg_info
[2.599s] Copying ../../build/frames/frames.egg-info to /home/artc/UR_Grasp_Driver/yc_ws/install/frames/lib/python3.10/site-packages/frames-0.0.1-py3.10.egg-info
[2.600s] running install_scripts
[2.637s] Installing camera_controller script to /home/artc/UR_Grasp_Driver/yc_ws/install/frames/bin
[2.637s] Installing grasp_detector script to /home/artc/UR_Grasp_Driver/yc_ws/install/frames/bin
[2.638s] Installing grasp_pose_transformer script to /home/artc/UR_Grasp_Driver/yc_ws/install/frames/bin
[2.638s] Installing gripper_controller script to /home/artc/UR_Grasp_Driver/yc_ws/install/frames/bin
[2.638s] Installing myframe script to /home/artc/UR_Grasp_Driver/yc_ws/install/frames/bin
[2.638s] Installing robot_grasp_coordinator script to /home/artc/UR_Grasp_Driver/yc_ws/install/frames/bin
[2.639s] writing list of installed files to '/home/artc/UR_Grasp_Driver/yc_ws/build/frames/install.log'
[2.728s] Invoked command in '/home/artc/UR_Grasp_Driver/yc_ws/src/frames' returned '0': CONDA_PROMPT_MODIFIER=(ros2_any) PYTHONPATH=/home/artc/UR_Grasp_Driver/yc_ws/build/frames/prefix_override:/usr/lib/python3/dist-packages/colcon_core/task/python/colcon_distutils_commands:/home/artc/UR_Grasp_Driver/yc_ws/install/frames/lib/python3.10/site-packages:${PYTHONPATH} /usr/bin/python3 -W ignore:setup.py install is deprecated setup.py egg_info --egg-base ../../build/frames build --build-base /home/artc/UR_Grasp_Driver/yc_ws/build/frames/build install --record /home/artc/UR_Grasp_Driver/yc_ws/build/frames/install.log --single-version-externally-managed install_data
