[1.159s] Invoking command in '/home/artc/UR_Grasp_Driver/yc_ws/build/ur_calibration': CMAKE_PREFIX_PATH=${CMAKE_PREFIX_PATH}:/home/artc/abdo_ws/install/robotiq_driver:/home/artc/abdo_ws/install/my_libs:/home/artc/abdo_ws/install/anygrasp:/opt/ros/humble CONDA_PROMPT_MODIFIER=(ros2_any) /home/artc/miniconda3/envs/ros2_any/bin/cmake /home/artc/UR_Grasp_Driver/yc_ws/src/ur_calibration -DCMAKE_INSTALL_PREFIX=/home/artc/UR_Grasp_Driver/yc_ws/install/ur_calibration
[1.236s] -- The C compiler identification is GNU 11.4.0
[1.451s] -- The CXX compiler identification is GNU 11.4.0
[1.475s] -- Detecting C compiler ABI info
[1.716s] -- Detecting C compiler ABI info - done
[1.736s] -- Check for working C compiler: /usr/bin/cc - skipped
[1.737s] -- Detecting C compile features
[1.740s] -- Detecting C compile features - done
[1.752s] -- Detecting CXX compiler ABI info
[1.900s] -- Detecting CXX compiler ABI info - done
[1.917s] -- Check for working CXX compiler: /usr/bin/c++ - skipped
[1.918s] -- Detecting CXX compile features
[1.918s] -- Detecting CXX compile features - done
[1.919s] [0mur_calibration: You did not request a specific build type: selecting 'RelWithDebInfo'.[0m
[1.946s] -- Found ament_cmake: 1.3.10 (/opt/ros/humble/share/ament_cmake/cmake)
[2.694s] -- Found Python3: /home/artc/miniconda3/envs/ros2_any/bin/python3 (found version "3.10.14") found components: Interpreter 
[2.880s] -- Found rclcpp: 16.0.10 (/opt/ros/humble/share/rclcpp/cmake)
[3.035s] -- Found rosidl_generator_c: 3.1.5 (/opt/ros/humble/share/rosidl_generator_c/cmake)
[3.053s] -- Found rosidl_adapter: 3.1.5 (/opt/ros/humble/share/rosidl_adapter/cmake)
[3.122s] -- Found rosidl_generator_cpp: 3.1.5 (/opt/ros/humble/share/rosidl_generator_cpp/cmake)
[3.289s] -- Using all available rosidl_typesupport_c: rosidl_typesupport_fastrtps_c;rosidl_typesupport_introspection_c
[3.466s] -- Using all available rosidl_typesupport_cpp: rosidl_typesupport_fastrtps_cpp;rosidl_typesupport_introspection_cpp
[3.743s] -- Found rmw_implementation_cmake: 6.1.2 (/opt/ros/humble/share/rmw_implementation_cmake/cmake)
[3.760s] -- Found rmw_fastrtps_cpp: 6.2.7 (/opt/ros/humble/share/rmw_fastrtps_cpp/cmake)
[4.011s] -- Found OpenSSL: /usr/lib/x86_64-linux-gnu/libcrypto.so (found version "3.0.2")  
[4.062s] -- Found FastRTPS: /opt/ros/humble/include  
[4.159s] -- Using RMW implementation 'rmw_fastrtps_cpp' as default
[4.193s] -- Performing Test CMAKE_HAVE_LIBC_PTHREAD
[4.329s] -- Performing Test CMAKE_HAVE_LIBC_PTHREAD - Success
[4.330s] -- Found Threads: TRUE  
[4.469s] -- Found ur_robot_driver: 2.2.15 (/opt/ros/humble/share/ur_robot_driver/cmake)
[4.961s] -- Found eigen3_cmake_module: 0.1.1 (/opt/ros/humble/share/eigen3_cmake_module/cmake)
[4.964s] -- Found Eigen3: TRUE (found version "3.4.0") 
[4.964s] -- Ensuring Eigen3 include directory is part of orocos-kdl CMake target
[5.423s] -- Configuring done (4.3s)
[5.622s] -- Generating done (0.2s)
[5.624s] -- Build files have been written to: /home/artc/UR_Grasp_Driver/yc_ws/build/ur_calibration
[5.642s] Invoked command in '/home/artc/UR_Grasp_Driver/yc_ws/build/ur_calibration' returned '0': CMAKE_PREFIX_PATH=${CMAKE_PREFIX_PATH}:/home/artc/abdo_ws/install/robotiq_driver:/home/artc/abdo_ws/install/my_libs:/home/artc/abdo_ws/install/anygrasp:/opt/ros/humble CONDA_PROMPT_MODIFIER=(ros2_any) /home/artc/miniconda3/envs/ros2_any/bin/cmake /home/artc/UR_Grasp_Driver/yc_ws/src/ur_calibration -DCMAKE_INSTALL_PREFIX=/home/artc/UR_Grasp_Driver/yc_ws/install/ur_calibration
[5.644s] Invoking command in '/home/artc/UR_Grasp_Driver/yc_ws/build/ur_calibration': CMAKE_PREFIX_PATH=${CMAKE_PREFIX_PATH}:/home/artc/abdo_ws/install/robotiq_driver:/home/artc/abdo_ws/install/my_libs:/home/artc/abdo_ws/install/anygrasp:/opt/ros/humble CONDA_PROMPT_MODIFIER=(ros2_any) /home/artc/miniconda3/envs/ros2_any/bin/cmake --build /home/artc/UR_Grasp_Driver/yc_ws/build/ur_calibration -- -j8 -l8
[5.688s] [ 40%] [32mBuilding CXX object CMakeFiles/calibration.dir/src/calibration.cpp.o[0m
[5.688s] [ 40%] [32mBuilding CXX object CMakeFiles/calibration.dir/src/calibration_consumer.cpp.o[0m
[16.427s] [ 60%] [32m[1mLinking CXX static library libcalibration.a[0m
[16.568s] [ 60%] Built target calibration
[16.587s] [ 80%] [32mBuilding CXX object CMakeFiles/calibration_correction.dir/src/calibration_correction.cpp.o[0m
[24.183s] [100%] [32m[1mLinking CXX executable calibration_correction[0m
[24.528s] [100%] Built target calibration_correction
[24.537s] Invoked command in '/home/artc/UR_Grasp_Driver/yc_ws/build/ur_calibration' returned '0': CMAKE_PREFIX_PATH=${CMAKE_PREFIX_PATH}:/home/artc/abdo_ws/install/robotiq_driver:/home/artc/abdo_ws/install/my_libs:/home/artc/abdo_ws/install/anygrasp:/opt/ros/humble CONDA_PROMPT_MODIFIER=(ros2_any) /home/artc/miniconda3/envs/ros2_any/bin/cmake --build /home/artc/UR_Grasp_Driver/yc_ws/build/ur_calibration -- -j8 -l8
[24.574s] Invoking command in '/home/artc/UR_Grasp_Driver/yc_ws/build/ur_calibration': CMAKE_PREFIX_PATH=${CMAKE_PREFIX_PATH}:/home/artc/abdo_ws/install/robotiq_driver:/home/artc/abdo_ws/install/my_libs:/home/artc/abdo_ws/install/anygrasp:/opt/ros/humble CONDA_PROMPT_MODIFIER=(ros2_any) /home/artc/miniconda3/envs/ros2_any/bin/cmake --install /home/artc/UR_Grasp_Driver/yc_ws/build/ur_calibration
[24.580s] -- Install configuration: "RelWithDebInfo"
[24.580s] -- Installing: /home/artc/UR_Grasp_Driver/yc_ws/install/ur_calibration/lib/ur_calibration/calibration_correction
[24.588s] -- Set runtime path of "/home/artc/UR_Grasp_Driver/yc_ws/install/ur_calibration/lib/ur_calibration/calibration_correction" to ""
[24.588s] -- Installing: /home/artc/UR_Grasp_Driver/yc_ws/install/ur_calibration/include
[24.588s] -- Installing: /home/artc/UR_Grasp_Driver/yc_ws/install/ur_calibration/include/ur_calibration
[24.589s] -- Installing: /home/artc/UR_Grasp_Driver/yc_ws/install/ur_calibration/include/ur_calibration/calibration.hpp
[24.589s] -- Installing: /home/artc/UR_Grasp_Driver/yc_ws/install/ur_calibration/include/ur_calibration/calibration_consumer.hpp
[24.589s] -- Installing: /home/artc/UR_Grasp_Driver/yc_ws/install/ur_calibration/share/ur_calibration/launch
[24.589s] -- Installing: /home/artc/UR_Grasp_Driver/yc_ws/install/ur_calibration/share/ur_calibration/launch/calibration_correction.launch.py
[24.589s] -- Installing: /home/artc/UR_Grasp_Driver/yc_ws/install/ur_calibration/share/ament_index/resource_index/package_run_dependencies/ur_calibration
[24.589s] -- Installing: /home/artc/UR_Grasp_Driver/yc_ws/install/ur_calibration/share/ament_index/resource_index/parent_prefix_path/ur_calibration
[24.589s] -- Installing: /home/artc/UR_Grasp_Driver/yc_ws/install/ur_calibration/share/ur_calibration/environment/ament_prefix_path.sh
[24.590s] -- Installing: /home/artc/UR_Grasp_Driver/yc_ws/install/ur_calibration/share/ur_calibration/environment/ament_prefix_path.dsv
[24.590s] -- Installing: /home/artc/UR_Grasp_Driver/yc_ws/install/ur_calibration/share/ur_calibration/environment/path.sh
[24.590s] -- Installing: /home/artc/UR_Grasp_Driver/yc_ws/install/ur_calibration/share/ur_calibration/environment/path.dsv
[24.590s] -- Installing: /home/artc/UR_Grasp_Driver/yc_ws/install/ur_calibration/share/ur_calibration/local_setup.bash
[24.590s] -- Installing: /home/artc/UR_Grasp_Driver/yc_ws/install/ur_calibration/share/ur_calibration/local_setup.sh
[24.590s] -- Installing: /home/artc/UR_Grasp_Driver/yc_ws/install/ur_calibration/share/ur_calibration/local_setup.zsh
[24.590s] -- Installing: /home/artc/UR_Grasp_Driver/yc_ws/install/ur_calibration/share/ur_calibration/local_setup.dsv
[24.591s] -- Installing: /home/artc/UR_Grasp_Driver/yc_ws/install/ur_calibration/share/ur_calibration/package.dsv
[24.591s] -- Installing: /home/artc/UR_Grasp_Driver/yc_ws/install/ur_calibration/share/ament_index/resource_index/packages/ur_calibration
[24.591s] -- Installing: /home/artc/UR_Grasp_Driver/yc_ws/install/ur_calibration/share/ur_calibration/cmake/ament_cmake_export_include_directories-extras.cmake
[24.591s] -- Installing: /home/artc/UR_Grasp_Driver/yc_ws/install/ur_calibration/share/ur_calibration/cmake/ament_cmake_export_dependencies-extras.cmake
[24.591s] -- Installing: /home/artc/UR_Grasp_Driver/yc_ws/install/ur_calibration/share/ur_calibration/cmake/ur_calibrationConfig.cmake
[24.592s] -- Installing: /home/artc/UR_Grasp_Driver/yc_ws/install/ur_calibration/share/ur_calibration/cmake/ur_calibrationConfig-version.cmake
[24.592s] -- Installing: /home/artc/UR_Grasp_Driver/yc_ws/install/ur_calibration/share/ur_calibration/package.xml
[24.593s] Invoked command in '/home/artc/UR_Grasp_Driver/yc_ws/build/ur_calibration' returned '0': CMAKE_PREFIX_PATH=${CMAKE_PREFIX_PATH}:/home/artc/abdo_ws/install/robotiq_driver:/home/artc/abdo_ws/install/my_libs:/home/artc/abdo_ws/install/anygrasp:/opt/ros/humble CONDA_PROMPT_MODIFIER=(ros2_any) /home/artc/miniconda3/envs/ros2_any/bin/cmake --install /home/artc/UR_Grasp_Driver/yc_ws/build/ur_calibration
