[0.012s] Invoking command in '/home/artc/UR_Grasp_Driver/yc_ws/build/ur_simulation_gazebo': AMENT_PREFIX_PATH=/home/artc/UR_Grasp_Driver/yc_ws/install/my_ur_driver:${AMENT_PREFIX_PATH} CMAKE_PREFIX_PATH=/home/artc/UR_Grasp_Driver/yc_ws/install/my_ur_driver:/home/artc/abdo_ws/install/ur_calibration:/home/artc/abdo_ws/install/robotiq_hardware_tests:/home/artc/abdo_ws/install/serial:/home/artc/abdo_ws/install/robotiq_description:/home/artc/abdo_ws/install/robotiq_controllers:/home/artc/abdo_ws/install/pilz_industrial_motion_planner_testutils:/home/artc/abdo_ws/install/my_ur_driver:/home/artc/abdo_ws/install/my_pkg:/home/artc/abdo_ws/install/my_custom_interfaces:/usr/local:/home/artc/abdo_ws/install/robotiq_driver:/home/artc/abdo_ws/install/my_libs:/home/artc/abdo_ws/install/anygrasp:/opt/ros/humble CONDA_PROMPT_MODIFIER=(ros2_any) /home/artc/miniconda3/envs/ros2_any/bin/cmake /home/artc/UR_Grasp_Driver/yc_ws/src/ur_simulation_gazebo -DCMAKE_INSTALL_PREFIX=/home/artc/UR_Grasp_Driver/yc_ws/install/ur_simulation_gazebo
[0.075s] -- The C compiler identification is GNU 11.4.0
[0.143s] -- The CXX compiler identification is GNU 11.4.0
[0.154s] -- Detecting C compiler ABI info
[0.239s] -- Detecting C compiler ABI info - done
[0.259s] -- Check for working C compiler: /usr/bin/cc - skipped
[0.259s] -- Detecting C compile features
[0.260s] -- Detecting C compile features - done
[0.265s] -- Detecting CXX compiler ABI info
[0.363s] -- Detecting CXX compiler ABI info - done
[0.376s] -- Check for working CXX compiler: /usr/bin/c++ - skipped
[0.376s] -- Detecting CXX compile features
[0.377s] -- Detecting CXX compile features - done
[0.382s] -- Found ament_cmake: 1.3.10 (/opt/ros/humble/share/ament_cmake/cmake)
[0.824s] -- Found Python3: /home/artc/miniconda3/envs/ros2_any/bin/python3 (found version "3.10.14") found components: Interpreter 
[0.965s] -- Found launch_testing_ament_cmake: 1.0.6 (/opt/ros/humble/share/launch_testing_ament_cmake/cmake)
[0.971s] -- Found python_cmake_module: 0.10.0 (/opt/ros/humble/share/python_cmake_module/cmake)
[0.993s] -- Found PythonInterp: /home/artc/miniconda3/envs/ros2_any/bin/python3 (found suitable version "3.10.14", minimum required is "3.6") 
[1.000s] -- Found PythonLibs: /home/artc/miniconda3/envs/ros2_any/lib/libpython3.10.so (found suitable version "3.10.14", minimum required is "3.5") 
[1.000s] -- Using PYTHON_EXECUTABLE: /home/artc/miniconda3/envs/ros2_any/bin/python3
[1.000s] -- Using PYTHON_INCLUDE_DIRS: /home/artc/miniconda3/envs/ros2_any/include/python3.10
[1.000s] -- Using PYTHON_LIBRARIES: /home/artc/miniconda3/envs/ros2_any/lib/libpython3.10.so
[1.022s] -- Found PythonExtra: .so  
[1.030s] -- Found ament_cmake_pytest: 1.3.10 (/opt/ros/humble/share/ament_cmake_pytest/cmake)
[1.150s] -- Configuring done (1.1s)
[1.156s] -- Generating done (0.0s)
[1.157s] -- Build files have been written to: /home/artc/UR_Grasp_Driver/yc_ws/build/ur_simulation_gazebo
[1.164s] Invoked command in '/home/artc/UR_Grasp_Driver/yc_ws/build/ur_simulation_gazebo' returned '0': AMENT_PREFIX_PATH=/home/artc/UR_Grasp_Driver/yc_ws/install/my_ur_driver:${AMENT_PREFIX_PATH} CMAKE_PREFIX_PATH=/home/artc/UR_Grasp_Driver/yc_ws/install/my_ur_driver:/home/artc/abdo_ws/install/ur_calibration:/home/artc/abdo_ws/install/robotiq_hardware_tests:/home/artc/abdo_ws/install/serial:/home/artc/abdo_ws/install/robotiq_description:/home/artc/abdo_ws/install/robotiq_controllers:/home/artc/abdo_ws/install/pilz_industrial_motion_planner_testutils:/home/artc/abdo_ws/install/my_ur_driver:/home/artc/abdo_ws/install/my_pkg:/home/artc/abdo_ws/install/my_custom_interfaces:/usr/local:/home/artc/abdo_ws/install/robotiq_driver:/home/artc/abdo_ws/install/my_libs:/home/artc/abdo_ws/install/anygrasp:/opt/ros/humble CONDA_PROMPT_MODIFIER=(ros2_any) /home/artc/miniconda3/envs/ros2_any/bin/cmake /home/artc/UR_Grasp_Driver/yc_ws/src/ur_simulation_gazebo -DCMAKE_INSTALL_PREFIX=/home/artc/UR_Grasp_Driver/yc_ws/install/ur_simulation_gazebo
[1.166s] Invoking command in '/home/artc/UR_Grasp_Driver/yc_ws/build/ur_simulation_gazebo': AMENT_PREFIX_PATH=/home/artc/UR_Grasp_Driver/yc_ws/install/my_ur_driver:${AMENT_PREFIX_PATH} CMAKE_PREFIX_PATH=/home/artc/UR_Grasp_Driver/yc_ws/install/my_ur_driver:/home/artc/abdo_ws/install/ur_calibration:/home/artc/abdo_ws/install/robotiq_hardware_tests:/home/artc/abdo_ws/install/serial:/home/artc/abdo_ws/install/robotiq_description:/home/artc/abdo_ws/install/robotiq_controllers:/home/artc/abdo_ws/install/pilz_industrial_motion_planner_testutils:/home/artc/abdo_ws/install/my_ur_driver:/home/artc/abdo_ws/install/my_pkg:/home/artc/abdo_ws/install/my_custom_interfaces:/usr/local:/home/artc/abdo_ws/install/robotiq_driver:/home/artc/abdo_ws/install/my_libs:/home/artc/abdo_ws/install/anygrasp:/opt/ros/humble CONDA_PROMPT_MODIFIER=(ros2_any) /home/artc/miniconda3/envs/ros2_any/bin/cmake --build /home/artc/UR_Grasp_Driver/yc_ws/build/ur_simulation_gazebo -- -j8 -l8
[1.197s] Invoked command in '/home/artc/UR_Grasp_Driver/yc_ws/build/ur_simulation_gazebo' returned '0': AMENT_PREFIX_PATH=/home/artc/UR_Grasp_Driver/yc_ws/install/my_ur_driver:${AMENT_PREFIX_PATH} CMAKE_PREFIX_PATH=/home/artc/UR_Grasp_Driver/yc_ws/install/my_ur_driver:/home/artc/abdo_ws/install/ur_calibration:/home/artc/abdo_ws/install/robotiq_hardware_tests:/home/artc/abdo_ws/install/serial:/home/artc/abdo_ws/install/robotiq_description:/home/artc/abdo_ws/install/robotiq_controllers:/home/artc/abdo_ws/install/pilz_industrial_motion_planner_testutils:/home/artc/abdo_ws/install/my_ur_driver:/home/artc/abdo_ws/install/my_pkg:/home/artc/abdo_ws/install/my_custom_interfaces:/usr/local:/home/artc/abdo_ws/install/robotiq_driver:/home/artc/abdo_ws/install/my_libs:/home/artc/abdo_ws/install/anygrasp:/opt/ros/humble CONDA_PROMPT_MODIFIER=(ros2_any) /home/artc/miniconda3/envs/ros2_any/bin/cmake --build /home/artc/UR_Grasp_Driver/yc_ws/build/ur_simulation_gazebo -- -j8 -l8
[1.223s] Invoking command in '/home/artc/UR_Grasp_Driver/yc_ws/build/ur_simulation_gazebo': AMENT_PREFIX_PATH=/home/artc/UR_Grasp_Driver/yc_ws/install/my_ur_driver:${AMENT_PREFIX_PATH} CMAKE_PREFIX_PATH=/home/artc/UR_Grasp_Driver/yc_ws/install/my_ur_driver:/home/artc/abdo_ws/install/ur_calibration:/home/artc/abdo_ws/install/robotiq_hardware_tests:/home/artc/abdo_ws/install/serial:/home/artc/abdo_ws/install/robotiq_description:/home/artc/abdo_ws/install/robotiq_controllers:/home/artc/abdo_ws/install/pilz_industrial_motion_planner_testutils:/home/artc/abdo_ws/install/my_ur_driver:/home/artc/abdo_ws/install/my_pkg:/home/artc/abdo_ws/install/my_custom_interfaces:/usr/local:/home/artc/abdo_ws/install/robotiq_driver:/home/artc/abdo_ws/install/my_libs:/home/artc/abdo_ws/install/anygrasp:/opt/ros/humble CONDA_PROMPT_MODIFIER=(ros2_any) /home/artc/miniconda3/envs/ros2_any/bin/cmake --install /home/artc/UR_Grasp_Driver/yc_ws/build/ur_simulation_gazebo
[1.229s] -- Install configuration: ""
[1.229s] -- Installing: /home/artc/UR_Grasp_Driver/yc_ws/install/ur_simulation_gazebo/share/ur_simulation_gazebo/config
[1.229s] -- Installing: /home/artc/UR_Grasp_Driver/yc_ws/install/ur_simulation_gazebo/share/ur_simulation_gazebo/config/ur_controllers.yaml
[1.230s] -- Installing: /home/artc/UR_Grasp_Driver/yc_ws/install/ur_simulation_gazebo/share/ur_simulation_gazebo/config/ur_controllers_with_gripper.yaml
[1.230s] -- Installing: /home/artc/UR_Grasp_Driver/yc_ws/install/ur_simulation_gazebo/share/ur_simulation_gazebo/config/gazebo_ros2_control.yaml
[1.230s] -- Installing: /home/artc/UR_Grasp_Driver/yc_ws/install/ur_simulation_gazebo/share/ur_simulation_gazebo/launch
[1.230s] -- Installing: /home/artc/UR_Grasp_Driver/yc_ws/install/ur_simulation_gazebo/share/ur_simulation_gazebo/launch/ur_sim_moveit.launch.py
[1.230s] -- Installing: /home/artc/UR_Grasp_Driver/yc_ws/install/ur_simulation_gazebo/share/ur_simulation_gazebo/launch/ur_sim_control.launch.py
[1.230s] -- Up-to-date: /home/artc/UR_Grasp_Driver/yc_ws/install/ur_simulation_gazebo/share/ur_simulation_gazebo/launch
[1.230s] -- Up-to-date: /home/artc/UR_Grasp_Driver/yc_ws/install/ur_simulation_gazebo/share/ur_simulation_gazebo/launch/ur_sim_moveit.launch.py
[1.230s] -- Up-to-date: /home/artc/UR_Grasp_Driver/yc_ws/install/ur_simulation_gazebo/share/ur_simulation_gazebo/launch/ur_sim_control.launch.py
[1.231s] -- Up-to-date: /home/artc/UR_Grasp_Driver/yc_ws/install/ur_simulation_gazebo/share/ur_simulation_gazebo/config
[1.231s] -- Up-to-date: /home/artc/UR_Grasp_Driver/yc_ws/install/ur_simulation_gazebo/share/ur_simulation_gazebo/config/ur_controllers.yaml
[1.231s] -- Up-to-date: /home/artc/UR_Grasp_Driver/yc_ws/install/ur_simulation_gazebo/share/ur_simulation_gazebo/config/ur_controllers_with_gripper.yaml
[1.231s] -- Up-to-date: /home/artc/UR_Grasp_Driver/yc_ws/install/ur_simulation_gazebo/share/ur_simulation_gazebo/config/gazebo_ros2_control.yaml
[1.231s] -- Installing: /home/artc/UR_Grasp_Driver/yc_ws/install/ur_simulation_gazebo/share/ur_simulation_gazebo/worlds
[1.231s] -- Installing: /home/artc/UR_Grasp_Driver/yc_ws/install/ur_simulation_gazebo/share/ur_simulation_gazebo/worlds/ur_empty.world
[1.231s] -- Installing: /home/artc/UR_Grasp_Driver/yc_ws/install/ur_simulation_gazebo/share/ament_index/resource_index/package_run_dependencies/ur_simulation_gazebo
[1.231s] -- Installing: /home/artc/UR_Grasp_Driver/yc_ws/install/ur_simulation_gazebo/share/ament_index/resource_index/parent_prefix_path/ur_simulation_gazebo
[1.232s] -- Installing: /home/artc/UR_Grasp_Driver/yc_ws/install/ur_simulation_gazebo/share/ur_simulation_gazebo/environment/ament_prefix_path.sh
[1.232s] -- Installing: /home/artc/UR_Grasp_Driver/yc_ws/install/ur_simulation_gazebo/share/ur_simulation_gazebo/environment/ament_prefix_path.dsv
[1.232s] -- Installing: /home/artc/UR_Grasp_Driver/yc_ws/install/ur_simulation_gazebo/share/ur_simulation_gazebo/environment/path.sh
[1.232s] -- Installing: /home/artc/UR_Grasp_Driver/yc_ws/install/ur_simulation_gazebo/share/ur_simulation_gazebo/environment/path.dsv
[1.232s] -- Installing: /home/artc/UR_Grasp_Driver/yc_ws/install/ur_simulation_gazebo/share/ur_simulation_gazebo/local_setup.bash
[1.232s] -- Installing: /home/artc/UR_Grasp_Driver/yc_ws/install/ur_simulation_gazebo/share/ur_simulation_gazebo/local_setup.sh
[1.232s] -- Installing: /home/artc/UR_Grasp_Driver/yc_ws/install/ur_simulation_gazebo/share/ur_simulation_gazebo/local_setup.zsh
[1.233s] -- Installing: /home/artc/UR_Grasp_Driver/yc_ws/install/ur_simulation_gazebo/share/ur_simulation_gazebo/local_setup.dsv
[1.233s] -- Installing: /home/artc/UR_Grasp_Driver/yc_ws/install/ur_simulation_gazebo/share/ur_simulation_gazebo/package.dsv
[1.233s] -- Installing: /home/artc/UR_Grasp_Driver/yc_ws/install/ur_simulation_gazebo/share/ament_index/resource_index/packages/ur_simulation_gazebo
[1.233s] -- Installing: /home/artc/UR_Grasp_Driver/yc_ws/install/ur_simulation_gazebo/share/ur_simulation_gazebo/cmake/ur_simulation_gazeboConfig.cmake
[1.233s] -- Installing: /home/artc/UR_Grasp_Driver/yc_ws/install/ur_simulation_gazebo/share/ur_simulation_gazebo/cmake/ur_simulation_gazeboConfig-version.cmake
[1.233s] -- Installing: /home/artc/UR_Grasp_Driver/yc_ws/install/ur_simulation_gazebo/share/ur_simulation_gazebo/package.xml
[1.235s] Invoked command in '/home/artc/UR_Grasp_Driver/yc_ws/build/ur_simulation_gazebo' returned '0': AMENT_PREFIX_PATH=/home/artc/UR_Grasp_Driver/yc_ws/install/my_ur_driver:${AMENT_PREFIX_PATH} CMAKE_PREFIX_PATH=/home/artc/UR_Grasp_Driver/yc_ws/install/my_ur_driver:/home/artc/abdo_ws/install/ur_calibration:/home/artc/abdo_ws/install/robotiq_hardware_tests:/home/artc/abdo_ws/install/serial:/home/artc/abdo_ws/install/robotiq_description:/home/artc/abdo_ws/install/robotiq_controllers:/home/artc/abdo_ws/install/pilz_industrial_motion_planner_testutils:/home/artc/abdo_ws/install/my_ur_driver:/home/artc/abdo_ws/install/my_pkg:/home/artc/abdo_ws/install/my_custom_interfaces:/usr/local:/home/artc/abdo_ws/install/robotiq_driver:/home/artc/abdo_ws/install/my_libs:/home/artc/abdo_ws/install/anygrasp:/opt/ros/humble CONDA_PROMPT_MODIFIER=(ros2_any) /home/artc/miniconda3/envs/ros2_any/bin/cmake --install /home/artc/UR_Grasp_Driver/yc_ws/build/ur_simulation_gazebo
