running egg_info
creating ../../build/diffusion/diffusion.egg-info
writing ../../build/diffusion/diffusion.egg-info/PKG-INFO
writing dependency_links to ../../build/diffusion/diffusion.egg-info/dependency_links.txt
writing entry points to ../../build/diffusion/diffusion.egg-info/entry_points.txt
writing requirements to ../../build/diffusion/diffusion.egg-info/requires.txt
writing top-level names to ../../build/diffusion/diffusion.egg-info/top_level.txt
writing manifest file '../../build/diffusion/diffusion.egg-info/SOURCES.txt'
reading manifest file '../../build/diffusion/diffusion.egg-info/SOURCES.txt'
writing manifest file '../../build/diffusion/diffusion.egg-info/SOURCES.txt'
running build
running build_py
creating /home/artc/UR_Grasp_Driver/yc_ws/build/diffusion/build
creating /home/artc/UR_Grasp_Driver/yc_ws/build/diffusion/build/lib
creating /home/artc/UR_Grasp_Driver/yc_ws/build/diffusion/build/lib/diffusion
copying diffusion/__init__.py -> /home/artc/UR_Grasp_Driver/yc_ws/build/diffusion/build/lib/diffusion
copying diffusion/load_numpy.py -> /home/artc/UR_Grasp_Driver/yc_ws/build/diffusion/build/lib/diffusion
copying diffusion/pre_pointcloud.py -> /home/artc/UR_Grasp_Driver/yc_ws/build/diffusion/build/lib/diffusion
copying diffusion/rrt_star_path.py -> /home/artc/UR_Grasp_Driver/yc_ws/build/diffusion/build/lib/diffusion
copying diffusion/record_numpy.py -> /home/artc/UR_Grasp_Driver/yc_ws/build/diffusion/build/lib/diffusion
copying diffusion/rrt_path.py -> /home/artc/UR_Grasp_Driver/yc_ws/build/diffusion/build/lib/diffusion
copying diffusion/6d_rrt_star.py -> /home/artc/UR_Grasp_Driver/yc_ws/build/diffusion/build/lib/diffusion
running install
running install_lib
creating /home/artc/UR_Grasp_Driver/yc_ws/install/diffusion/lib/python3.10/site-packages/diffusion
copying /home/artc/UR_Grasp_Driver/yc_ws/build/diffusion/build/lib/diffusion/__init__.py -> /home/artc/UR_Grasp_Driver/yc_ws/install/diffusion/lib/python3.10/site-packages/diffusion
copying /home/artc/UR_Grasp_Driver/yc_ws/build/diffusion/build/lib/diffusion/load_numpy.py -> /home/artc/UR_Grasp_Driver/yc_ws/install/diffusion/lib/python3.10/site-packages/diffusion
copying /home/artc/UR_Grasp_Driver/yc_ws/build/diffusion/build/lib/diffusion/pre_pointcloud.py -> /home/artc/UR_Grasp_Driver/yc_ws/install/diffusion/lib/python3.10/site-packages/diffusion
copying /home/artc/UR_Grasp_Driver/yc_ws/build/diffusion/build/lib/diffusion/rrt_star_path.py -> /home/artc/UR_Grasp_Driver/yc_ws/install/diffusion/lib/python3.10/site-packages/diffusion
copying /home/artc/UR_Grasp_Driver/yc_ws/build/diffusion/build/lib/diffusion/record_numpy.py -> /home/artc/UR_Grasp_Driver/yc_ws/install/diffusion/lib/python3.10/site-packages/diffusion
copying /home/artc/UR_Grasp_Driver/yc_ws/build/diffusion/build/lib/diffusion/rrt_path.py -> /home/artc/UR_Grasp_Driver/yc_ws/install/diffusion/lib/python3.10/site-packages/diffusion
copying /home/artc/UR_Grasp_Driver/yc_ws/build/diffusion/build/lib/diffusion/6d_rrt_star.py -> /home/artc/UR_Grasp_Driver/yc_ws/install/diffusion/lib/python3.10/site-packages/diffusion
byte-compiling /home/artc/UR_Grasp_Driver/yc_ws/install/diffusion/lib/python3.10/site-packages/diffusion/__init__.py to __init__.cpython-310.pyc
byte-compiling /home/artc/UR_Grasp_Driver/yc_ws/install/diffusion/lib/python3.10/site-packages/diffusion/load_numpy.py to load_numpy.cpython-310.pyc
byte-compiling /home/artc/UR_Grasp_Driver/yc_ws/install/diffusion/lib/python3.10/site-packages/diffusion/pre_pointcloud.py to pre_pointcloud.cpython-310.pyc
byte-compiling /home/artc/UR_Grasp_Driver/yc_ws/install/diffusion/lib/python3.10/site-packages/diffusion/rrt_star_path.py to rrt_star_path.cpython-310.pyc
byte-compiling /home/artc/UR_Grasp_Driver/yc_ws/install/diffusion/lib/python3.10/site-packages/diffusion/record_numpy.py to record_numpy.cpython-310.pyc
byte-compiling /home/artc/UR_Grasp_Driver/yc_ws/install/diffusion/lib/python3.10/site-packages/diffusion/rrt_path.py to rrt_path.cpython-310.pyc
byte-compiling /home/artc/UR_Grasp_Driver/yc_ws/install/diffusion/lib/python3.10/site-packages/diffusion/6d_rrt_star.py to 6d_rrt_star.cpython-310.pyc
running install_data
creating /home/artc/UR_Grasp_Driver/yc_ws/install/diffusion/share/ament_index
creating /home/artc/UR_Grasp_Driver/yc_ws/install/diffusion/share/ament_index/resource_index
creating /home/artc/UR_Grasp_Driver/yc_ws/install/diffusion/share/ament_index/resource_index/packages
copying resource/diffusion -> /home/artc/UR_Grasp_Driver/yc_ws/install/diffusion/share/ament_index/resource_index/packages
copying package.xml -> /home/artc/UR_Grasp_Driver/yc_ws/install/diffusion/share/diffusion
creating /home/artc/UR_Grasp_Driver/yc_ws/install/diffusion/share/diffusion/launch
running install_egg_info
Copying ../../build/diffusion/diffusion.egg-info to /home/artc/UR_Grasp_Driver/yc_ws/install/diffusion/lib/python3.10/site-packages/diffusion-0.0.0-py3.10.egg-info
running install_scripts
Installing 6d_rrt_star script to /home/artc/UR_Grasp_Driver/yc_ws/install/diffusion/lib/diffusion
Installing load_numpy script to /home/artc/UR_Grasp_Driver/yc_ws/install/diffusion/lib/diffusion
Installing pre_pointcloud script to /home/artc/UR_Grasp_Driver/yc_ws/install/diffusion/lib/diffusion
Installing record_numpy script to /home/artc/UR_Grasp_Driver/yc_ws/install/diffusion/lib/diffusion
Installing rrt_path script to /home/artc/UR_Grasp_Driver/yc_ws/install/diffusion/lib/diffusion
Installing rrt_star_path script to /home/artc/UR_Grasp_Driver/yc_ws/install/diffusion/lib/diffusion
writing list of installed files to '/home/artc/UR_Grasp_Driver/yc_ws/build/diffusion/install.log'
