/home/artc/UR_Grasp_Driver/yc_ws/install/frames/lib/python3.10/site-packages/frames/__init__.py
/home/artc/UR_Grasp_Driver/yc_ws/install/frames/lib/python3.10/site-packages/frames/camera_controller.py
/home/artc/UR_Grasp_Driver/yc_ws/install/frames/lib/python3.10/site-packages/frames/gripper_controller.py
/home/artc/UR_Grasp_Driver/yc_ws/install/frames/lib/python3.10/site-packages/frames/grasp_pose_transformer.py
/home/artc/UR_Grasp_Driver/yc_ws/install/frames/lib/python3.10/site-packages/frames/grasp_detector.py
/home/artc/UR_Grasp_Driver/yc_ws/install/frames/lib/python3.10/site-packages/frames/myframe.py
/home/artc/UR_Grasp_Driver/yc_ws/install/frames/lib/python3.10/site-packages/frames/robot_grasp_coordinator.py
/home/artc/UR_Grasp_Driver/yc_ws/install/frames/lib/python3.10/site-packages/frames/__pycache__/__init__.cpython-310.pyc
/home/artc/UR_Grasp_Driver/yc_ws/install/frames/lib/python3.10/site-packages/frames/__pycache__/camera_controller.cpython-310.pyc
/home/artc/UR_Grasp_Driver/yc_ws/install/frames/lib/python3.10/site-packages/frames/__pycache__/gripper_controller.cpython-310.pyc
/home/artc/UR_Grasp_Driver/yc_ws/install/frames/lib/python3.10/site-packages/frames/__pycache__/grasp_pose_transformer.cpython-310.pyc
/home/artc/UR_Grasp_Driver/yc_ws/install/frames/lib/python3.10/site-packages/frames/__pycache__/grasp_detector.cpython-310.pyc
/home/artc/UR_Grasp_Driver/yc_ws/install/frames/lib/python3.10/site-packages/frames/__pycache__/myframe.cpython-310.pyc
/home/artc/UR_Grasp_Driver/yc_ws/install/frames/lib/python3.10/site-packages/frames/__pycache__/robot_grasp_coordinator.cpython-310.pyc
/home/artc/UR_Grasp_Driver/yc_ws/install/frames/share/ament_index/resource_index/packages/frames
/home/artc/UR_Grasp_Driver/yc_ws/install/frames/share/frames/package.xml
/home/artc/UR_Grasp_Driver/yc_ws/install/frames/share/frames/launch
/home/artc/UR_Grasp_Driver/yc_ws/install/frames/lib/python3.10/site-packages/frames-0.0.1-py3.10.egg-info/zip-safe
/home/artc/UR_Grasp_Driver/yc_ws/install/frames/lib/python3.10/site-packages/frames-0.0.1-py3.10.egg-info/dependency_links.txt
/home/artc/UR_Grasp_Driver/yc_ws/install/frames/lib/python3.10/site-packages/frames-0.0.1-py3.10.egg-info/entry_points.txt
/home/artc/UR_Grasp_Driver/yc_ws/install/frames/lib/python3.10/site-packages/frames-0.0.1-py3.10.egg-info/requires.txt
/home/artc/UR_Grasp_Driver/yc_ws/install/frames/lib/python3.10/site-packages/frames-0.0.1-py3.10.egg-info/top_level.txt
/home/artc/UR_Grasp_Driver/yc_ws/install/frames/lib/python3.10/site-packages/frames-0.0.1-py3.10.egg-info/SOURCES.txt
/home/artc/UR_Grasp_Driver/yc_ws/install/frames/lib/python3.10/site-packages/frames-0.0.1-py3.10.egg-info/PKG-INFO
/home/artc/UR_Grasp_Driver/yc_ws/install/frames/bin/camera_controller
/home/artc/UR_Grasp_Driver/yc_ws/install/frames/bin/grasp_detector
/home/artc/UR_Grasp_Driver/yc_ws/install/frames/bin/grasp_pose_transformer
/home/artc/UR_Grasp_Driver/yc_ws/install/frames/bin/gripper_controller
/home/artc/UR_Grasp_Driver/yc_ws/install/frames/bin/myframe
/home/artc/UR_Grasp_Driver/yc_ws/install/frames/bin/robot_grasp_coordinator
