[1.161s] Invoking command in '/home/artc/UR_Grasp_Driver/yc_ws/build/serial': CMAKE_PREFIX_PATH=${CMAKE_PREFIX_PATH}:/home/artc/abdo_ws/install/robotiq_driver:/home/artc/abdo_ws/install/my_libs:/home/artc/abdo_ws/install/anygrasp:/opt/ros/humble CONDA_PROMPT_MODIFIER=(ros2_any) /home/artc/miniconda3/envs/ros2_any/bin/cmake /home/artc/UR_Grasp_Driver/yc_ws/src/serial -DCMAKE_INSTALL_PREFIX=/home/artc/UR_Grasp_Driver/yc_ws/install/serial
[1.230s] -- The C compiler identification is GNU 11.4.0
[1.458s] -- The CXX compiler identification is GNU 11.4.0
[1.482s] -- Detecting C compiler ABI info
[1.728s] -- Detecting C compiler ABI info - done
[1.749s] -- Check for working C compiler: /usr/bin/cc - skipped
[1.749s] -- Detecting C compile features
[1.750s] -- Detecting C compile features - done
[1.760s] -- Detecting CXX compiler ABI info
[1.900s] -- Detecting CXX compiler ABI info - done
[1.922s] -- Check for working CXX compiler: /usr/bin/c++ - skipped
[1.923s] -- Detecting CXX compile features
[1.924s] -- Detecting CXX compile features - done
[1.952s] -- Found ament_cmake: 1.3.10 (/opt/ros/humble/share/ament_cmake/cmake)
[2.703s] -- Found Python3: /home/artc/miniconda3/envs/ros2_any/bin/python3 (found version "3.10.14") found components: Interpreter 
[3.013s] -- Configuring done (1.9s)
[3.019s] -- Generating done (0.0s)
[3.020s] -- Build files have been written to: /home/artc/UR_Grasp_Driver/yc_ws/build/serial
[3.025s] Invoked command in '/home/artc/UR_Grasp_Driver/yc_ws/build/serial' returned '0': CMAKE_PREFIX_PATH=${CMAKE_PREFIX_PATH}:/home/artc/abdo_ws/install/robotiq_driver:/home/artc/abdo_ws/install/my_libs:/home/artc/abdo_ws/install/anygrasp:/opt/ros/humble CONDA_PROMPT_MODIFIER=(ros2_any) /home/artc/miniconda3/envs/ros2_any/bin/cmake /home/artc/UR_Grasp_Driver/yc_ws/src/serial -DCMAKE_INSTALL_PREFIX=/home/artc/UR_Grasp_Driver/yc_ws/install/serial
[3.027s] Invoking command in '/home/artc/UR_Grasp_Driver/yc_ws/build/serial': CMAKE_PREFIX_PATH=${CMAKE_PREFIX_PATH}:/home/artc/abdo_ws/install/robotiq_driver:/home/artc/abdo_ws/install/my_libs:/home/artc/abdo_ws/install/anygrasp:/opt/ros/humble CONDA_PROMPT_MODIFIER=(ros2_any) /home/artc/miniconda3/envs/ros2_any/bin/cmake --build /home/artc/UR_Grasp_Driver/yc_ws/build/serial -- -j8 -l8
[3.068s] [ 25%] [32mBuilding CXX object CMakeFiles/serial.dir/src/impl/unix.cc.o[0m
[3.068s] [ 50%] [32mBuilding CXX object CMakeFiles/serial.dir/src/impl/list_ports/list_ports_linux.cc.o[0m
[3.068s] [ 75%] [32mBuilding CXX object CMakeFiles/serial.dir/src/serial.cc.o[0m
[4.316s] [100%] [32m[1mLinking CXX static library libserial.a[0m
[4.416s] [100%] Built target serial
[4.426s] Invoked command in '/home/artc/UR_Grasp_Driver/yc_ws/build/serial' returned '0': CMAKE_PREFIX_PATH=${CMAKE_PREFIX_PATH}:/home/artc/abdo_ws/install/robotiq_driver:/home/artc/abdo_ws/install/my_libs:/home/artc/abdo_ws/install/anygrasp:/opt/ros/humble CONDA_PROMPT_MODIFIER=(ros2_any) /home/artc/miniconda3/envs/ros2_any/bin/cmake --build /home/artc/UR_Grasp_Driver/yc_ws/build/serial -- -j8 -l8
[4.471s] Invoking command in '/home/artc/UR_Grasp_Driver/yc_ws/build/serial': CMAKE_PREFIX_PATH=${CMAKE_PREFIX_PATH}:/home/artc/abdo_ws/install/robotiq_driver:/home/artc/abdo_ws/install/my_libs:/home/artc/abdo_ws/install/anygrasp:/opt/ros/humble CONDA_PROMPT_MODIFIER=(ros2_any) /home/artc/miniconda3/envs/ros2_any/bin/cmake --install /home/artc/UR_Grasp_Driver/yc_ws/build/serial
[4.478s] -- Install configuration: ""
[4.478s] -- Installing: /home/artc/UR_Grasp_Driver/yc_ws/install/serial/lib/libserial.a
[4.478s] -- Installing: /home/artc/UR_Grasp_Driver/yc_ws/install/serial/include
[4.479s] -- Installing: /home/artc/UR_Grasp_Driver/yc_ws/install/serial/include/serial
[4.479s] -- Installing: /home/artc/UR_Grasp_Driver/yc_ws/install/serial/include/serial/impl
[4.479s] -- Installing: /home/artc/UR_Grasp_Driver/yc_ws/install/serial/include/serial/impl/win.h
[4.479s] -- Installing: /home/artc/UR_Grasp_Driver/yc_ws/install/serial/include/serial/impl/unix.h
[4.479s] -- Installing: /home/artc/UR_Grasp_Driver/yc_ws/install/serial/include/serial/serial.h
[4.479s] -- Installing: /home/artc/UR_Grasp_Driver/yc_ws/install/serial/include/serial/v8stdint.h
[4.479s] -- Installing: /home/artc/UR_Grasp_Driver/yc_ws/install/serial/share/serial/environment/library_path.sh
[4.480s] -- Installing: /home/artc/UR_Grasp_Driver/yc_ws/install/serial/share/serial/environment/library_path.dsv
[4.480s] -- Installing: /home/artc/UR_Grasp_Driver/yc_ws/install/serial/share/ament_index/resource_index/package_run_dependencies/serial
[4.480s] -- Installing: /home/artc/UR_Grasp_Driver/yc_ws/install/serial/share/ament_index/resource_index/parent_prefix_path/serial
[4.480s] -- Installing: /home/artc/UR_Grasp_Driver/yc_ws/install/serial/share/serial/environment/ament_prefix_path.sh
[4.480s] -- Installing: /home/artc/UR_Grasp_Driver/yc_ws/install/serial/share/serial/environment/ament_prefix_path.dsv
[4.480s] -- Installing: /home/artc/UR_Grasp_Driver/yc_ws/install/serial/share/serial/environment/path.sh
[4.481s] -- Installing: /home/artc/UR_Grasp_Driver/yc_ws/install/serial/share/serial/environment/path.dsv
[4.481s] -- Installing: /home/artc/UR_Grasp_Driver/yc_ws/install/serial/share/serial/local_setup.bash
[4.481s] -- Installing: /home/artc/UR_Grasp_Driver/yc_ws/install/serial/share/serial/local_setup.sh
[4.481s] -- Installing: /home/artc/UR_Grasp_Driver/yc_ws/install/serial/share/serial/local_setup.zsh
[4.481s] -- Installing: /home/artc/UR_Grasp_Driver/yc_ws/install/serial/share/serial/local_setup.dsv
[4.482s] -- Installing: /home/artc/UR_Grasp_Driver/yc_ws/install/serial/share/serial/package.dsv
[4.482s] -- Installing: /home/artc/UR_Grasp_Driver/yc_ws/install/serial/share/ament_index/resource_index/packages/serial
[4.482s] -- Installing: /home/artc/UR_Grasp_Driver/yc_ws/install/serial/share/serial/cmake/export_serialExport.cmake
[4.482s] -- Installing: /home/artc/UR_Grasp_Driver/yc_ws/install/serial/share/serial/cmake/export_serialExport-noconfig.cmake
[4.482s] -- Installing: /home/artc/UR_Grasp_Driver/yc_ws/install/serial/share/serial/cmake/ament_cmake_export_include_directories-extras.cmake
[4.482s] -- Installing: /home/artc/UR_Grasp_Driver/yc_ws/install/serial/share/serial/cmake/ament_cmake_export_libraries-extras.cmake
[4.483s] -- Installing: /home/artc/UR_Grasp_Driver/yc_ws/install/serial/share/serial/cmake/ament_cmake_export_targets-extras.cmake
[4.483s] -- Installing: /home/artc/UR_Grasp_Driver/yc_ws/install/serial/share/serial/cmake/serialConfig.cmake
[4.483s] -- Installing: /home/artc/UR_Grasp_Driver/yc_ws/install/serial/share/serial/cmake/serialConfig-version.cmake
[4.483s] -- Installing: /home/artc/UR_Grasp_Driver/yc_ws/install/serial/share/serial/package.xml
[4.486s] Invoked command in '/home/artc/UR_Grasp_Driver/yc_ws/build/serial' returned '0': CMAKE_PREFIX_PATH=${CMAKE_PREFIX_PATH}:/home/artc/abdo_ws/install/robotiq_driver:/home/artc/abdo_ws/install/my_libs:/home/artc/abdo_ws/install/anygrasp:/opt/ros/humble CONDA_PROMPT_MODIFIER=(ros2_any) /home/artc/miniconda3/envs/ros2_any/bin/cmake --install /home/artc/UR_Grasp_Driver/yc_ws/build/serial
