running egg_info
creating ../../build/find_grasp/find_grasp.egg-info
writing ../../build/find_grasp/find_grasp.egg-info/PKG-INFO
writing dependency_links to ../../build/find_grasp/find_grasp.egg-info/dependency_links.txt
writing entry points to ../../build/find_grasp/find_grasp.egg-info/entry_points.txt
writing requirements to ../../build/find_grasp/find_grasp.egg-info/requires.txt
writing top-level names to ../../build/find_grasp/find_grasp.egg-info/top_level.txt
writing manifest file '../../build/find_grasp/find_grasp.egg-info/SOURCES.txt'
reading manifest file '../../build/find_grasp/find_grasp.egg-info/SOURCES.txt'
writing manifest file '../../build/find_grasp/find_grasp.egg-info/SOURCES.txt'
running build
running build_py
creating /home/artc/UR_Grasp_Driver/yc_ws/build/find_grasp/build
creating /home/artc/UR_Grasp_Driver/yc_ws/build/find_grasp/build/lib
creating /home/artc/UR_Grasp_Driver/yc_ws/build/find_grasp/build/lib/find_grasp
copying find_grasp/__init__.py -> /home/artc/UR_Grasp_Driver/yc_ws/build/find_grasp/build/lib/find_grasp
copying find_grasp/inference.py -> /home/artc/UR_Grasp_Driver/yc_ws/build/find_grasp/build/lib/find_grasp
running install
running install_lib
creating /home/artc/UR_Grasp_Driver/yc_ws/install/find_grasp/lib/python3.10/site-packages/find_grasp
copying /home/artc/UR_Grasp_Driver/yc_ws/build/find_grasp/build/lib/find_grasp/__init__.py -> /home/artc/UR_Grasp_Driver/yc_ws/install/find_grasp/lib/python3.10/site-packages/find_grasp
copying /home/artc/UR_Grasp_Driver/yc_ws/build/find_grasp/build/lib/find_grasp/inference.py -> /home/artc/UR_Grasp_Driver/yc_ws/install/find_grasp/lib/python3.10/site-packages/find_grasp
byte-compiling /home/artc/UR_Grasp_Driver/yc_ws/install/find_grasp/lib/python3.10/site-packages/find_grasp/__init__.py to __init__.cpython-310.pyc
byte-compiling /home/artc/UR_Grasp_Driver/yc_ws/install/find_grasp/lib/python3.10/site-packages/find_grasp/inference.py to inference.cpython-310.pyc
running install_data
creating /home/artc/UR_Grasp_Driver/yc_ws/install/find_grasp/share/ament_index
creating /home/artc/UR_Grasp_Driver/yc_ws/install/find_grasp/share/ament_index/resource_index
creating /home/artc/UR_Grasp_Driver/yc_ws/install/find_grasp/share/ament_index/resource_index/packages
copying resource/find_grasp -> /home/artc/UR_Grasp_Driver/yc_ws/install/find_grasp/share/ament_index/resource_index/packages
copying package.xml -> /home/artc/UR_Grasp_Driver/yc_ws/install/find_grasp/share/find_grasp
creating /home/artc/UR_Grasp_Driver/yc_ws/install/find_grasp/share/find_grasp/launch
copying launch/coordinator_launch.py -> /home/artc/UR_Grasp_Driver/yc_ws/install/find_grasp/share/find_grasp/launch
running install_egg_info
Copying ../../build/find_grasp/find_grasp.egg-info to /home/artc/UR_Grasp_Driver/yc_ws/install/find_grasp/lib/python3.10/site-packages/find_grasp-0.0.1-py3.10.egg-info
running install_scripts
Installing inference script to /home/artc/UR_Grasp_Driver/yc_ws/install/find_grasp/bin
writing list of installed files to '/home/artc/UR_Grasp_Driver/yc_ws/build/find_grasp/install.log'
