[2.062s] Invoking command in '/home/artc/UR_Grasp_Driver/yc_ws/src/find_grasp': CONDA_PROMPT_MODIFIER=(ros2_any) PYTHONPATH=/home/artc/UR_Grasp_Driver/yc_ws/build/find_grasp/prefix_override:/usr/lib/python3/dist-packages/colcon_core/task/python/colcon_distutils_commands:/home/artc/UR_Grasp_Driver/yc_ws/install/find_grasp/lib/python3.10/site-packages:${PYTHONPATH} /usr/bin/python3 -W ignore:setup.py install is deprecated setup.py egg_info --egg-base ../../build/find_grasp build --build-base /home/artc/UR_Grasp_Driver/yc_ws/build/find_grasp/build install --record /home/artc/UR_Grasp_Driver/yc_ws/build/find_grasp/install.log --single-version-externally-managed install_data
[2.599s] running egg_info
[2.599s] creating ../../build/find_grasp/find_grasp.egg-info
[2.600s] writing ../../build/find_grasp/find_grasp.egg-info/PKG-INFO
[2.600s] writing dependency_links to ../../build/find_grasp/find_grasp.egg-info/dependency_links.txt
[2.601s] writing entry points to ../../build/find_grasp/find_grasp.egg-info/entry_points.txt
[2.601s] writing requirements to ../../build/find_grasp/find_grasp.egg-info/requires.txt
[2.601s] writing top-level names to ../../build/find_grasp/find_grasp.egg-info/top_level.txt
[2.601s] writing manifest file '../../build/find_grasp/find_grasp.egg-info/SOURCES.txt'
[2.604s] reading manifest file '../../build/find_grasp/find_grasp.egg-info/SOURCES.txt'
[2.606s] writing manifest file '../../build/find_grasp/find_grasp.egg-info/SOURCES.txt'
[2.606s] running build
[2.607s] running build_py
[2.607s] creating /home/artc/UR_Grasp_Driver/yc_ws/build/find_grasp/build
[2.607s] creating /home/artc/UR_Grasp_Driver/yc_ws/build/find_grasp/build/lib
[2.607s] creating /home/artc/UR_Grasp_Driver/yc_ws/build/find_grasp/build/lib/find_grasp
[2.607s] copying find_grasp/__init__.py -> /home/artc/UR_Grasp_Driver/yc_ws/build/find_grasp/build/lib/find_grasp
[2.607s] copying find_grasp/inference.py -> /home/artc/UR_Grasp_Driver/yc_ws/build/find_grasp/build/lib/find_grasp
[2.608s] running install
[2.608s] running install_lib
[2.609s] creating /home/artc/UR_Grasp_Driver/yc_ws/install/find_grasp/lib/python3.10/site-packages/find_grasp
[2.609s] copying /home/artc/UR_Grasp_Driver/yc_ws/build/find_grasp/build/lib/find_grasp/__init__.py -> /home/artc/UR_Grasp_Driver/yc_ws/install/find_grasp/lib/python3.10/site-packages/find_grasp
[2.610s] copying /home/artc/UR_Grasp_Driver/yc_ws/build/find_grasp/build/lib/find_grasp/inference.py -> /home/artc/UR_Grasp_Driver/yc_ws/install/find_grasp/lib/python3.10/site-packages/find_grasp
[2.610s] byte-compiling /home/artc/UR_Grasp_Driver/yc_ws/install/find_grasp/lib/python3.10/site-packages/find_grasp/__init__.py to __init__.cpython-310.pyc
[2.611s] byte-compiling /home/artc/UR_Grasp_Driver/yc_ws/install/find_grasp/lib/python3.10/site-packages/find_grasp/inference.py to inference.cpython-310.pyc
[2.613s] running install_data
[2.614s] creating /home/artc/UR_Grasp_Driver/yc_ws/install/find_grasp/share/ament_index
[2.614s] creating /home/artc/UR_Grasp_Driver/yc_ws/install/find_grasp/share/ament_index/resource_index
[2.614s] creating /home/artc/UR_Grasp_Driver/yc_ws/install/find_grasp/share/ament_index/resource_index/packages
[2.614s] copying resource/find_grasp -> /home/artc/UR_Grasp_Driver/yc_ws/install/find_grasp/share/ament_index/resource_index/packages
[2.615s] copying package.xml -> /home/artc/UR_Grasp_Driver/yc_ws/install/find_grasp/share/find_grasp
[2.615s] creating /home/artc/UR_Grasp_Driver/yc_ws/install/find_grasp/share/find_grasp/launch
[2.615s] copying launch/coordinator_launch.py -> /home/artc/UR_Grasp_Driver/yc_ws/install/find_grasp/share/find_grasp/launch
[2.616s] running install_egg_info
[2.617s] Copying ../../build/find_grasp/find_grasp.egg-info to /home/artc/UR_Grasp_Driver/yc_ws/install/find_grasp/lib/python3.10/site-packages/find_grasp-0.0.1-py3.10.egg-info
[2.620s] running install_scripts
[2.659s] Installing inference script to /home/artc/UR_Grasp_Driver/yc_ws/install/find_grasp/bin
[2.660s] writing list of installed files to '/home/artc/UR_Grasp_Driver/yc_ws/build/find_grasp/install.log'
[2.748s] Invoked command in '/home/artc/UR_Grasp_Driver/yc_ws/src/find_grasp' returned '0': CONDA_PROMPT_MODIFIER=(ros2_any) PYTHONPATH=/home/artc/UR_Grasp_Driver/yc_ws/build/find_grasp/prefix_override:/usr/lib/python3/dist-packages/colcon_core/task/python/colcon_distutils_commands:/home/artc/UR_Grasp_Driver/yc_ws/install/find_grasp/lib/python3.10/site-packages:${PYTHONPATH} /usr/bin/python3 -W ignore:setup.py install is deprecated setup.py egg_info --egg-base ../../build/find_grasp build --build-base /home/artc/UR_Grasp_Driver/yc_ws/build/find_grasp/build install --record /home/artc/UR_Grasp_Driver/yc_ws/build/find_grasp/install.log --single-version-externally-managed install_data
