[0.067s] Invoking command in '/home/artc/UR_Grasp_Driver/yc_ws/build/my_ur_driver': CMAKE_PREFIX_PATH=${CMAKE_PREFIX_PATH}:/home/artc/abdo_ws/install/robotiq_driver:/home/artc/abdo_ws/install/my_libs:/home/artc/abdo_ws/install/anygrasp:/opt/ros/humble CONDA_PROMPT_MODIFIER=(ros2_any) /home/artc/miniconda3/envs/ros2_any/bin/cmake /home/artc/UR_Grasp_Driver/yc_ws/src/my_ur_driver -DCMAKE_INSTALL_PREFIX=/home/artc/UR_Grasp_Driver/yc_ws/install/my_ur_driver
[1.211s] -- The C compiler identification is GNU 11.4.0
[1.507s] -- The CXX compiler identification is GNU 11.4.0
[1.530s] -- Detecting C compiler ABI info
[1.779s] -- Detecting C compiler ABI info - done
[1.800s] -- Check for working C compiler: /usr/bin/cc - skipped
[1.800s] -- Detecting C compile features
[1.801s] -- Detecting C compile features - done
[1.809s] -- Detecting CXX compiler ABI info
[1.957s] -- Detecting CXX compiler ABI info - done
[1.976s] -- Check for working CXX compiler: /usr/bin/c++ - skipped
[1.976s] -- Detecting CXX compile features
[1.977s] -- Detecting CXX compile features - done
[2.001s] -- Found ament_cmake: 1.3.10 (/opt/ros/humble/share/ament_cmake/cmake)
[2.714s] -- Found Python3: /home/artc/miniconda3/envs/ros2_any/bin/python3 (found version "3.10.14") found components: Interpreter 
[2.941s] -- Found ur_robot_driver: 2.2.15 (/opt/ros/humble/share/ur_robot_driver/cmake)
[3.091s] -- Found rosidl_generator_c: 3.1.5 (/opt/ros/humble/share/rosidl_generator_c/cmake)
[3.109s] -- Found rosidl_adapter: 3.1.5 (/opt/ros/humble/share/rosidl_adapter/cmake)
[3.178s] -- Found rosidl_generator_cpp: 3.1.5 (/opt/ros/humble/share/rosidl_generator_cpp/cmake)
[3.345s] -- Using all available rosidl_typesupport_c: rosidl_typesupport_fastrtps_c;rosidl_typesupport_introspection_c
[3.522s] -- Using all available rosidl_typesupport_cpp: rosidl_typesupport_fastrtps_cpp;rosidl_typesupport_introspection_cpp
[4.429s] -- Found rmw_implementation_cmake: 6.1.2 (/opt/ros/humble/share/rmw_implementation_cmake/cmake)
[4.434s] -- Found rmw_fastrtps_cpp: 6.2.7 (/opt/ros/humble/share/rmw_fastrtps_cpp/cmake)
[4.482s] -- Found TinyXML2 via Config file: TinyXML2_DIR-NOTFOUND
[4.551s] -- Found OpenSSL: /usr/lib/x86_64-linux-gnu/libcrypto.so (found version "3.0.2")  
[4.555s] -- Found TinyXML2 via Config file: TinyXML2_DIR-NOTFOUND
[4.581s] -- Found FastRTPS: /opt/ros/humble/include  
[4.588s] -- Found TinyXML2 via Config file: TinyXML2_DIR-NOTFOUND
[4.601s] -- Found TinyXML2 via Config file: TinyXML2_DIR-NOTFOUND
[4.623s] -- Using RMW implementation 'rmw_fastrtps_cpp' as default
[4.643s] -- Performing Test CMAKE_HAVE_LIBC_PTHREAD
[4.738s] -- Performing Test CMAKE_HAVE_LIBC_PTHREAD - Success
[4.740s] -- Found Threads: TRUE  
[5.017s] -- Found eigen3_cmake_module: 0.1.1 (/opt/ros/humble/share/eigen3_cmake_module/cmake)
[5.019s] -- Found Eigen3: TRUE (found version "3.4.0") 
[5.019s] -- Ensuring Eigen3 include directory is part of orocos-kdl CMake target
[5.257s] -- Found moveit_ros_move_group: 2.5.5 (/opt/ros/humble/share/moveit_ros_move_group/cmake)
[5.328s] -- Found Boost: /usr/lib/x86_64-linux-gnu/cmake/Boost-1.74.0/BoostConfig.cmake (found version "1.74.0") found components: system filesystem date_time program_options thread 
[5.375s] -- Found Boost: /usr/lib/x86_64-linux-gnu/cmake/Boost-1.74.0/BoostConfig.cmake (found version "1.74.0") found components: chrono date_time filesystem iostreams program_options regex serialization system thread 
[5.404s] -- Found parameter_traits: 0.3.8 (/opt/ros/humble/share/parameter_traits/cmake)
[5.446s] -- Found Boost: /usr/lib/x86_64-linux-gnu/cmake/Boost-1.74.0/BoostConfig.cmake (found version "1.74.0") found components: filesystem 
[5.578s] -- library: /usr/lib/x86_64-linux-gnu/libcurl.so
[6.300s] -- Found Boost: /usr/lib/x86_64-linux-gnu/cmake/Boost-1.74.0/BoostConfig.cmake (found version "1.74.0") found components: system filesystem date_time program_options thread chrono 
[6.350s] -- Found ament_lint_auto: 0.12.11 (/opt/ros/humble/share/ament_lint_auto/cmake)
[6.542s] -- Added test 'flake8' to check Python code syntax and style conventions
[6.545s] -- Added test 'lint_cmake' to check CMake code style
[6.548s] -- Added test 'pep257' to check Python code against some of the docstring style conventions in PEP 257
[6.557s] -- Added test 'xmllint' to check XML markup files
[6.560s] -- Configuring done (6.3s)
[6.570s] -- Generating done (0.0s)
[6.575s] -- Build files have been written to: /home/artc/UR_Grasp_Driver/yc_ws/build/my_ur_driver
[6.598s] Invoked command in '/home/artc/UR_Grasp_Driver/yc_ws/build/my_ur_driver' returned '0': CMAKE_PREFIX_PATH=${CMAKE_PREFIX_PATH}:/home/artc/abdo_ws/install/robotiq_driver:/home/artc/abdo_ws/install/my_libs:/home/artc/abdo_ws/install/anygrasp:/opt/ros/humble CONDA_PROMPT_MODIFIER=(ros2_any) /home/artc/miniconda3/envs/ros2_any/bin/cmake /home/artc/UR_Grasp_Driver/yc_ws/src/my_ur_driver -DCMAKE_INSTALL_PREFIX=/home/artc/UR_Grasp_Driver/yc_ws/install/my_ur_driver
[6.600s] Invoking command in '/home/artc/UR_Grasp_Driver/yc_ws/build/my_ur_driver': CMAKE_PREFIX_PATH=${CMAKE_PREFIX_PATH}:/home/artc/abdo_ws/install/robotiq_driver:/home/artc/abdo_ws/install/my_libs:/home/artc/abdo_ws/install/anygrasp:/opt/ros/humble CONDA_PROMPT_MODIFIER=(ros2_any) /home/artc/miniconda3/envs/ros2_any/bin/cmake --build /home/artc/UR_Grasp_Driver/yc_ws/build/my_ur_driver -- -j8 -l8
[6.641s] Invoked command in '/home/artc/UR_Grasp_Driver/yc_ws/build/my_ur_driver' returned '0': CMAKE_PREFIX_PATH=${CMAKE_PREFIX_PATH}:/home/artc/abdo_ws/install/robotiq_driver:/home/artc/abdo_ws/install/my_libs:/home/artc/abdo_ws/install/anygrasp:/opt/ros/humble CONDA_PROMPT_MODIFIER=(ros2_any) /home/artc/miniconda3/envs/ros2_any/bin/cmake --build /home/artc/UR_Grasp_Driver/yc_ws/build/my_ur_driver -- -j8 -l8
[6.669s] Invoking command in '/home/artc/UR_Grasp_Driver/yc_ws/build/my_ur_driver': CMAKE_PREFIX_PATH=${CMAKE_PREFIX_PATH}:/home/artc/abdo_ws/install/robotiq_driver:/home/artc/abdo_ws/install/my_libs:/home/artc/abdo_ws/install/anygrasp:/opt/ros/humble CONDA_PROMPT_MODIFIER=(ros2_any) /home/artc/miniconda3/envs/ros2_any/bin/cmake --install /home/artc/UR_Grasp_Driver/yc_ws/build/my_ur_driver
[6.675s] -- Install configuration: ""
[6.676s] -- Installing: /home/artc/UR_Grasp_Driver/yc_ws/install/my_ur_driver/share/my_ur_driver/launch
[6.676s] -- Installing: /home/artc/UR_Grasp_Driver/yc_ws/install/my_ur_driver/share/my_ur_driver/launch/my_ur.launch.py
[6.676s] -- Installing: /home/artc/UR_Grasp_Driver/yc_ws/install/my_ur_driver/share/my_ur_driver/launch/__init__.py
[6.676s] -- Installing: /home/artc/UR_Grasp_Driver/yc_ws/install/my_ur_driver/share/my_ur_driver/launch/my_moveit.launch.py
[6.676s] -- Installing: /home/artc/UR_Grasp_Driver/yc_ws/install/my_ur_driver/share/my_ur_driver/launch/__pycache__
[6.676s] -- Installing: /home/artc/UR_Grasp_Driver/yc_ws/install/my_ur_driver/share/my_ur_driver/launch/__pycache__/ur_moveit.launch.cpython-310.pyc
[6.677s] -- Installing: /home/artc/UR_Grasp_Driver/yc_ws/install/my_ur_driver/share/my_ur_driver/launch/my_ur_with_gripper.launch.py
[6.677s] -- Installing: /home/artc/UR_Grasp_Driver/yc_ws/install/my_ur_driver/share/my_ur_driver/launch/my_moveit_with_gripper.launch.py
[6.677s] -- Installing: /home/artc/UR_Grasp_Driver/yc_ws/install/my_ur_driver/share/my_ur_driver/launch/my_camera.launch.py
[6.677s] -- Installing: /home/artc/UR_Grasp_Driver/yc_ws/install/my_ur_driver/share/my_ur_driver/my_ur_config
[6.677s] -- Installing: /home/artc/UR_Grasp_Driver/yc_ws/install/my_ur_driver/share/my_ur_driver/my_ur_config/ur_controllers
[6.677s] -- Installing: /home/artc/UR_Grasp_Driver/yc_ws/install/my_ur_driver/share/my_ur_driver/my_ur_config/ur_controllers/ur_calibration.yaml
[6.678s] -- Installing: /home/artc/UR_Grasp_Driver/yc_ws/install/my_ur_driver/share/my_ur_driver/my_ur_config/ur_controllers/ur_controllers_with_gripper.yaml
[6.678s] -- Installing: /home/artc/UR_Grasp_Driver/yc_ws/install/my_ur_driver/share/my_ur_driver/my_ur_config/urdf
[6.678s] -- Installing: /home/artc/UR_Grasp_Driver/yc_ws/install/my_ur_driver/share/my_ur_driver/my_ur_config/urdf/my_world_with_gripper.urdf.xacro
[6.678s] -- Installing: /home/artc/UR_Grasp_Driver/yc_ws/install/my_ur_driver/share/my_ur_driver/my_ur_config/urdf/my_world.urdf.xacro
[6.678s] -- Installing: /home/artc/UR_Grasp_Driver/yc_ws/install/my_ur_driver/share/my_ur_driver/my_ur_config/urdf/meshes
[6.678s] -- Installing: /home/artc/UR_Grasp_Driver/yc_ws/install/my_ur_driver/share/my_ur_driver/my_ur_config/urdf/meshes/visual
[6.679s] -- Installing: /home/artc/UR_Grasp_Driver/yc_ws/install/my_ur_driver/share/my_ur_driver/my_ur_config/urdf/meshes/visual/2f_140
[6.679s] -- Installing: /home/artc/UR_Grasp_Driver/yc_ws/install/my_ur_driver/share/my_ur_driver/my_ur_config/urdf/meshes/visual/2f_140/robotiq_2f_140_outer_knuckle.stl
[6.679s] -- Installing: /home/artc/UR_Grasp_Driver/yc_ws/install/my_ur_driver/share/my_ur_driver/my_ur_config/urdf/meshes/visual/2f_140/robotiq_2f_140_base_link.stl
[6.680s] -- Installing: /home/artc/UR_Grasp_Driver/yc_ws/install/my_ur_driver/share/my_ur_driver/my_ur_config/urdf/meshes/visual/2f_140/robotiq_2f_140_coupling.stl
[6.680s] -- Installing: /home/artc/UR_Grasp_Driver/yc_ws/install/my_ur_driver/share/my_ur_driver/my_ur_config/urdf/meshes/visual/2f_140/robotiq_2f_140_inner_finger.stl
[6.680s] -- Installing: /home/artc/UR_Grasp_Driver/yc_ws/install/my_ur_driver/share/my_ur_driver/my_ur_config/urdf/meshes/visual/2f_140/robotiq_2f_140_inner_knuckle.stl
[6.680s] -- Installing: /home/artc/UR_Grasp_Driver/yc_ws/install/my_ur_driver/share/my_ur_driver/my_ur_config/urdf/meshes/visual/2f_140/robotiq_2f_140_outer_finger.stl
[6.681s] -- Installing: /home/artc/UR_Grasp_Driver/yc_ws/install/my_ur_driver/share/my_ur_driver/my_ur_config/urdf/meshes/collision
[6.681s] -- Installing: /home/artc/UR_Grasp_Driver/yc_ws/install/my_ur_driver/share/my_ur_driver/my_ur_config/urdf/meshes/collision/2f_140
[6.681s] -- Installing: /home/artc/UR_Grasp_Driver/yc_ws/install/my_ur_driver/share/my_ur_driver/my_ur_config/urdf/meshes/collision/2f_140/robotiq_2f_140_outer_knuckle.stl
[6.681s] -- Installing: /home/artc/UR_Grasp_Driver/yc_ws/install/my_ur_driver/share/my_ur_driver/my_ur_config/urdf/meshes/collision/2f_140/robotiq_2f_140_base_link.stl
[6.681s] -- Installing: /home/artc/UR_Grasp_Driver/yc_ws/install/my_ur_driver/share/my_ur_driver/my_ur_config/urdf/meshes/collision/2f_140/robotiq_2f_140_coupling.stl
[6.682s] -- Installing: /home/artc/UR_Grasp_Driver/yc_ws/install/my_ur_driver/share/my_ur_driver/my_ur_config/urdf/meshes/collision/2f_140/robotiq_2f_140_inner_finger.stl
[6.682s] -- Installing: /home/artc/UR_Grasp_Driver/yc_ws/install/my_ur_driver/share/my_ur_driver/my_ur_config/urdf/meshes/collision/2f_140/robotiq_2f_140_inner_knuckle.stl
[6.682s] -- Installing: /home/artc/UR_Grasp_Driver/yc_ws/install/my_ur_driver/share/my_ur_driver/my_ur_config/urdf/meshes/collision/2f_140/robotiq_2f_140_outer_finger.stl
[6.682s] -- Installing: /home/artc/UR_Grasp_Driver/yc_ws/install/my_ur_driver/share/my_ur_driver/my_ur_config/urdf/meshes/camera
[6.682s] -- Installing: /home/artc/UR_Grasp_Driver/yc_ws/install/my_ur_driver/share/my_ur_driver/my_ur_config/urdf/meshes/camera/abdo_camera.stl
[6.683s] -- Installing: /home/artc/UR_Grasp_Driver/yc_ws/install/my_ur_driver/share/my_ur_driver/my_ur_config/urdf/meshes/camera/abdo.mlp
[6.683s] -- Installing: /home/artc/UR_Grasp_Driver/yc_ws/install/my_ur_driver/share/my_ur_driver/my_ur_config/urdf/meshes/camera/cam_holder_with_onrobot_single.stl
[6.684s] -- Installing: /home/artc/UR_Grasp_Driver/yc_ws/install/my_ur_driver/share/my_ur_driver/my_ur_config/urdf/meshes/camera/cam_holder_basler.stl
[6.691s] -- Installing: /home/artc/UR_Grasp_Driver/yc_ws/install/my_ur_driver/share/my_ur_driver/my_ur_config/urdf/meshes/camera/cam_holder_with_onrobot_dual.stl
[6.697s] -- Installing: /home/artc/UR_Grasp_Driver/yc_ws/install/my_ur_driver/share/my_ur_driver/my_ur_config/urdf/inc
[6.697s] -- Installing: /home/artc/UR_Grasp_Driver/yc_ws/install/my_ur_driver/share/my_ur_driver/my_ur_config/urdf/inc/ur_transmissions.xacro
[6.697s] -- Installing: /home/artc/UR_Grasp_Driver/yc_ws/install/my_ur_driver/share/my_ur_driver/my_ur_config/urdf/inc/ur_common.xacro
[6.698s] -- Installing: /home/artc/UR_Grasp_Driver/yc_ws/install/my_ur_driver/share/my_ur_driver/my_ur_config/urdf/gripper
[6.698s] -- Installing: /home/artc/UR_Grasp_Driver/yc_ws/install/my_ur_driver/share/my_ur_driver/my_ur_config/urdf/gripper/ur_to_robotiq_adapter.urdf.xacro
[6.698s] -- Installing: /home/artc/UR_Grasp_Driver/yc_ws/install/my_ur_driver/share/my_ur_driver/my_ur_config/urdf/gripper/robotiq_2f_140_macro.urdf.xacro
[6.698s] -- Installing: /home/artc/UR_Grasp_Driver/yc_ws/install/my_ur_driver/share/my_ur_driver/my_ur_config/urdf/gripper/robotiq_2f_140.xacro
[6.698s] -- Installing: /home/artc/UR_Grasp_Driver/yc_ws/install/my_ur_driver/share/my_ur_driver/my_ur_config/urdf/gripper/2f_140.ros2_control.xacro
[6.698s] -- Installing: /home/artc/UR_Grasp_Driver/yc_ws/install/my_ur_driver/share/my_ur_driver/my_ur_config/urdf/gripper/robotiq_2f_140_gripper.urdf.xacro
[6.698s] -- Installing: /home/artc/UR_Grasp_Driver/yc_ws/install/my_ur_driver/share/my_ur_driver/my_moveit_config
[6.698s] -- Installing: /home/artc/UR_Grasp_Driver/yc_ws/install/my_ur_driver/share/my_ur_driver/my_moveit_config/moveit_controllers
[6.699s] -- Installing: /home/artc/UR_Grasp_Driver/yc_ws/install/my_ur_driver/share/my_ur_driver/my_moveit_config/moveit_controllers/joint_limits.yaml
[6.699s] -- Installing: /home/artc/UR_Grasp_Driver/yc_ws/install/my_ur_driver/share/my_ur_driver/my_moveit_config/moveit_controllers/kinematics.yaml
[6.699s] -- Installing: /home/artc/UR_Grasp_Driver/yc_ws/install/my_ur_driver/share/my_ur_driver/my_moveit_config/moveit_controllers/moveit_controllers.yaml
[6.699s] -- Installing: /home/artc/UR_Grasp_Driver/yc_ws/install/my_ur_driver/share/my_ur_driver/my_moveit_config/moveit_controllers/ur_servo.yaml
[6.699s] -- Installing: /home/artc/UR_Grasp_Driver/yc_ws/install/my_ur_driver/share/my_ur_driver/my_moveit_config/moveit_controllers/ompl_planning.yaml
[6.699s] -- Installing: /home/artc/UR_Grasp_Driver/yc_ws/install/my_ur_driver/share/my_ur_driver/my_moveit_config/srdf
[6.699s] -- Installing: /home/artc/UR_Grasp_Driver/yc_ws/install/my_ur_driver/share/my_ur_driver/my_moveit_config/srdf/my_world.macro.srdf.xacro
[6.700s] -- Installing: /home/artc/UR_Grasp_Driver/yc_ws/install/my_ur_driver/share/my_ur_driver/my_moveit_config/srdf/my_world.srdf.xacro
[6.700s] -- Installing: /home/artc/UR_Grasp_Driver/yc_ws/install/my_ur_driver/share/my_ur_driver/my_moveit_config/srdf/my_world_with_gripper.srdf.xacro
[6.700s] -- Installing: /home/artc/UR_Grasp_Driver/yc_ws/install/my_ur_driver/share/my_ur_driver/my_moveit_config/srdf/my_world_with_gripper.macro.srdf.xacro
[6.700s] -- Installing: /home/artc/UR_Grasp_Driver/yc_ws/install/my_ur_driver/share/ament_index/resource_index/package_run_dependencies/my_ur_driver
[6.700s] -- Installing: /home/artc/UR_Grasp_Driver/yc_ws/install/my_ur_driver/share/ament_index/resource_index/parent_prefix_path/my_ur_driver
[6.700s] -- Installing: /home/artc/UR_Grasp_Driver/yc_ws/install/my_ur_driver/share/my_ur_driver/environment/ament_prefix_path.sh
[6.700s] -- Installing: /home/artc/UR_Grasp_Driver/yc_ws/install/my_ur_driver/share/my_ur_driver/environment/ament_prefix_path.dsv
[6.701s] -- Installing: /home/artc/UR_Grasp_Driver/yc_ws/install/my_ur_driver/share/my_ur_driver/environment/path.sh
[6.701s] -- Installing: /home/artc/UR_Grasp_Driver/yc_ws/install/my_ur_driver/share/my_ur_driver/environment/path.dsv
[6.701s] -- Installing: /home/artc/UR_Grasp_Driver/yc_ws/install/my_ur_driver/share/my_ur_driver/local_setup.bash
[6.701s] -- Installing: /home/artc/UR_Grasp_Driver/yc_ws/install/my_ur_driver/share/my_ur_driver/local_setup.sh
[6.701s] -- Installing: /home/artc/UR_Grasp_Driver/yc_ws/install/my_ur_driver/share/my_ur_driver/local_setup.zsh
[6.701s] -- Installing: /home/artc/UR_Grasp_Driver/yc_ws/install/my_ur_driver/share/my_ur_driver/local_setup.dsv
[6.702s] -- Installing: /home/artc/UR_Grasp_Driver/yc_ws/install/my_ur_driver/share/my_ur_driver/package.dsv
[6.702s] -- Installing: /home/artc/UR_Grasp_Driver/yc_ws/install/my_ur_driver/share/ament_index/resource_index/packages/my_ur_driver
[6.702s] -- Installing: /home/artc/UR_Grasp_Driver/yc_ws/install/my_ur_driver/share/my_ur_driver/cmake/my_ur_driverConfig.cmake
[6.702s] -- Installing: /home/artc/UR_Grasp_Driver/yc_ws/install/my_ur_driver/share/my_ur_driver/cmake/my_ur_driverConfig-version.cmake
[6.702s] -- Installing: /home/artc/UR_Grasp_Driver/yc_ws/install/my_ur_driver/share/my_ur_driver/package.xml
[6.705s] Invoked command in '/home/artc/UR_Grasp_Driver/yc_ws/build/my_ur_driver' returned '0': CMAKE_PREFIX_PATH=${CMAKE_PREFIX_PATH}:/home/artc/abdo_ws/install/robotiq_driver:/home/artc/abdo_ws/install/my_libs:/home/artc/abdo_ws/install/anygrasp:/opt/ros/humble CONDA_PROMPT_MODIFIER=(ros2_any) /home/artc/miniconda3/envs/ros2_any/bin/cmake --install /home/artc/UR_Grasp_Driver/yc_ws/build/my_ur_driver
