-- The C compiler identification is GNU 11.4.0
-- The CXX compiler identification is GNU 11.4.0
-- Detecting C compiler ABI info
-- Detecting C compiler ABI info - done
-- Check for working C compiler: /usr/bin/cc - skipped
-- Detecting C compile features
-- Detecting C compile features - done
-- Detecting CXX compiler ABI info
-- Detecting CXX compiler ABI info - done
-- Check for working CXX compiler: /usr/bin/c++ - skipped
-- Detecting CXX compile features
-- Detecting CXX compile features - done
-- Found ament_cmake: 1.3.10 (/opt/ros/humble/share/ament_cmake/cmake)
-- Found Python3: /home/ani/anaconda3/envs/pregrasp/bin/python3 (found version "3.9.19") found components: Interpreter 
-- Override CMake install command with custom implementation using symlinks instead of copying resources
-- Found launch_testing_ament_cmake: 1.0.6 (/opt/ros/humble/share/launch_testing_ament_cmake/cmake)
-- Found python_cmake_module: 0.10.0 (/opt/ros/humble/share/python_cmake_module/cmake)
-- Found PythonInterp: /home/ani/anaconda3/envs/pregrasp/bin/python3 (found suitable version "3.9.19", minimum required is "3.6") 
-- Found PythonLibs: /home/ani/anaconda3/envs/pregrasp/lib/libpython3.9.so (found suitable version "3.9.19", minimum required is "3.5") 
-- Using PYTHON_EXECUTABLE: /home/ani/anaconda3/envs/pregrasp/bin/python3
-- Using PYTHON_INCLUDE_DIRS: /home/ani/anaconda3/envs/pregrasp/include/python3.9
-- Using PYTHON_LIBRARIES: /home/ani/anaconda3/envs/pregrasp/lib/libpython3.9.so
-- Found PythonExtra: .so  
-- Found ament_cmake_pytest: 1.3.10 (/opt/ros/humble/share/ament_cmake_pytest/cmake)
Traceback (most recent call last):
  File "/opt/ros/humble/share/ament_cmake_core/cmake/core/package_xml_2_cmake.py", line 22, in <module>
    from catkin_pkg.package import parse_package_string
ModuleNotFoundError: No module named 'catkin_pkg'
[31mCMake Error at /opt/ros/humble/share/ament_cmake_core/cmake/core/ament_package_xml.cmake:95 (message):
  execute_process(/home/ani/anaconda3/envs/pregrasp/bin/python3
  /opt/ros/humble/share/ament_cmake_core/cmake/core/package_xml_2_cmake.py
-- Configuring incomplete, errors occurred!
See also "/home/ani/ur_grasp_driver/yc_ws/build/ur_simulation_gazebo/CMakeFiles/CMakeOutput.log".
  /home/ani/ur_grasp_driver/yc_ws/src/Universal_Robots_ROS2_Gazebo_Simulation/ur_simulation_gazebo/package.xml
  /home/ani/ur_grasp_driver/yc_ws/build/ur_simulation_gazebo/ament_cmake_core/package.cmake)
  returned error code 1
Call Stack (most recent call first):
  /opt/ros/humble/share/ament_cmake_core/cmake/core/ament_package_xml.cmake:49 (_ament_package_xml)
  /opt/ros/humble/share/ament_cmake_core/cmake/core/ament_package.cmake:63 (ament_package_xml)
  CMakeLists.txt:19 (ament_package)

[0m
