-- The C compiler identification is GNU 11.4.0
-- The CXX compiler identification is GNU 11.4.0
-- Detecting C compiler ABI info
-- Detecting C compiler ABI info - done
-- Check for working C compiler: /usr/bin/cc - skipped
-- Detecting C compile features
-- Detecting C compile features - done
-- Detecting CXX compiler ABI info
-- Detecting CXX compiler ABI info - done
-- Check for working CXX compiler: /usr/bin/c++ - skipped
-- Detecting CXX compile features
-- Detecting CXX compile features - done
-- Found ament_cmake: 1.3.10 (/opt/ros/humble/share/ament_cmake/cmake)
-- Found Python3: /home/ani/anaconda3/envs/pregrasp/bin/python3 (found version "3.9.19") found components: Interpreter 
-- Override CMake install command with custom implementation using symlinks instead of copying resources
-- Found launch_testing_ament_cmake: 1.0.6 (/opt/ros/humble/share/launch_testing_ament_cmake/cmake)
-- Found python_cmake_module: 0.10.0 (/opt/ros/humble/share/python_cmake_module/cmake)
-- Found PythonInterp: /home/ani/anaconda3/envs/pregrasp/bin/python3 (found suitable version "3.9.19", minimum required is "3.6") 
-- Found PythonLibs: /home/ani/anaconda3/envs/pregrasp/lib/libpython3.9.so (found suitable version "3.9.19", minimum required is "3.5") 
-- Using PYTHON_EXECUTABLE: /home/ani/anaconda3/envs/pregrasp/bin/python3
-- Using PYTHON_INCLUDE_DIRS: /home/ani/anaconda3/envs/pregrasp/include/python3.9
-- Using PYTHON_LIBRARIES: /home/ani/anaconda3/envs/pregrasp/lib/libpython3.9.so
-- Found PythonExtra: .so  
-- Found ament_cmake_pytest: 1.3.10 (/opt/ros/humble/share/ament_cmake_pytest/cmake)
-- Configuring incomplete, errors occurred!
See also "/home/ani/ur_grasp_driver/yc_ws/build/ur_simulation_gazebo/CMakeFiles/CMakeOutput.log".
