[0.436s] Invoking command in '/home/ani/ur_grasp_driver/yc_ws/build/ur_simulation_gazebo': CMAKE_PREFIX_PATH=${CMAKE_PREFIX_PATH}:/opt/ros/humble CONDA_PROMPT_MODIFIER=(pregrasp) /usr/bin/cmake /home/ani/ur_grasp_driver/yc_ws/src/Universal_Robots_ROS2_Gazebo_Simulation/ur_simulation_gazebo -DAMENT_CMAKE_SYMLINK_INSTALL=1 -DCMAKE_INSTALL_PREFIX=/home/ani/ur_grasp_driver/yc_ws/install/ur_simulation_gazebo
[0.483s] -- The C compiler identification is GNU 11.4.0
[0.524s] -- The CXX compiler identification is GNU 11.4.0
[0.529s] -- Detecting C compiler ABI info
[0.587s] -- Detecting C compiler ABI info - done
[0.591s] -- Check for working C compiler: /usr/bin/cc - skipped
[0.591s] -- Detecting C compile features
[0.591s] -- Detecting C compile features - done
[0.593s] -- Detecting CXX compiler ABI info
[0.650s] -- Detecting CXX compiler ABI info - done
[0.656s] -- Check for working CXX compiler: /usr/bin/c++ - skipped
[0.656s] -- Detecting CXX compile features
[0.656s] -- Detecting CXX compile features - done
[0.658s] -- Found ament_cmake: 1.3.10 (/opt/ros/humble/share/ament_cmake/cmake)
[0.892s] -- Found Python3: /home/ani/anaconda3/envs/pregrasp/bin/python3 (found version "3.9.19") found components: Interpreter 
[0.933s] -- Override CMake install command with custom implementation using symlinks instead of copying resources
[0.959s] -- Found launch_testing_ament_cmake: 1.0.6 (/opt/ros/humble/share/launch_testing_ament_cmake/cmake)
[0.960s] -- Found python_cmake_module: 0.10.0 (/opt/ros/humble/share/python_cmake_module/cmake)
[0.972s] -- Found PythonInterp: /home/ani/anaconda3/envs/pregrasp/bin/python3 (found suitable version "3.9.19", minimum required is "3.6") 
[0.982s] -- Found PythonLibs: /home/ani/anaconda3/envs/pregrasp/lib/libpython3.9.so (found suitable version "3.9.19", minimum required is "3.5") 
[0.982s] -- Using PYTHON_EXECUTABLE: /home/ani/anaconda3/envs/pregrasp/bin/python3
[0.982s] -- Using PYTHON_INCLUDE_DIRS: /home/ani/anaconda3/envs/pregrasp/include/python3.9
[0.982s] -- Using PYTHON_LIBRARIES: /home/ani/anaconda3/envs/pregrasp/lib/libpython3.9.so
[0.994s] -- Found PythonExtra: .so  
[0.996s] -- Found ament_cmake_pytest: 1.3.10 (/opt/ros/humble/share/ament_cmake_pytest/cmake)
[1.011s] Traceback (most recent call last):
[1.011s]   File "/opt/ros/humble/share/ament_cmake_core/cmake/core/package_xml_2_cmake.py", line 22, in <module>
[1.011s]     from catkin_pkg.package import parse_package_string
[1.011s] ModuleNotFoundError: No module named 'catkin_pkg'
[1.013s] [31mCMake Error at /opt/ros/humble/share/ament_cmake_core/cmake/core/ament_package_xml.cmake:95 (message):
[1.013s]   execute_process(/home/ani/anaconda3/envs/pregrasp/bin/python3
[1.013s]   /opt/ros/humble/share/ament_cmake_core/cmake/core/package_xml_2_cmake.py
[1.013s] -- Configuring incomplete, errors occurred!
[1.013s] See also "/home/ani/ur_grasp_driver/yc_ws/build/ur_simulation_gazebo/CMakeFiles/CMakeOutput.log".
[1.014s]   /home/ani/ur_grasp_driver/yc_ws/src/Universal_Robots_ROS2_Gazebo_Simulation/ur_simulation_gazebo/package.xml
[1.014s]   /home/ani/ur_grasp_driver/yc_ws/build/ur_simulation_gazebo/ament_cmake_core/package.cmake)
[1.014s]   returned error code 1
[1.014s] Call Stack (most recent call first):
[1.014s]   /opt/ros/humble/share/ament_cmake_core/cmake/core/ament_package_xml.cmake:49 (_ament_package_xml)
[1.014s]   /opt/ros/humble/share/ament_cmake_core/cmake/core/ament_package.cmake:63 (ament_package_xml)
[1.014s]   CMakeLists.txt:19 (ament_package)
[1.014s] 
[1.014s] [0m
