[0.071s] DEBUG:colcon:Command line arguments: ['/usr/bin/colcon', 'build', '--symlink-install']
[0.071s] DEBUG:colcon:Parsed command line arguments: Namespace(log_base=None, log_level=None, verb_name='build', build_base='build', install_base='install', merge_install=False, symlink_install=True, test_result_base=None, continue_on_error=False, executor='parallel', parallel_workers=12, event_handlers=None, ignore_user_meta=False, metas=['./colcon.meta'], base_paths=['.'], packages_ignore=None, packages_ignore_regex=None, paths=None, packages_up_to=None, packages_up_to_regex=None, packages_above=None, packages_above_and_dependencies=None, packages_above_depth=None, packages_select_by_dep=None, packages_skip_by_dep=None, packages_skip_up_to=None, packages_select_build_failed=False, packages_skip_build_finished=False, packages_select_test_failures=False, packages_skip_test_passed=False, packages_select=None, packages_skip=None, packages_select_regex=None, packages_skip_regex=None, packages_start=None, packages_end=None, allow_overriding=[], cmake_args=None, cmake_target=None, cmake_target_skip_unavailable=False, cmake_clean_cache=False, cmake_clean_first=False, cmake_force_configure=False, ament_cmake_args=None, catkin_cmake_args=None, catkin_skip_building_tests=False, verb_parser=<colcon_defaults.argument_parser.defaults.DefaultArgumentsDecorator object at 0x70d2d2e15750>, verb_extension=<colcon_core.verb.build.BuildVerb object at 0x70d2d2fa9de0>, main=<bound method BuildVerb.main of <colcon_core.verb.build.BuildVerb object at 0x70d2d2fa9de0>>)
[0.105s] Level 1:colcon.colcon_core.package_discovery:discover_packages(colcon_meta) check parameters
[0.105s] Level 1:colcon.colcon_core.package_discovery:discover_packages(recursive) check parameters
[0.105s] Level 1:colcon.colcon_core.package_discovery:discover_packages(ignore) check parameters
[0.105s] Level 1:colcon.colcon_core.package_discovery:discover_packages(path) check parameters
[0.105s] Level 1:colcon.colcon_core.package_discovery:discover_packages(colcon_meta) discover
[0.105s] Level 1:colcon.colcon_core.package_discovery:discover_packages(recursive) discover
[0.105s] INFO:colcon.colcon_core.package_discovery:Crawling recursively for packages in '/home/ani/ur_grasp_driver/yc_ws'
[0.105s] Level 1:colcon.colcon_core.package_identification:_identify(.) by extensions ['ignore', 'ignore_ament_install']
[0.105s] Level 1:colcon.colcon_core.package_identification:_identify(.) by extension 'ignore'
[0.105s] Level 1:colcon.colcon_core.package_identification:_identify(.) by extension 'ignore_ament_install'
[0.105s] Level 1:colcon.colcon_core.package_identification:_identify(.) by extensions ['colcon_pkg']
[0.105s] Level 1:colcon.colcon_core.package_identification:_identify(.) by extension 'colcon_pkg'
[0.105s] Level 1:colcon.colcon_core.package_identification:_identify(.) by extensions ['colcon_meta']
[0.105s] Level 1:colcon.colcon_core.package_identification:_identify(.) by extension 'colcon_meta'
[0.105s] Level 1:colcon.colcon_core.package_identification:_identify(.) by extensions ['ros']
[0.105s] Level 1:colcon.colcon_core.package_identification:_identify(.) by extension 'ros'
[0.107s] Level 1:colcon.colcon_core.package_identification:_identify(.) by extensions ['cmake', 'python']
[0.107s] Level 1:colcon.colcon_core.package_identification:_identify(.) by extension 'cmake'
[0.107s] Level 1:colcon.colcon_core.package_identification:_identify(.) by extension 'python'
[0.107s] Level 1:colcon.colcon_core.package_identification:_identify(.) by extensions ['python_setup_py']
[0.107s] Level 1:colcon.colcon_core.package_identification:_identify(.) by extension 'python_setup_py'
[0.107s] Level 1:colcon.colcon_core.package_identification:_identify(build) by extensions ['ignore', 'ignore_ament_install']
[0.107s] Level 1:colcon.colcon_core.package_identification:_identify(build) by extension 'ignore'
[0.107s] Level 1:colcon.colcon_core.package_identification:_identify(build) ignored
[0.108s] Level 1:colcon.colcon_core.package_identification:_identify(install) by extensions ['ignore', 'ignore_ament_install']
[0.108s] Level 1:colcon.colcon_core.package_identification:_identify(install) by extension 'ignore'
[0.108s] Level 1:colcon.colcon_core.package_identification:_identify(install) ignored
[0.108s] Level 1:colcon.colcon_core.package_identification:_identify(log) by extensions ['ignore', 'ignore_ament_install']
[0.108s] Level 1:colcon.colcon_core.package_identification:_identify(log) by extension 'ignore'
[0.108s] Level 1:colcon.colcon_core.package_identification:_identify(log) ignored
[0.108s] Level 1:colcon.colcon_core.package_identification:_identify(src) by extensions ['ignore', 'ignore_ament_install']
[0.108s] Level 1:colcon.colcon_core.package_identification:_identify(src) by extension 'ignore'
[0.108s] Level 1:colcon.colcon_core.package_identification:_identify(src) by extension 'ignore_ament_install'
[0.108s] Level 1:colcon.colcon_core.package_identification:_identify(src) by extensions ['colcon_pkg']
[0.108s] Level 1:colcon.colcon_core.package_identification:_identify(src) by extension 'colcon_pkg'
[0.108s] Level 1:colcon.colcon_core.package_identification:_identify(src) by extensions ['colcon_meta']
[0.108s] Level 1:colcon.colcon_core.package_identification:_identify(src) by extension 'colcon_meta'
[0.108s] Level 1:colcon.colcon_core.package_identification:_identify(src) by extensions ['ros']
[0.108s] Level 1:colcon.colcon_core.package_identification:_identify(src) by extension 'ros'
[0.108s] Level 1:colcon.colcon_core.package_identification:_identify(src) by extensions ['cmake', 'python']
[0.108s] Level 1:colcon.colcon_core.package_identification:_identify(src) by extension 'cmake'
[0.108s] Level 1:colcon.colcon_core.package_identification:_identify(src) by extension 'python'
[0.108s] Level 1:colcon.colcon_core.package_identification:_identify(src) by extensions ['python_setup_py']
[0.108s] Level 1:colcon.colcon_core.package_identification:_identify(src) by extension 'python_setup_py'
[0.108s] Level 1:colcon.colcon_core.package_identification:_identify(src/Universal_Robots_ROS2_Gazebo_Simulation) by extensions ['ignore', 'ignore_ament_install']
[0.108s] Level 1:colcon.colcon_core.package_identification:_identify(src/Universal_Robots_ROS2_Gazebo_Simulation) by extension 'ignore'
[0.108s] Level 1:colcon.colcon_core.package_identification:_identify(src/Universal_Robots_ROS2_Gazebo_Simulation) by extension 'ignore_ament_install'
[0.108s] Level 1:colcon.colcon_core.package_identification:_identify(src/Universal_Robots_ROS2_Gazebo_Simulation) by extensions ['colcon_pkg']
[0.108s] Level 1:colcon.colcon_core.package_identification:_identify(src/Universal_Robots_ROS2_Gazebo_Simulation) by extension 'colcon_pkg'
[0.108s] Level 1:colcon.colcon_core.package_identification:_identify(src/Universal_Robots_ROS2_Gazebo_Simulation) by extensions ['colcon_meta']
[0.108s] Level 1:colcon.colcon_core.package_identification:_identify(src/Universal_Robots_ROS2_Gazebo_Simulation) by extension 'colcon_meta'
[0.109s] Level 1:colcon.colcon_core.package_identification:_identify(src/Universal_Robots_ROS2_Gazebo_Simulation) by extensions ['ros']
[0.109s] Level 1:colcon.colcon_core.package_identification:_identify(src/Universal_Robots_ROS2_Gazebo_Simulation) by extension 'ros'
[0.109s] Level 1:colcon.colcon_core.package_identification:_identify(src/Universal_Robots_ROS2_Gazebo_Simulation) by extensions ['cmake', 'python']
[0.109s] Level 1:colcon.colcon_core.package_identification:_identify(src/Universal_Robots_ROS2_Gazebo_Simulation) by extension 'cmake'
[0.109s] Level 1:colcon.colcon_core.package_identification:_identify(src/Universal_Robots_ROS2_Gazebo_Simulation) by extension 'python'
[0.109s] Level 1:colcon.colcon_core.package_identification:_identify(src/Universal_Robots_ROS2_Gazebo_Simulation) by extensions ['python_setup_py']
[0.109s] Level 1:colcon.colcon_core.package_identification:_identify(src/Universal_Robots_ROS2_Gazebo_Simulation) by extension 'python_setup_py'
[0.109s] Level 1:colcon.colcon_core.package_identification:_identify(src/Universal_Robots_ROS2_Gazebo_Simulation/ur_simulation_gazebo) by extensions ['ignore', 'ignore_ament_install']
[0.109s] Level 1:colcon.colcon_core.package_identification:_identify(src/Universal_Robots_ROS2_Gazebo_Simulation/ur_simulation_gazebo) by extension 'ignore'
[0.109s] Level 1:colcon.colcon_core.package_identification:_identify(src/Universal_Robots_ROS2_Gazebo_Simulation/ur_simulation_gazebo) by extension 'ignore_ament_install'
[0.109s] Level 1:colcon.colcon_core.package_identification:_identify(src/Universal_Robots_ROS2_Gazebo_Simulation/ur_simulation_gazebo) by extensions ['colcon_pkg']
[0.109s] Level 1:colcon.colcon_core.package_identification:_identify(src/Universal_Robots_ROS2_Gazebo_Simulation/ur_simulation_gazebo) by extension 'colcon_pkg'
[0.109s] Level 1:colcon.colcon_core.package_identification:_identify(src/Universal_Robots_ROS2_Gazebo_Simulation/ur_simulation_gazebo) by extensions ['colcon_meta']
[0.109s] Level 1:colcon.colcon_core.package_identification:_identify(src/Universal_Robots_ROS2_Gazebo_Simulation/ur_simulation_gazebo) by extension 'colcon_meta'
[0.109s] Level 1:colcon.colcon_core.package_identification:_identify(src/Universal_Robots_ROS2_Gazebo_Simulation/ur_simulation_gazebo) by extensions ['ros']
[0.109s] Level 1:colcon.colcon_core.package_identification:_identify(src/Universal_Robots_ROS2_Gazebo_Simulation/ur_simulation_gazebo) by extension 'ros'
[0.111s] DEBUG:colcon.colcon_core.package_identification:Package 'src/Universal_Robots_ROS2_Gazebo_Simulation/ur_simulation_gazebo' with type 'ros.ament_cmake' and name 'ur_simulation_gazebo'
[0.111s] Level 1:colcon.colcon_core.package_identification:_identify(src/diffusion) by extensions ['ignore', 'ignore_ament_install']
[0.111s] Level 1:colcon.colcon_core.package_identification:_identify(src/diffusion) by extension 'ignore'
[0.111s] Level 1:colcon.colcon_core.package_identification:_identify(src/diffusion) by extension 'ignore_ament_install'
[0.111s] Level 1:colcon.colcon_core.package_identification:_identify(src/diffusion) by extensions ['colcon_pkg']
[0.111s] Level 1:colcon.colcon_core.package_identification:_identify(src/diffusion) by extension 'colcon_pkg'
[0.111s] Level 1:colcon.colcon_core.package_identification:_identify(src/diffusion) by extensions ['colcon_meta']
[0.111s] Level 1:colcon.colcon_core.package_identification:_identify(src/diffusion) by extension 'colcon_meta'
[0.111s] Level 1:colcon.colcon_core.package_identification:_identify(src/diffusion) by extensions ['ros']
[0.111s] Level 1:colcon.colcon_core.package_identification:_identify(src/diffusion) by extension 'ros'
[0.111s] DEBUG:colcon.colcon_core.package_identification:Package 'src/diffusion' with type 'ros.ament_python' and name 'diffusion'
[0.111s] Level 1:colcon.colcon_core.package_identification:_identify(src/find_grasp) by extensions ['ignore', 'ignore_ament_install']
[0.111s] Level 1:colcon.colcon_core.package_identification:_identify(src/find_grasp) by extension 'ignore'
[0.111s] Level 1:colcon.colcon_core.package_identification:_identify(src/find_grasp) by extension 'ignore_ament_install'
[0.111s] Level 1:colcon.colcon_core.package_identification:_identify(src/find_grasp) by extensions ['colcon_pkg']
[0.111s] Level 1:colcon.colcon_core.package_identification:_identify(src/find_grasp) by extension 'colcon_pkg'
[0.111s] Level 1:colcon.colcon_core.package_identification:_identify(src/find_grasp) by extensions ['colcon_meta']
[0.111s] Level 1:colcon.colcon_core.package_identification:_identify(src/find_grasp) by extension 'colcon_meta'
[0.112s] Level 1:colcon.colcon_core.package_identification:_identify(src/find_grasp) by extensions ['ros']
[0.112s] Level 1:colcon.colcon_core.package_identification:_identify(src/find_grasp) by extension 'ros'
[0.112s] DEBUG:colcon.colcon_core.package_identification:Package 'src/find_grasp' with type 'ros.ament_python' and name 'find_grasp'
[0.112s] Level 1:colcon.colcon_core.package_identification:_identify(src/frames) by extensions ['ignore', 'ignore_ament_install']
[0.113s] Level 1:colcon.colcon_core.package_identification:_identify(src/frames) by extension 'ignore'
[0.113s] Level 1:colcon.colcon_core.package_identification:_identify(src/frames) by extension 'ignore_ament_install'
[0.113s] Level 1:colcon.colcon_core.package_identification:_identify(src/frames) by extensions ['colcon_pkg']
[0.113s] Level 1:colcon.colcon_core.package_identification:_identify(src/frames) by extension 'colcon_pkg'
[0.113s] Level 1:colcon.colcon_core.package_identification:_identify(src/frames) by extensions ['colcon_meta']
[0.113s] Level 1:colcon.colcon_core.package_identification:_identify(src/frames) by extension 'colcon_meta'
[0.113s] Level 1:colcon.colcon_core.package_identification:_identify(src/frames) by extensions ['ros']
[0.113s] Level 1:colcon.colcon_core.package_identification:_identify(src/frames) by extension 'ros'
[0.114s] DEBUG:colcon.colcon_core.package_identification:Package 'src/frames' with type 'ros.ament_python' and name 'frames'
[0.114s] Level 1:colcon.colcon_core.package_identification:_identify(src/my_ur_driver) by extensions ['ignore', 'ignore_ament_install']
[0.114s] Level 1:colcon.colcon_core.package_identification:_identify(src/my_ur_driver) by extension 'ignore'
[0.114s] Level 1:colcon.colcon_core.package_identification:_identify(src/my_ur_driver) by extension 'ignore_ament_install'
[0.114s] Level 1:colcon.colcon_core.package_identification:_identify(src/my_ur_driver) by extensions ['colcon_pkg']
[0.114s] Level 1:colcon.colcon_core.package_identification:_identify(src/my_ur_driver) by extension 'colcon_pkg'
[0.114s] Level 1:colcon.colcon_core.package_identification:_identify(src/my_ur_driver) by extensions ['colcon_meta']
[0.114s] Level 1:colcon.colcon_core.package_identification:_identify(src/my_ur_driver) by extension 'colcon_meta'
[0.114s] Level 1:colcon.colcon_core.package_identification:_identify(src/my_ur_driver) by extensions ['ros']
[0.114s] Level 1:colcon.colcon_core.package_identification:_identify(src/my_ur_driver) by extension 'ros'
[0.114s] DEBUG:colcon.colcon_core.package_identification:Package 'src/my_ur_driver' with type 'ros.ament_cmake' and name 'my_ur_driver'
[0.115s] Level 1:colcon.colcon_core.package_identification:_identify(src/serial) by extensions ['ignore', 'ignore_ament_install']
[0.115s] Level 1:colcon.colcon_core.package_identification:_identify(src/serial) by extension 'ignore'
[0.115s] Level 1:colcon.colcon_core.package_identification:_identify(src/serial) by extension 'ignore_ament_install'
[0.115s] Level 1:colcon.colcon_core.package_identification:_identify(src/serial) by extensions ['colcon_pkg']
[0.115s] Level 1:colcon.colcon_core.package_identification:_identify(src/serial) by extension 'colcon_pkg'
[0.115s] Level 1:colcon.colcon_core.package_identification:_identify(src/serial) by extensions ['colcon_meta']
[0.115s] Level 1:colcon.colcon_core.package_identification:_identify(src/serial) by extension 'colcon_meta'
[0.115s] Level 1:colcon.colcon_core.package_identification:_identify(src/serial) by extensions ['ros']
[0.115s] Level 1:colcon.colcon_core.package_identification:_identify(src/serial) by extension 'ros'
[0.115s] DEBUG:colcon.colcon_core.package_identification:Package 'src/serial' with type 'ros.ament_cmake' and name 'serial'
[0.115s] Level 1:colcon.colcon_core.package_identification:_identify(src/ur_calibration) by extensions ['ignore', 'ignore_ament_install']
[0.115s] Level 1:colcon.colcon_core.package_identification:_identify(src/ur_calibration) by extension 'ignore'
[0.115s] Level 1:colcon.colcon_core.package_identification:_identify(src/ur_calibration) by extension 'ignore_ament_install'
[0.115s] Level 1:colcon.colcon_core.package_identification:_identify(src/ur_calibration) by extensions ['colcon_pkg']
[0.115s] Level 1:colcon.colcon_core.package_identification:_identify(src/ur_calibration) by extension 'colcon_pkg'
[0.115s] Level 1:colcon.colcon_core.package_identification:_identify(src/ur_calibration) by extensions ['colcon_meta']
[0.115s] Level 1:colcon.colcon_core.package_identification:_identify(src/ur_calibration) by extension 'colcon_meta'
[0.115s] Level 1:colcon.colcon_core.package_identification:_identify(src/ur_calibration) by extensions ['ros']
[0.115s] Level 1:colcon.colcon_core.package_identification:_identify(src/ur_calibration) by extension 'ros'
[0.116s] DEBUG:colcon.colcon_core.package_identification:Package 'src/ur_calibration' with type 'ros.ament_cmake' and name 'ur_calibration'
[0.116s] Level 1:colcon.colcon_core.package_discovery:discover_packages(recursive) using defaults
[0.116s] Level 1:colcon.colcon_core.package_discovery:discover_packages(ignore) discover
[0.116s] Level 1:colcon.colcon_core.package_discovery:discover_packages(ignore) using defaults
[0.116s] Level 1:colcon.colcon_core.package_discovery:discover_packages(path) discover
[0.116s] Level 1:colcon.colcon_core.package_discovery:discover_packages(path) using defaults
[0.129s] Level 1:colcon.colcon_core.package_discovery:discover_packages(prefix_path) check parameters
[0.129s] Level 1:colcon.colcon_core.package_discovery:discover_packages(prefix_path) discover
[0.130s] DEBUG:colcon.colcon_installed_package_information.package_discovery:Found 4 installed packages in /home/ani/ur_grasp_driver/yc_ws/install
[0.132s] DEBUG:colcon.colcon_installed_package_information.package_discovery:Found 356 installed packages in /opt/ros/humble
[0.133s] Level 1:colcon.colcon_core.package_discovery:discover_packages(prefix_path) using defaults
[0.162s] Level 5:colcon.colcon_core.verb:set package 'diffusion' build argument 'cmake_args' from command line to 'None'
[0.162s] Level 5:colcon.colcon_core.verb:set package 'diffusion' build argument 'cmake_target' from command line to 'None'
[0.162s] Level 5:colcon.colcon_core.verb:set package 'diffusion' build argument 'cmake_target_skip_unavailable' from command line to 'False'
[0.162s] Level 5:colcon.colcon_core.verb:set package 'diffusion' build argument 'cmake_clean_cache' from command line to 'False'
[0.162s] Level 5:colcon.colcon_core.verb:set package 'diffusion' build argument 'cmake_clean_first' from command line to 'False'
[0.162s] Level 5:colcon.colcon_core.verb:set package 'diffusion' build argument 'cmake_force_configure' from command line to 'False'
[0.162s] Level 5:colcon.colcon_core.verb:set package 'diffusion' build argument 'ament_cmake_args' from command line to 'None'
[0.162s] Level 5:colcon.colcon_core.verb:set package 'diffusion' build argument 'catkin_cmake_args' from command line to 'None'
[0.162s] Level 5:colcon.colcon_core.verb:set package 'diffusion' build argument 'catkin_skip_building_tests' from command line to 'False'
[0.162s] DEBUG:colcon.colcon_core.verb:Building package 'diffusion' with the following arguments: {'ament_cmake_args': None, 'build_base': '/home/ani/ur_grasp_driver/yc_ws/build/diffusion', 'catkin_cmake_args': None, 'catkin_skip_building_tests': False, 'cmake_args': None, 'cmake_clean_cache': False, 'cmake_clean_first': False, 'cmake_force_configure': False, 'cmake_target': None, 'cmake_target_skip_unavailable': False, 'install_base': '/home/ani/ur_grasp_driver/yc_ws/install/diffusion', 'merge_install': False, 'path': '/home/ani/ur_grasp_driver/yc_ws/src/diffusion', 'symlink_install': True, 'test_result_base': None}
[0.162s] Level 5:colcon.colcon_core.verb:set package 'find_grasp' build argument 'cmake_args' from command line to 'None'
[0.162s] Level 5:colcon.colcon_core.verb:set package 'find_grasp' build argument 'cmake_target' from command line to 'None'
[0.162s] Level 5:colcon.colcon_core.verb:set package 'find_grasp' build argument 'cmake_target_skip_unavailable' from command line to 'False'
[0.162s] Level 5:colcon.colcon_core.verb:set package 'find_grasp' build argument 'cmake_clean_cache' from command line to 'False'
[0.162s] Level 5:colcon.colcon_core.verb:set package 'find_grasp' build argument 'cmake_clean_first' from command line to 'False'
[0.162s] Level 5:colcon.colcon_core.verb:set package 'find_grasp' build argument 'cmake_force_configure' from command line to 'False'
[0.162s] Level 5:colcon.colcon_core.verb:set package 'find_grasp' build argument 'ament_cmake_args' from command line to 'None'
[0.162s] Level 5:colcon.colcon_core.verb:set package 'find_grasp' build argument 'catkin_cmake_args' from command line to 'None'
[0.162s] Level 5:colcon.colcon_core.verb:set package 'find_grasp' build argument 'catkin_skip_building_tests' from command line to 'False'
[0.162s] DEBUG:colcon.colcon_core.verb:Building package 'find_grasp' with the following arguments: {'ament_cmake_args': None, 'build_base': '/home/ani/ur_grasp_driver/yc_ws/build/find_grasp', 'catkin_cmake_args': None, 'catkin_skip_building_tests': False, 'cmake_args': None, 'cmake_clean_cache': False, 'cmake_clean_first': False, 'cmake_force_configure': False, 'cmake_target': None, 'cmake_target_skip_unavailable': False, 'install_base': '/home/ani/ur_grasp_driver/yc_ws/install/find_grasp', 'merge_install': False, 'path': '/home/ani/ur_grasp_driver/yc_ws/src/find_grasp', 'symlink_install': True, 'test_result_base': None}
[0.163s] Level 5:colcon.colcon_core.verb:set package 'frames' build argument 'cmake_args' from command line to 'None'
[0.163s] Level 5:colcon.colcon_core.verb:set package 'frames' build argument 'cmake_target' from command line to 'None'
[0.163s] Level 5:colcon.colcon_core.verb:set package 'frames' build argument 'cmake_target_skip_unavailable' from command line to 'False'
[0.163s] Level 5:colcon.colcon_core.verb:set package 'frames' build argument 'cmake_clean_cache' from command line to 'False'
[0.163s] Level 5:colcon.colcon_core.verb:set package 'frames' build argument 'cmake_clean_first' from command line to 'False'
[0.163s] Level 5:colcon.colcon_core.verb:set package 'frames' build argument 'cmake_force_configure' from command line to 'False'
[0.163s] Level 5:colcon.colcon_core.verb:set package 'frames' build argument 'ament_cmake_args' from command line to 'None'
[0.163s] Level 5:colcon.colcon_core.verb:set package 'frames' build argument 'catkin_cmake_args' from command line to 'None'
[0.163s] Level 5:colcon.colcon_core.verb:set package 'frames' build argument 'catkin_skip_building_tests' from command line to 'False'
[0.163s] DEBUG:colcon.colcon_core.verb:Building package 'frames' with the following arguments: {'ament_cmake_args': None, 'build_base': '/home/ani/ur_grasp_driver/yc_ws/build/frames', 'catkin_cmake_args': None, 'catkin_skip_building_tests': False, 'cmake_args': None, 'cmake_clean_cache': False, 'cmake_clean_first': False, 'cmake_force_configure': False, 'cmake_target': None, 'cmake_target_skip_unavailable': False, 'install_base': '/home/ani/ur_grasp_driver/yc_ws/install/frames', 'merge_install': False, 'path': '/home/ani/ur_grasp_driver/yc_ws/src/frames', 'symlink_install': True, 'test_result_base': None}
[0.163s] Level 5:colcon.colcon_core.verb:set package 'my_ur_driver' build argument 'cmake_args' from command line to 'None'
[0.163s] Level 5:colcon.colcon_core.verb:set package 'my_ur_driver' build argument 'cmake_target' from command line to 'None'
[0.163s] Level 5:colcon.colcon_core.verb:set package 'my_ur_driver' build argument 'cmake_target_skip_unavailable' from command line to 'False'
[0.163s] Level 5:colcon.colcon_core.verb:set package 'my_ur_driver' build argument 'cmake_clean_cache' from command line to 'False'
[0.163s] Level 5:colcon.colcon_core.verb:set package 'my_ur_driver' build argument 'cmake_clean_first' from command line to 'False'
[0.163s] Level 5:colcon.colcon_core.verb:set package 'my_ur_driver' build argument 'cmake_force_configure' from command line to 'False'
[0.163s] Level 5:colcon.colcon_core.verb:set package 'my_ur_driver' build argument 'ament_cmake_args' from command line to 'None'
[0.163s] Level 5:colcon.colcon_core.verb:set package 'my_ur_driver' build argument 'catkin_cmake_args' from command line to 'None'
[0.163s] Level 5:colcon.colcon_core.verb:set package 'my_ur_driver' build argument 'catkin_skip_building_tests' from command line to 'False'
[0.163s] DEBUG:colcon.colcon_core.verb:Building package 'my_ur_driver' with the following arguments: {'ament_cmake_args': None, 'build_base': '/home/ani/ur_grasp_driver/yc_ws/build/my_ur_driver', 'catkin_cmake_args': None, 'catkin_skip_building_tests': False, 'cmake_args': None, 'cmake_clean_cache': False, 'cmake_clean_first': False, 'cmake_force_configure': False, 'cmake_target': None, 'cmake_target_skip_unavailable': False, 'install_base': '/home/ani/ur_grasp_driver/yc_ws/install/my_ur_driver', 'merge_install': False, 'path': '/home/ani/ur_grasp_driver/yc_ws/src/my_ur_driver', 'symlink_install': True, 'test_result_base': None}
[0.163s] Level 5:colcon.colcon_core.verb:set package 'serial' build argument 'cmake_args' from command line to 'None'
[0.163s] Level 5:colcon.colcon_core.verb:set package 'serial' build argument 'cmake_target' from command line to 'None'
[0.163s] Level 5:colcon.colcon_core.verb:set package 'serial' build argument 'cmake_target_skip_unavailable' from command line to 'False'
[0.163s] Level 5:colcon.colcon_core.verb:set package 'serial' build argument 'cmake_clean_cache' from command line to 'False'
[0.163s] Level 5:colcon.colcon_core.verb:set package 'serial' build argument 'cmake_clean_first' from command line to 'False'
[0.163s] Level 5:colcon.colcon_core.verb:set package 'serial' build argument 'cmake_force_configure' from command line to 'False'
[0.163s] Level 5:colcon.colcon_core.verb:set package 'serial' build argument 'ament_cmake_args' from command line to 'None'
[0.163s] Level 5:colcon.colcon_core.verb:set package 'serial' build argument 'catkin_cmake_args' from command line to 'None'
[0.163s] Level 5:colcon.colcon_core.verb:set package 'serial' build argument 'catkin_skip_building_tests' from command line to 'False'
[0.163s] DEBUG:colcon.colcon_core.verb:Building package 'serial' with the following arguments: {'ament_cmake_args': None, 'build_base': '/home/ani/ur_grasp_driver/yc_ws/build/serial', 'catkin_cmake_args': None, 'catkin_skip_building_tests': False, 'cmake_args': None, 'cmake_clean_cache': False, 'cmake_clean_first': False, 'cmake_force_configure': False, 'cmake_target': None, 'cmake_target_skip_unavailable': False, 'install_base': '/home/ani/ur_grasp_driver/yc_ws/install/serial', 'merge_install': False, 'path': '/home/ani/ur_grasp_driver/yc_ws/src/serial', 'symlink_install': True, 'test_result_base': None}
[0.164s] Level 5:colcon.colcon_core.verb:set package 'ur_calibration' build argument 'cmake_args' from command line to 'None'
[0.164s] Level 5:colcon.colcon_core.verb:set package 'ur_calibration' build argument 'cmake_target' from command line to 'None'
[0.164s] Level 5:colcon.colcon_core.verb:set package 'ur_calibration' build argument 'cmake_target_skip_unavailable' from command line to 'False'
[0.164s] Level 5:colcon.colcon_core.verb:set package 'ur_calibration' build argument 'cmake_clean_cache' from command line to 'False'
[0.164s] Level 5:colcon.colcon_core.verb:set package 'ur_calibration' build argument 'cmake_clean_first' from command line to 'False'
[0.164s] Level 5:colcon.colcon_core.verb:set package 'ur_calibration' build argument 'cmake_force_configure' from command line to 'False'
[0.164s] Level 5:colcon.colcon_core.verb:set package 'ur_calibration' build argument 'ament_cmake_args' from command line to 'None'
[0.164s] Level 5:colcon.colcon_core.verb:set package 'ur_calibration' build argument 'catkin_cmake_args' from command line to 'None'
[0.164s] Level 5:colcon.colcon_core.verb:set package 'ur_calibration' build argument 'catkin_skip_building_tests' from command line to 'False'
[0.164s] DEBUG:colcon.colcon_core.verb:Building package 'ur_calibration' with the following arguments: {'ament_cmake_args': None, 'build_base': '/home/ani/ur_grasp_driver/yc_ws/build/ur_calibration', 'catkin_cmake_args': None, 'catkin_skip_building_tests': False, 'cmake_args': None, 'cmake_clean_cache': False, 'cmake_clean_first': False, 'cmake_force_configure': False, 'cmake_target': None, 'cmake_target_skip_unavailable': False, 'install_base': '/home/ani/ur_grasp_driver/yc_ws/install/ur_calibration', 'merge_install': False, 'path': '/home/ani/ur_grasp_driver/yc_ws/src/ur_calibration', 'symlink_install': True, 'test_result_base': None}
[0.164s] Level 5:colcon.colcon_core.verb:set package 'ur_simulation_gazebo' build argument 'cmake_args' from command line to 'None'
[0.164s] Level 5:colcon.colcon_core.verb:set package 'ur_simulation_gazebo' build argument 'cmake_target' from command line to 'None'
[0.164s] Level 5:colcon.colcon_core.verb:set package 'ur_simulation_gazebo' build argument 'cmake_target_skip_unavailable' from command line to 'False'
[0.164s] Level 5:colcon.colcon_core.verb:set package 'ur_simulation_gazebo' build argument 'cmake_clean_cache' from command line to 'False'
[0.164s] Level 5:colcon.colcon_core.verb:set package 'ur_simulation_gazebo' build argument 'cmake_clean_first' from command line to 'False'
[0.164s] Level 5:colcon.colcon_core.verb:set package 'ur_simulation_gazebo' build argument 'cmake_force_configure' from command line to 'False'
[0.164s] Level 5:colcon.colcon_core.verb:set package 'ur_simulation_gazebo' build argument 'ament_cmake_args' from command line to 'None'
[0.164s] Level 5:colcon.colcon_core.verb:set package 'ur_simulation_gazebo' build argument 'catkin_cmake_args' from command line to 'None'
[0.164s] Level 5:colcon.colcon_core.verb:set package 'ur_simulation_gazebo' build argument 'catkin_skip_building_tests' from command line to 'False'
[0.164s] DEBUG:colcon.colcon_core.verb:Building package 'ur_simulation_gazebo' with the following arguments: {'ament_cmake_args': None, 'build_base': '/home/ani/ur_grasp_driver/yc_ws/build/ur_simulation_gazebo', 'catkin_cmake_args': None, 'catkin_skip_building_tests': False, 'cmake_args': None, 'cmake_clean_cache': False, 'cmake_clean_first': False, 'cmake_force_configure': False, 'cmake_target': None, 'cmake_target_skip_unavailable': False, 'install_base': '/home/ani/ur_grasp_driver/yc_ws/install/ur_simulation_gazebo', 'merge_install': False, 'path': '/home/ani/ur_grasp_driver/yc_ws/src/Universal_Robots_ROS2_Gazebo_Simulation/ur_simulation_gazebo', 'symlink_install': True, 'test_result_base': None}
[0.164s] INFO:colcon.colcon_core.executor:Executing jobs using 'parallel' executor
[0.165s] DEBUG:colcon.colcon_parallel_executor.executor.parallel:run_until_complete
[0.165s] INFO:colcon.colcon_ros.task.ament_python.build:Building ROS package in '/home/ani/ur_grasp_driver/yc_ws/src/diffusion' with build type 'ament_python'
[0.165s] Level 1:colcon.colcon_core.shell:create_environment_hook('diffusion', 'ament_prefix_path')
[0.166s] INFO:colcon.colcon_core.plugin_system:Skipping extension 'colcon_core.shell.bat': Not used on non-Windows systems
[0.166s] INFO:colcon.colcon_core.shell:Creating environment hook '/home/ani/ur_grasp_driver/yc_ws/install/diffusion/share/diffusion/hook/ament_prefix_path.ps1'
[0.167s] INFO:colcon.colcon_core.shell:Creating environment descriptor '/home/ani/ur_grasp_driver/yc_ws/install/diffusion/share/diffusion/hook/ament_prefix_path.dsv'
[0.167s] INFO:colcon.colcon_core.shell:Creating environment hook '/home/ani/ur_grasp_driver/yc_ws/install/diffusion/share/diffusion/hook/ament_prefix_path.sh'
[0.168s] INFO:colcon.colcon_core.shell:Skip shell extension 'powershell' for command environment: Not usable outside of PowerShell
[0.168s] DEBUG:colcon.colcon_core.shell:Skip shell extension 'dsv' for command environment
[0.170s] INFO:colcon.colcon_ros.task.ament_python.build:Building ROS package in '/home/ani/ur_grasp_driver/yc_ws/src/find_grasp' with build type 'ament_python'
[0.170s] Level 1:colcon.colcon_core.shell:create_environment_hook('find_grasp', 'ament_prefix_path')
[0.170s] INFO:colcon.colcon_core.shell:Creating environment hook '/home/ani/ur_grasp_driver/yc_ws/install/find_grasp/share/find_grasp/hook/ament_prefix_path.ps1'
[0.171s] INFO:colcon.colcon_core.shell:Creating environment descriptor '/home/ani/ur_grasp_driver/yc_ws/install/find_grasp/share/find_grasp/hook/ament_prefix_path.dsv'
[0.171s] INFO:colcon.colcon_core.shell:Creating environment hook '/home/ani/ur_grasp_driver/yc_ws/install/find_grasp/share/find_grasp/hook/ament_prefix_path.sh'
[0.171s] INFO:colcon.colcon_core.shell:Skip shell extension 'powershell' for command environment: Not usable outside of PowerShell
[0.171s] DEBUG:colcon.colcon_core.shell:Skip shell extension 'dsv' for command environment
[0.173s] INFO:colcon.colcon_ros.task.ament_python.build:Building ROS package in '/home/ani/ur_grasp_driver/yc_ws/src/frames' with build type 'ament_python'
[0.174s] Level 1:colcon.colcon_core.shell:create_environment_hook('frames', 'ament_prefix_path')
[0.174s] INFO:colcon.colcon_core.shell:Creating environment hook '/home/ani/ur_grasp_driver/yc_ws/install/frames/share/frames/hook/ament_prefix_path.ps1'
[0.174s] INFO:colcon.colcon_core.shell:Creating environment descriptor '/home/ani/ur_grasp_driver/yc_ws/install/frames/share/frames/hook/ament_prefix_path.dsv'
[0.174s] INFO:colcon.colcon_core.shell:Creating environment hook '/home/ani/ur_grasp_driver/yc_ws/install/frames/share/frames/hook/ament_prefix_path.sh'
[0.175s] INFO:colcon.colcon_core.shell:Skip shell extension 'powershell' for command environment: Not usable outside of PowerShell
[0.175s] DEBUG:colcon.colcon_core.shell:Skip shell extension 'dsv' for command environment
[0.177s] INFO:colcon.colcon_ros.task.ament_cmake.build:Building ROS package in '/home/ani/ur_grasp_driver/yc_ws/src/my_ur_driver' with build type 'ament_cmake'
[0.177s] INFO:colcon.colcon_cmake.task.cmake.build:Building CMake package in '/home/ani/ur_grasp_driver/yc_ws/src/my_ur_driver'
[0.177s] INFO:colcon.colcon_core.shell:Skip shell extension 'powershell' for command environment: Not usable outside of PowerShell
[0.177s] DEBUG:colcon.colcon_core.shell:Skip shell extension 'dsv' for command environment
[0.179s] INFO:colcon.colcon_ros.task.ament_cmake.build:Building ROS package in '/home/ani/ur_grasp_driver/yc_ws/src/serial' with build type 'ament_cmake'
[0.180s] INFO:colcon.colcon_cmake.task.cmake.build:Building CMake package in '/home/ani/ur_grasp_driver/yc_ws/src/serial'
[0.180s] INFO:colcon.colcon_core.shell:Skip shell extension 'powershell' for command environment: Not usable outside of PowerShell
[0.180s] DEBUG:colcon.colcon_core.shell:Skip shell extension 'dsv' for command environment
[0.182s] INFO:colcon.colcon_ros.task.ament_cmake.build:Building ROS package in '/home/ani/ur_grasp_driver/yc_ws/src/ur_calibration' with build type 'ament_cmake'
[0.182s] INFO:colcon.colcon_cmake.task.cmake.build:Building CMake package in '/home/ani/ur_grasp_driver/yc_ws/src/ur_calibration'
[0.182s] INFO:colcon.colcon_core.shell:Skip shell extension 'powershell' for command environment: Not usable outside of PowerShell
[0.182s] DEBUG:colcon.colcon_core.shell:Skip shell extension 'dsv' for command environment
[0.185s] INFO:colcon.colcon_ros.task.ament_cmake.build:Building ROS package in '/home/ani/ur_grasp_driver/yc_ws/src/Universal_Robots_ROS2_Gazebo_Simulation/ur_simulation_gazebo' with build type 'ament_cmake'
[0.185s] INFO:colcon.colcon_cmake.task.cmake.build:Building CMake package in '/home/ani/ur_grasp_driver/yc_ws/src/Universal_Robots_ROS2_Gazebo_Simulation/ur_simulation_gazebo'
[0.185s] INFO:colcon.colcon_core.shell:Skip shell extension 'powershell' for command environment: Not usable outside of PowerShell
[0.185s] DEBUG:colcon.colcon_core.shell:Skip shell extension 'dsv' for command environment
[0.330s] INFO:colcon.colcon_core.task.python.build:Building Python package in '/home/ani/ur_grasp_driver/yc_ws/src/diffusion'
[0.330s] INFO:colcon.colcon_core.shell:Skip shell extension 'powershell' for command environment: Not usable outside of PowerShell
[0.330s] DEBUG:colcon.colcon_core.shell:Skip shell extension 'dsv' for command environment
[0.471s] INFO:colcon.colcon_core.task.python.build:Building Python package in '/home/ani/ur_grasp_driver/yc_ws/src/find_grasp'
[0.472s] INFO:colcon.colcon_core.shell:Skip shell extension 'powershell' for command environment: Not usable outside of PowerShell
[0.472s] DEBUG:colcon.colcon_core.shell:Skip shell extension 'dsv' for command environment
[0.613s] INFO:colcon.colcon_core.task.python.build:Building Python package in '/home/ani/ur_grasp_driver/yc_ws/src/frames'
[0.613s] INFO:colcon.colcon_core.shell:Skip shell extension 'powershell' for command environment: Not usable outside of PowerShell
[0.613s] DEBUG:colcon.colcon_core.shell:Skip shell extension 'dsv' for command environment
[0.621s] DEBUG:colcon.colcon_core.event_handler.log_command:Invoking command in '/home/ani/ur_grasp_driver/yc_ws/build/my_ur_driver': CMAKE_PREFIX_PATH=${CMAKE_PREFIX_PATH}:/opt/ros/humble CONDA_PROMPT_MODIFIER=(pregrasp) /usr/bin/cmake --build /home/ani/ur_grasp_driver/yc_ws/build/my_ur_driver -- -j12 -l12
[0.623s] DEBUG:colcon.colcon_core.event_handler.log_command:Invoking command in '/home/ani/ur_grasp_driver/yc_ws/build/serial': CMAKE_PREFIX_PATH=${CMAKE_PREFIX_PATH}:/opt/ros/humble CONDA_PROMPT_MODIFIER=(pregrasp) /usr/bin/cmake --build /home/ani/ur_grasp_driver/yc_ws/build/serial -- -j12 -l12
[0.626s] DEBUG:colcon.colcon_core.event_handler.log_command:Invoking command in '/home/ani/ur_grasp_driver/yc_ws/build/ur_calibration': CMAKE_PREFIX_PATH=${CMAKE_PREFIX_PATH}:/opt/ros/humble CONDA_PROMPT_MODIFIER=(pregrasp) /usr/bin/cmake --build /home/ani/ur_grasp_driver/yc_ws/build/ur_calibration -- -j12 -l12
[0.630s] DEBUG:colcon.colcon_core.event_handler.log_command:Invoking command in '/home/ani/ur_grasp_driver/yc_ws/build/ur_simulation_gazebo': CMAKE_PREFIX_PATH=${CMAKE_PREFIX_PATH}:/opt/ros/humble CONDA_PROMPT_MODIFIER=(pregrasp) /usr/bin/cmake --build /home/ani/ur_grasp_driver/yc_ws/build/ur_simulation_gazebo -- -j12 -l12
[0.654s] DEBUG:colcon.colcon_core.event_handler.log_command:Invoked command in '/home/ani/ur_grasp_driver/yc_ws/build/ur_simulation_gazebo' returned '0': CMAKE_PREFIX_PATH=${CMAKE_PREFIX_PATH}:/opt/ros/humble CONDA_PROMPT_MODIFIER=(pregrasp) /usr/bin/cmake --build /home/ani/ur_grasp_driver/yc_ws/build/ur_simulation_gazebo -- -j12 -l12
[0.663s] DEBUG:colcon.colcon_core.event_handler.log_command:Invoking command in '/home/ani/ur_grasp_driver/yc_ws/build/ur_simulation_gazebo': CMAKE_PREFIX_PATH=${CMAKE_PREFIX_PATH}:/opt/ros/humble CONDA_PROMPT_MODIFIER=(pregrasp) /usr/bin/cmake --install /home/ani/ur_grasp_driver/yc_ws/build/ur_simulation_gazebo
[0.664s] DEBUG:colcon.colcon_core.event_handler.log_command:Invoked command in '/home/ani/ur_grasp_driver/yc_ws/build/my_ur_driver' returned '0': CMAKE_PREFIX_PATH=${CMAKE_PREFIX_PATH}:/opt/ros/humble CONDA_PROMPT_MODIFIER=(pregrasp) /usr/bin/cmake --build /home/ani/ur_grasp_driver/yc_ws/build/my_ur_driver -- -j12 -l12
[0.665s] DEBUG:colcon.colcon_core.event_handler.log_command:Invoking command in '/home/ani/ur_grasp_driver/yc_ws/build/my_ur_driver': CMAKE_PREFIX_PATH=${CMAKE_PREFIX_PATH}:/opt/ros/humble CONDA_PROMPT_MODIFIER=(pregrasp) /usr/bin/cmake --install /home/ani/ur_grasp_driver/yc_ws/build/my_ur_driver
[0.670s] DEBUG:colcon.colcon_core.event_handler.log_command:Invoked command in '/home/ani/ur_grasp_driver/yc_ws/build/serial' returned '0': CMAKE_PREFIX_PATH=${CMAKE_PREFIX_PATH}:/opt/ros/humble CONDA_PROMPT_MODIFIER=(pregrasp) /usr/bin/cmake --build /home/ani/ur_grasp_driver/yc_ws/build/serial -- -j12 -l12
[0.672s] DEBUG:colcon.colcon_core.event_handler.log_command:Invoking command in '/home/ani/ur_grasp_driver/yc_ws/build/serial': CMAKE_PREFIX_PATH=${CMAKE_PREFIX_PATH}:/opt/ros/humble CONDA_PROMPT_MODIFIER=(pregrasp) /usr/bin/cmake --install /home/ani/ur_grasp_driver/yc_ws/build/serial
[0.680s] Level 1:colcon.colcon_core.environment:create_environment_scripts_only(ur_simulation_gazebo)
[0.683s] DEBUG:colcon.colcon_core.event_handler.log_command:Invoked command in '/home/ani/ur_grasp_driver/yc_ws/build/ur_simulation_gazebo' returned '0': CMAKE_PREFIX_PATH=${CMAKE_PREFIX_PATH}:/opt/ros/humble CONDA_PROMPT_MODIFIER=(pregrasp) /usr/bin/cmake --install /home/ani/ur_grasp_driver/yc_ws/build/ur_simulation_gazebo
[0.685s] Level 1:colcon.colcon_core.environment:checking '/home/ani/ur_grasp_driver/yc_ws/install/ur_simulation_gazebo' for CMake module files
[0.686s] Level 1:colcon.colcon_core.environment:checking '/home/ani/ur_grasp_driver/yc_ws/install/ur_simulation_gazebo' for CMake config files
[0.686s] Level 1:colcon.colcon_core.shell:create_environment_hook('ur_simulation_gazebo', 'cmake_prefix_path')
[0.686s] INFO:colcon.colcon_core.shell:Creating environment hook '/home/ani/ur_grasp_driver/yc_ws/install/ur_simulation_gazebo/share/ur_simulation_gazebo/hook/cmake_prefix_path.ps1'
[0.687s] INFO:colcon.colcon_core.shell:Creating environment descriptor '/home/ani/ur_grasp_driver/yc_ws/install/ur_simulation_gazebo/share/ur_simulation_gazebo/hook/cmake_prefix_path.dsv'
[0.688s] INFO:colcon.colcon_core.shell:Creating environment hook '/home/ani/ur_grasp_driver/yc_ws/install/ur_simulation_gazebo/share/ur_simulation_gazebo/hook/cmake_prefix_path.sh'
[0.689s] Level 1:colcon.colcon_core.environment:checking '/home/ani/ur_grasp_driver/yc_ws/install/ur_simulation_gazebo/bin'
[0.689s] Level 1:colcon.colcon_core.environment:checking '/home/ani/ur_grasp_driver/yc_ws/install/ur_simulation_gazebo/lib/pkgconfig/ur_simulation_gazebo.pc'
[0.689s] Level 1:colcon.colcon_core.environment:checking '/home/ani/ur_grasp_driver/yc_ws/install/ur_simulation_gazebo/lib/python3.10/site-packages'
[0.690s] Level 1:colcon.colcon_core.environment:checking '/home/ani/ur_grasp_driver/yc_ws/install/ur_simulation_gazebo/bin'
[0.690s] INFO:colcon.colcon_core.shell:Creating package script '/home/ani/ur_grasp_driver/yc_ws/install/ur_simulation_gazebo/share/ur_simulation_gazebo/package.ps1'
[0.691s] INFO:colcon.colcon_core.shell:Creating package descriptor '/home/ani/ur_grasp_driver/yc_ws/install/ur_simulation_gazebo/share/ur_simulation_gazebo/package.dsv'
[0.691s] INFO:colcon.colcon_core.shell:Creating package script '/home/ani/ur_grasp_driver/yc_ws/install/ur_simulation_gazebo/share/ur_simulation_gazebo/package.sh'
[0.692s] INFO:colcon.colcon_core.shell:Creating package script '/home/ani/ur_grasp_driver/yc_ws/install/ur_simulation_gazebo/share/ur_simulation_gazebo/package.bash'
[0.692s] INFO:colcon.colcon_core.shell:Creating package script '/home/ani/ur_grasp_driver/yc_ws/install/ur_simulation_gazebo/share/ur_simulation_gazebo/package.zsh'
[0.693s] Level 1:colcon.colcon_core.environment:create_file_with_runtime_dependencies(/home/ani/ur_grasp_driver/yc_ws/install/ur_simulation_gazebo/share/colcon-core/packages/ur_simulation_gazebo)
[0.694s] Level 1:colcon.colcon_core.environment:create_environment_scripts_only(ur_simulation_gazebo)
[0.694s] Level 1:colcon.colcon_core.environment:checking '/home/ani/ur_grasp_driver/yc_ws/install/ur_simulation_gazebo' for CMake module files
[0.695s] Level 1:colcon.colcon_core.environment:checking '/home/ani/ur_grasp_driver/yc_ws/install/ur_simulation_gazebo' for CMake config files
[0.695s] Level 1:colcon.colcon_core.shell:create_environment_hook('ur_simulation_gazebo', 'cmake_prefix_path')
[0.695s] INFO:colcon.colcon_core.shell:Creating environment hook '/home/ani/ur_grasp_driver/yc_ws/install/ur_simulation_gazebo/share/ur_simulation_gazebo/hook/cmake_prefix_path.ps1'
[0.696s] INFO:colcon.colcon_core.shell:Creating environment descriptor '/home/ani/ur_grasp_driver/yc_ws/install/ur_simulation_gazebo/share/ur_simulation_gazebo/hook/cmake_prefix_path.dsv'
[0.696s] INFO:colcon.colcon_core.shell:Creating environment hook '/home/ani/ur_grasp_driver/yc_ws/install/ur_simulation_gazebo/share/ur_simulation_gazebo/hook/cmake_prefix_path.sh'
[0.696s] Level 1:colcon.colcon_core.environment:checking '/home/ani/ur_grasp_driver/yc_ws/install/ur_simulation_gazebo/bin'
[0.696s] Level 1:colcon.colcon_core.environment:checking '/home/ani/ur_grasp_driver/yc_ws/install/ur_simulation_gazebo/lib/pkgconfig/ur_simulation_gazebo.pc'
[0.697s] Level 1:colcon.colcon_core.environment:checking '/home/ani/ur_grasp_driver/yc_ws/install/ur_simulation_gazebo/lib/python3.10/site-packages'
[0.697s] Level 1:colcon.colcon_core.environment:checking '/home/ani/ur_grasp_driver/yc_ws/install/ur_simulation_gazebo/bin'
[0.697s] INFO:colcon.colcon_core.shell:Creating package script '/home/ani/ur_grasp_driver/yc_ws/install/ur_simulation_gazebo/share/ur_simulation_gazebo/package.ps1'
[0.697s] INFO:colcon.colcon_core.shell:Creating package descriptor '/home/ani/ur_grasp_driver/yc_ws/install/ur_simulation_gazebo/share/ur_simulation_gazebo/package.dsv'
[0.698s] INFO:colcon.colcon_core.shell:Creating package script '/home/ani/ur_grasp_driver/yc_ws/install/ur_simulation_gazebo/share/ur_simulation_gazebo/package.sh'
[0.698s] INFO:colcon.colcon_core.shell:Creating package script '/home/ani/ur_grasp_driver/yc_ws/install/ur_simulation_gazebo/share/ur_simulation_gazebo/package.bash'
[0.698s] INFO:colcon.colcon_core.shell:Creating package script '/home/ani/ur_grasp_driver/yc_ws/install/ur_simulation_gazebo/share/ur_simulation_gazebo/package.zsh'
[0.698s] Level 1:colcon.colcon_core.environment:create_file_with_runtime_dependencies(/home/ani/ur_grasp_driver/yc_ws/install/ur_simulation_gazebo/share/colcon-core/packages/ur_simulation_gazebo)
[0.699s] Level 1:colcon.colcon_core.environment:create_environment_scripts_only(serial)
[0.699s] Level 1:colcon.colcon_core.environment:checking '/home/ani/ur_grasp_driver/yc_ws/install/serial' for CMake module files
[0.700s] DEBUG:colcon.colcon_core.event_handler.log_command:Invoked command in '/home/ani/ur_grasp_driver/yc_ws/build/serial' returned '0': CMAKE_PREFIX_PATH=${CMAKE_PREFIX_PATH}:/opt/ros/humble CONDA_PROMPT_MODIFIER=(pregrasp) /usr/bin/cmake --install /home/ani/ur_grasp_driver/yc_ws/build/serial
[0.700s] Level 1:colcon.colcon_core.environment:checking '/home/ani/ur_grasp_driver/yc_ws/install/serial' for CMake config files
[0.701s] Level 1:colcon.colcon_core.shell:create_environment_hook('serial', 'cmake_prefix_path')
[0.701s] INFO:colcon.colcon_core.shell:Creating environment hook '/home/ani/ur_grasp_driver/yc_ws/install/serial/share/serial/hook/cmake_prefix_path.ps1'
[0.701s] INFO:colcon.colcon_core.shell:Creating environment descriptor '/home/ani/ur_grasp_driver/yc_ws/install/serial/share/serial/hook/cmake_prefix_path.dsv'
[0.701s] INFO:colcon.colcon_core.shell:Creating environment hook '/home/ani/ur_grasp_driver/yc_ws/install/serial/share/serial/hook/cmake_prefix_path.sh'
[0.701s] Level 1:colcon.colcon_core.environment:checking '/home/ani/ur_grasp_driver/yc_ws/install/serial/lib'
[0.702s] Level 1:colcon.colcon_core.environment:checking '/home/ani/ur_grasp_driver/yc_ws/install/serial/bin'
[0.702s] Level 1:colcon.colcon_core.environment:checking '/home/ani/ur_grasp_driver/yc_ws/install/serial/lib/pkgconfig/serial.pc'
[0.702s] Level 1:colcon.colcon_core.environment:checking '/home/ani/ur_grasp_driver/yc_ws/install/serial/lib/python3.10/site-packages'
[0.702s] Level 1:colcon.colcon_core.environment:checking '/home/ani/ur_grasp_driver/yc_ws/install/serial/bin'
[0.702s] INFO:colcon.colcon_core.shell:Creating package script '/home/ani/ur_grasp_driver/yc_ws/install/serial/share/serial/package.ps1'
[0.702s] INFO:colcon.colcon_core.shell:Creating package descriptor '/home/ani/ur_grasp_driver/yc_ws/install/serial/share/serial/package.dsv'
[0.703s] INFO:colcon.colcon_core.shell:Creating package script '/home/ani/ur_grasp_driver/yc_ws/install/serial/share/serial/package.sh'
[0.703s] INFO:colcon.colcon_core.shell:Creating package script '/home/ani/ur_grasp_driver/yc_ws/install/serial/share/serial/package.bash'
[0.703s] INFO:colcon.colcon_core.shell:Creating package script '/home/ani/ur_grasp_driver/yc_ws/install/serial/share/serial/package.zsh'
[0.703s] Level 1:colcon.colcon_core.environment:create_file_with_runtime_dependencies(/home/ani/ur_grasp_driver/yc_ws/install/serial/share/colcon-core/packages/serial)
[0.704s] Level 1:colcon.colcon_core.environment:create_environment_scripts_only(serial)
[0.704s] Level 1:colcon.colcon_core.environment:checking '/home/ani/ur_grasp_driver/yc_ws/install/serial' for CMake module files
[0.704s] Level 1:colcon.colcon_core.environment:checking '/home/ani/ur_grasp_driver/yc_ws/install/serial' for CMake config files
[0.704s] Level 1:colcon.colcon_core.shell:create_environment_hook('serial', 'cmake_prefix_path')
[0.705s] INFO:colcon.colcon_core.shell:Creating environment hook '/home/ani/ur_grasp_driver/yc_ws/install/serial/share/serial/hook/cmake_prefix_path.ps1'
[0.705s] INFO:colcon.colcon_core.shell:Creating environment descriptor '/home/ani/ur_grasp_driver/yc_ws/install/serial/share/serial/hook/cmake_prefix_path.dsv'
[0.705s] INFO:colcon.colcon_core.shell:Creating environment hook '/home/ani/ur_grasp_driver/yc_ws/install/serial/share/serial/hook/cmake_prefix_path.sh'
[0.705s] Level 1:colcon.colcon_core.environment:checking '/home/ani/ur_grasp_driver/yc_ws/install/serial/lib'
[0.705s] Level 1:colcon.colcon_core.environment:checking '/home/ani/ur_grasp_driver/yc_ws/install/serial/bin'
[0.705s] Level 1:colcon.colcon_core.environment:checking '/home/ani/ur_grasp_driver/yc_ws/install/serial/lib/pkgconfig/serial.pc'
[0.706s] Level 1:colcon.colcon_core.environment:checking '/home/ani/ur_grasp_driver/yc_ws/install/serial/lib/python3.10/site-packages'
[0.706s] Level 1:colcon.colcon_core.environment:checking '/home/ani/ur_grasp_driver/yc_ws/install/serial/bin'
[0.706s] INFO:colcon.colcon_core.shell:Creating package script '/home/ani/ur_grasp_driver/yc_ws/install/serial/share/serial/package.ps1'
[0.706s] INFO:colcon.colcon_core.shell:Creating package descriptor '/home/ani/ur_grasp_driver/yc_ws/install/serial/share/serial/package.dsv'
[0.706s] INFO:colcon.colcon_core.shell:Creating package script '/home/ani/ur_grasp_driver/yc_ws/install/serial/share/serial/package.sh'
[0.707s] INFO:colcon.colcon_core.shell:Creating package script '/home/ani/ur_grasp_driver/yc_ws/install/serial/share/serial/package.bash'
[0.707s] INFO:colcon.colcon_core.shell:Creating package script '/home/ani/ur_grasp_driver/yc_ws/install/serial/share/serial/package.zsh'
[0.707s] Level 1:colcon.colcon_core.environment:create_file_with_runtime_dependencies(/home/ani/ur_grasp_driver/yc_ws/install/serial/share/colcon-core/packages/serial)
[0.707s] Level 1:colcon.colcon_core.environment:create_environment_scripts_only(my_ur_driver)
[0.708s] Level 1:colcon.colcon_core.environment:checking '/home/ani/ur_grasp_driver/yc_ws/install/my_ur_driver' for CMake module files
[0.708s] DEBUG:colcon.colcon_core.event_handler.log_command:Invoked command in '/home/ani/ur_grasp_driver/yc_ws/build/my_ur_driver' returned '0': CMAKE_PREFIX_PATH=${CMAKE_PREFIX_PATH}:/opt/ros/humble CONDA_PROMPT_MODIFIER=(pregrasp) /usr/bin/cmake --install /home/ani/ur_grasp_driver/yc_ws/build/my_ur_driver
[0.709s] Level 1:colcon.colcon_core.environment:checking '/home/ani/ur_grasp_driver/yc_ws/install/my_ur_driver' for CMake config files
[0.709s] Level 1:colcon.colcon_core.shell:create_environment_hook('my_ur_driver', 'cmake_prefix_path')
[0.709s] INFO:colcon.colcon_core.shell:Creating environment hook '/home/ani/ur_grasp_driver/yc_ws/install/my_ur_driver/share/my_ur_driver/hook/cmake_prefix_path.ps1'
[0.710s] INFO:colcon.colcon_core.shell:Creating environment descriptor '/home/ani/ur_grasp_driver/yc_ws/install/my_ur_driver/share/my_ur_driver/hook/cmake_prefix_path.dsv'
[0.710s] INFO:colcon.colcon_core.shell:Creating environment hook '/home/ani/ur_grasp_driver/yc_ws/install/my_ur_driver/share/my_ur_driver/hook/cmake_prefix_path.sh'
[0.710s] Level 1:colcon.colcon_core.environment:checking '/home/ani/ur_grasp_driver/yc_ws/install/my_ur_driver/bin'
[0.710s] Level 1:colcon.colcon_core.environment:checking '/home/ani/ur_grasp_driver/yc_ws/install/my_ur_driver/lib/pkgconfig/my_ur_driver.pc'
[0.710s] Level 1:colcon.colcon_core.environment:checking '/home/ani/ur_grasp_driver/yc_ws/install/my_ur_driver/lib/python3.10/site-packages'
[0.710s] Level 1:colcon.colcon_core.environment:checking '/home/ani/ur_grasp_driver/yc_ws/install/my_ur_driver/bin'
[0.711s] INFO:colcon.colcon_core.shell:Creating package script '/home/ani/ur_grasp_driver/yc_ws/install/my_ur_driver/share/my_ur_driver/package.ps1'
[0.711s] INFO:colcon.colcon_core.shell:Creating package descriptor '/home/ani/ur_grasp_driver/yc_ws/install/my_ur_driver/share/my_ur_driver/package.dsv'
[0.711s] INFO:colcon.colcon_core.shell:Creating package script '/home/ani/ur_grasp_driver/yc_ws/install/my_ur_driver/share/my_ur_driver/package.sh'
[0.711s] INFO:colcon.colcon_core.shell:Creating package script '/home/ani/ur_grasp_driver/yc_ws/install/my_ur_driver/share/my_ur_driver/package.bash'
[0.712s] INFO:colcon.colcon_core.shell:Creating package script '/home/ani/ur_grasp_driver/yc_ws/install/my_ur_driver/share/my_ur_driver/package.zsh'
[0.712s] Level 1:colcon.colcon_core.environment:create_file_with_runtime_dependencies(/home/ani/ur_grasp_driver/yc_ws/install/my_ur_driver/share/colcon-core/packages/my_ur_driver)
[0.712s] Level 1:colcon.colcon_core.environment:create_environment_scripts_only(my_ur_driver)
[0.712s] Level 1:colcon.colcon_core.environment:checking '/home/ani/ur_grasp_driver/yc_ws/install/my_ur_driver' for CMake module files
[0.713s] Level 1:colcon.colcon_core.environment:checking '/home/ani/ur_grasp_driver/yc_ws/install/my_ur_driver' for CMake config files
[0.713s] Level 1:colcon.colcon_core.shell:create_environment_hook('my_ur_driver', 'cmake_prefix_path')
[0.713s] INFO:colcon.colcon_core.shell:Creating environment hook '/home/ani/ur_grasp_driver/yc_ws/install/my_ur_driver/share/my_ur_driver/hook/cmake_prefix_path.ps1'
[0.714s] INFO:colcon.colcon_core.shell:Creating environment descriptor '/home/ani/ur_grasp_driver/yc_ws/install/my_ur_driver/share/my_ur_driver/hook/cmake_prefix_path.dsv'
[0.714s] INFO:colcon.colcon_core.shell:Creating environment hook '/home/ani/ur_grasp_driver/yc_ws/install/my_ur_driver/share/my_ur_driver/hook/cmake_prefix_path.sh'
[0.714s] Level 1:colcon.colcon_core.environment:checking '/home/ani/ur_grasp_driver/yc_ws/install/my_ur_driver/bin'
[0.714s] Level 1:colcon.colcon_core.environment:checking '/home/ani/ur_grasp_driver/yc_ws/install/my_ur_driver/lib/pkgconfig/my_ur_driver.pc'
[0.714s] Level 1:colcon.colcon_core.environment:checking '/home/ani/ur_grasp_driver/yc_ws/install/my_ur_driver/lib/python3.10/site-packages'
[0.715s] Level 1:colcon.colcon_core.environment:checking '/home/ani/ur_grasp_driver/yc_ws/install/my_ur_driver/bin'
[0.715s] INFO:colcon.colcon_core.shell:Creating package script '/home/ani/ur_grasp_driver/yc_ws/install/my_ur_driver/share/my_ur_driver/package.ps1'
[0.715s] INFO:colcon.colcon_core.shell:Creating package descriptor '/home/ani/ur_grasp_driver/yc_ws/install/my_ur_driver/share/my_ur_driver/package.dsv'
[0.715s] INFO:colcon.colcon_core.shell:Creating package script '/home/ani/ur_grasp_driver/yc_ws/install/my_ur_driver/share/my_ur_driver/package.sh'
[0.716s] INFO:colcon.colcon_core.shell:Creating package script '/home/ani/ur_grasp_driver/yc_ws/install/my_ur_driver/share/my_ur_driver/package.bash'
[0.716s] INFO:colcon.colcon_core.shell:Creating package script '/home/ani/ur_grasp_driver/yc_ws/install/my_ur_driver/share/my_ur_driver/package.zsh'
[0.716s] Level 1:colcon.colcon_core.environment:create_file_with_runtime_dependencies(/home/ani/ur_grasp_driver/yc_ws/install/my_ur_driver/share/colcon-core/packages/my_ur_driver)
[0.717s] DEBUG:colcon.colcon_core.event_handler.log_command:Invoked command in '/home/ani/ur_grasp_driver/yc_ws/build/ur_calibration' returned '0': CMAKE_PREFIX_PATH=${CMAKE_PREFIX_PATH}:/opt/ros/humble CONDA_PROMPT_MODIFIER=(pregrasp) /usr/bin/cmake --build /home/ani/ur_grasp_driver/yc_ws/build/ur_calibration -- -j12 -l12
[0.718s] DEBUG:colcon.colcon_core.event_handler.log_command:Invoking command in '/home/ani/ur_grasp_driver/yc_ws/build/ur_calibration': CMAKE_PREFIX_PATH=${CMAKE_PREFIX_PATH}:/opt/ros/humble CONDA_PROMPT_MODIFIER=(pregrasp) /usr/bin/cmake --install /home/ani/ur_grasp_driver/yc_ws/build/ur_calibration
[0.735s] Level 1:colcon.colcon_core.environment:create_environment_scripts_only(ur_calibration)
[0.736s] Level 1:colcon.colcon_core.environment:checking '/home/ani/ur_grasp_driver/yc_ws/install/ur_calibration' for CMake module files
[0.736s] DEBUG:colcon.colcon_core.event_handler.log_command:Invoked command in '/home/ani/ur_grasp_driver/yc_ws/build/ur_calibration' returned '0': CMAKE_PREFIX_PATH=${CMAKE_PREFIX_PATH}:/opt/ros/humble CONDA_PROMPT_MODIFIER=(pregrasp) /usr/bin/cmake --install /home/ani/ur_grasp_driver/yc_ws/build/ur_calibration
[0.737s] Level 1:colcon.colcon_core.environment:checking '/home/ani/ur_grasp_driver/yc_ws/install/ur_calibration' for CMake config files
[0.737s] Level 1:colcon.colcon_core.shell:create_environment_hook('ur_calibration', 'cmake_prefix_path')
[0.737s] INFO:colcon.colcon_core.shell:Creating environment hook '/home/ani/ur_grasp_driver/yc_ws/install/ur_calibration/share/ur_calibration/hook/cmake_prefix_path.ps1'
[0.737s] INFO:colcon.colcon_core.shell:Creating environment descriptor '/home/ani/ur_grasp_driver/yc_ws/install/ur_calibration/share/ur_calibration/hook/cmake_prefix_path.dsv'
[0.738s] INFO:colcon.colcon_core.shell:Creating environment hook '/home/ani/ur_grasp_driver/yc_ws/install/ur_calibration/share/ur_calibration/hook/cmake_prefix_path.sh'
[0.738s] Level 1:colcon.colcon_core.environment:checking '/home/ani/ur_grasp_driver/yc_ws/install/ur_calibration/lib'
[0.738s] Level 1:colcon.colcon_core.environment:checking '/home/ani/ur_grasp_driver/yc_ws/install/ur_calibration/bin'
[0.738s] Level 1:colcon.colcon_core.environment:checking '/home/ani/ur_grasp_driver/yc_ws/install/ur_calibration/lib/pkgconfig/ur_calibration.pc'
[0.738s] Level 1:colcon.colcon_core.environment:checking '/home/ani/ur_grasp_driver/yc_ws/install/ur_calibration/lib/python3.10/site-packages'
[0.738s] Level 1:colcon.colcon_core.environment:checking '/home/ani/ur_grasp_driver/yc_ws/install/ur_calibration/bin'
[0.739s] INFO:colcon.colcon_core.shell:Creating package script '/home/ani/ur_grasp_driver/yc_ws/install/ur_calibration/share/ur_calibration/package.ps1'
[0.739s] INFO:colcon.colcon_core.shell:Creating package descriptor '/home/ani/ur_grasp_driver/yc_ws/install/ur_calibration/share/ur_calibration/package.dsv'
[0.739s] INFO:colcon.colcon_core.shell:Creating package script '/home/ani/ur_grasp_driver/yc_ws/install/ur_calibration/share/ur_calibration/package.sh'
[0.740s] INFO:colcon.colcon_core.shell:Creating package script '/home/ani/ur_grasp_driver/yc_ws/install/ur_calibration/share/ur_calibration/package.bash'
[0.740s] INFO:colcon.colcon_core.shell:Creating package script '/home/ani/ur_grasp_driver/yc_ws/install/ur_calibration/share/ur_calibration/package.zsh'
[0.740s] Level 1:colcon.colcon_core.environment:create_file_with_runtime_dependencies(/home/ani/ur_grasp_driver/yc_ws/install/ur_calibration/share/colcon-core/packages/ur_calibration)
[0.740s] Level 1:colcon.colcon_core.environment:create_environment_scripts_only(ur_calibration)
[0.741s] Level 1:colcon.colcon_core.environment:checking '/home/ani/ur_grasp_driver/yc_ws/install/ur_calibration' for CMake module files
[0.741s] Level 1:colcon.colcon_core.environment:checking '/home/ani/ur_grasp_driver/yc_ws/install/ur_calibration' for CMake config files
[0.741s] Level 1:colcon.colcon_core.shell:create_environment_hook('ur_calibration', 'cmake_prefix_path')
[0.741s] INFO:colcon.colcon_core.shell:Creating environment hook '/home/ani/ur_grasp_driver/yc_ws/install/ur_calibration/share/ur_calibration/hook/cmake_prefix_path.ps1'
[0.742s] INFO:colcon.colcon_core.shell:Creating environment descriptor '/home/ani/ur_grasp_driver/yc_ws/install/ur_calibration/share/ur_calibration/hook/cmake_prefix_path.dsv'
[0.742s] INFO:colcon.colcon_core.shell:Creating environment hook '/home/ani/ur_grasp_driver/yc_ws/install/ur_calibration/share/ur_calibration/hook/cmake_prefix_path.sh'
[0.742s] Level 1:colcon.colcon_core.environment:checking '/home/ani/ur_grasp_driver/yc_ws/install/ur_calibration/lib'
[0.742s] Level 1:colcon.colcon_core.environment:checking '/home/ani/ur_grasp_driver/yc_ws/install/ur_calibration/bin'
[0.742s] Level 1:colcon.colcon_core.environment:checking '/home/ani/ur_grasp_driver/yc_ws/install/ur_calibration/lib/pkgconfig/ur_calibration.pc'
[0.743s] Level 1:colcon.colcon_core.environment:checking '/home/ani/ur_grasp_driver/yc_ws/install/ur_calibration/lib/python3.10/site-packages'
[0.743s] Level 1:colcon.colcon_core.environment:checking '/home/ani/ur_grasp_driver/yc_ws/install/ur_calibration/bin'
[0.743s] INFO:colcon.colcon_core.shell:Creating package script '/home/ani/ur_grasp_driver/yc_ws/install/ur_calibration/share/ur_calibration/package.ps1'
[0.743s] INFO:colcon.colcon_core.shell:Creating package descriptor '/home/ani/ur_grasp_driver/yc_ws/install/ur_calibration/share/ur_calibration/package.dsv'
[0.743s] INFO:colcon.colcon_core.shell:Creating package script '/home/ani/ur_grasp_driver/yc_ws/install/ur_calibration/share/ur_calibration/package.sh'
[0.744s] INFO:colcon.colcon_core.shell:Creating package script '/home/ani/ur_grasp_driver/yc_ws/install/ur_calibration/share/ur_calibration/package.bash'
[0.744s] INFO:colcon.colcon_core.shell:Creating package script '/home/ani/ur_grasp_driver/yc_ws/install/ur_calibration/share/ur_calibration/package.zsh'
[0.744s] Level 1:colcon.colcon_core.environment:create_file_with_runtime_dependencies(/home/ani/ur_grasp_driver/yc_ws/install/ur_calibration/share/colcon-core/packages/ur_calibration)
[0.984s] DEBUG:colcon.colcon_core.event_handler.log_command:Invoking command in '/home/ani/ur_grasp_driver/yc_ws/build/find_grasp': CONDA_PROMPT_MODIFIER=(pregrasp) PYTHONPATH=/home/ani/ur_grasp_driver/yc_ws/build/find_grasp/prefix_override:/usr/lib/python3/dist-packages/colcon_core/task/python/colcon_distutils_commands:/home/ani/ur_grasp_driver/yc_ws/install/find_grasp/lib/python3.10/site-packages:${PYTHONPATH} /usr/bin/python3 -W ignore:setup.py install is deprecated -W ignore:easy_install command is deprecated setup.py develop --editable --build-directory /home/ani/ur_grasp_driver/yc_ws/build/find_grasp/build --no-deps symlink_data
[1.009s] DEBUG:colcon.colcon_core.event_handler.log_command:Invoking command in '/home/ani/ur_grasp_driver/yc_ws/build/diffusion': CONDA_PROMPT_MODIFIER=(pregrasp) PYTHONPATH=/home/ani/ur_grasp_driver/yc_ws/build/diffusion/prefix_override:/usr/lib/python3/dist-packages/colcon_core/task/python/colcon_distutils_commands:/home/ani/ur_grasp_driver/yc_ws/install/diffusion/lib/python3.10/site-packages:${PYTHONPATH} /usr/bin/python3 -W ignore:setup.py install is deprecated -W ignore:easy_install command is deprecated setup.py develop --editable --build-directory /home/ani/ur_grasp_driver/yc_ws/build/diffusion/build --no-deps symlink_data
[1.018s] DEBUG:colcon.colcon_core.event_handler.log_command:Invoking command in '/home/ani/ur_grasp_driver/yc_ws/build/frames': CONDA_PROMPT_MODIFIER=(pregrasp) PYTHONPATH=/home/ani/ur_grasp_driver/yc_ws/build/frames/prefix_override:/usr/lib/python3/dist-packages/colcon_core/task/python/colcon_distutils_commands:/home/ani/ur_grasp_driver/yc_ws/install/frames/lib/python3.10/site-packages:${PYTHONPATH} /usr/bin/python3 -W ignore:setup.py install is deprecated -W ignore:easy_install command is deprecated setup.py develop --editable --build-directory /home/ani/ur_grasp_driver/yc_ws/build/frames/build --no-deps symlink_data
[1.236s] DEBUG:colcon.colcon_core.event_handler.log_command:Invoked command in '/home/ani/ur_grasp_driver/yc_ws/build/find_grasp' returned '1': CONDA_PROMPT_MODIFIER=(pregrasp) PYTHONPATH=/home/ani/ur_grasp_driver/yc_ws/build/find_grasp/prefix_override:/usr/lib/python3/dist-packages/colcon_core/task/python/colcon_distutils_commands:/home/ani/ur_grasp_driver/yc_ws/install/find_grasp/lib/python3.10/site-packages:${PYTHONPATH} /usr/bin/python3 -W ignore:setup.py install is deprecated -W ignore:easy_install command is deprecated setup.py develop --editable --build-directory /home/ani/ur_grasp_driver/yc_ws/build/find_grasp/build --no-deps symlink_data
[1.272s] DEBUG:colcon.colcon_parallel_executor.executor.parallel:closing loop
[1.272s] DEBUG:colcon.colcon_parallel_executor.executor.parallel:loop closed
[1.272s] DEBUG:colcon.colcon_parallel_executor.executor.parallel:run_until_complete finished with '1'
[1.272s] DEBUG:colcon.colcon_core.event_reactor:joining thread
[1.277s] INFO:colcon.colcon_core.plugin_system:Skipping extension 'colcon_notification.desktop_notification.terminal_notifier': Not used on non-Darwin systems
[1.277s] INFO:colcon.colcon_core.plugin_system:Skipping extension 'colcon_notification.desktop_notification.win32': Not used on non-Windows systems
[1.277s] INFO:colcon.colcon_notification.desktop_notification:Sending desktop notification using 'notify2'
[1.285s] DEBUG:colcon.colcon_core.event_reactor:joined thread
[1.286s] INFO:colcon.colcon_core.shell:Creating prefix script '/home/ani/ur_grasp_driver/yc_ws/install/local_setup.ps1'
[1.287s] INFO:colcon.colcon_core.shell:Creating prefix util module '/home/ani/ur_grasp_driver/yc_ws/install/_local_setup_util_ps1.py'
[1.288s] INFO:colcon.colcon_core.shell:Creating prefix chain script '/home/ani/ur_grasp_driver/yc_ws/install/setup.ps1'
[1.289s] INFO:colcon.colcon_core.shell:Creating prefix script '/home/ani/ur_grasp_driver/yc_ws/install/local_setup.sh'
[1.289s] INFO:colcon.colcon_core.shell:Creating prefix util module '/home/ani/ur_grasp_driver/yc_ws/install/_local_setup_util_sh.py'
[1.289s] INFO:colcon.colcon_core.shell:Creating prefix chain script '/home/ani/ur_grasp_driver/yc_ws/install/setup.sh'
[1.290s] INFO:colcon.colcon_core.shell:Creating prefix script '/home/ani/ur_grasp_driver/yc_ws/install/local_setup.bash'
[1.291s] INFO:colcon.colcon_core.shell:Creating prefix chain script '/home/ani/ur_grasp_driver/yc_ws/install/setup.bash'
[1.291s] INFO:colcon.colcon_core.shell:Creating prefix script '/home/ani/ur_grasp_driver/yc_ws/install/local_setup.zsh'
[1.292s] INFO:colcon.colcon_core.shell:Creating prefix chain script '/home/ani/ur_grasp_driver/yc_ws/install/setup.zsh'
