/home/artc/UR_Grasp_Driver/yc_ws/install/diffusion/lib/python3.10/site-packages/diffusion/__init__.py
/home/artc/UR_Grasp_Driver/yc_ws/install/diffusion/lib/python3.10/site-packages/diffusion/load_numpy.py
/home/artc/UR_Grasp_Driver/yc_ws/install/diffusion/lib/python3.10/site-packages/diffusion/pre_pointcloud.py
/home/artc/UR_Grasp_Driver/yc_ws/install/diffusion/lib/python3.10/site-packages/diffusion/rrt_star_path.py
/home/artc/UR_Grasp_Driver/yc_ws/install/diffusion/lib/python3.10/site-packages/diffusion/record_numpy.py
/home/artc/UR_Grasp_Driver/yc_ws/install/diffusion/lib/python3.10/site-packages/diffusion/rrt_path.py
/home/artc/UR_Grasp_Driver/yc_ws/install/diffusion/lib/python3.10/site-packages/diffusion/6d_rrt_star.py
/home/artc/UR_Grasp_Driver/yc_ws/install/diffusion/lib/python3.10/site-packages/diffusion/__pycache__/__init__.cpython-310.pyc
/home/artc/UR_Grasp_Driver/yc_ws/install/diffusion/lib/python3.10/site-packages/diffusion/__pycache__/load_numpy.cpython-310.pyc
/home/artc/UR_Grasp_Driver/yc_ws/install/diffusion/lib/python3.10/site-packages/diffusion/__pycache__/pre_pointcloud.cpython-310.pyc
/home/artc/UR_Grasp_Driver/yc_ws/install/diffusion/lib/python3.10/site-packages/diffusion/__pycache__/rrt_star_path.cpython-310.pyc
/home/artc/UR_Grasp_Driver/yc_ws/install/diffusion/lib/python3.10/site-packages/diffusion/__pycache__/record_numpy.cpython-310.pyc
/home/artc/UR_Grasp_Driver/yc_ws/install/diffusion/lib/python3.10/site-packages/diffusion/__pycache__/rrt_path.cpython-310.pyc
/home/artc/UR_Grasp_Driver/yc_ws/install/diffusion/lib/python3.10/site-packages/diffusion/__pycache__/6d_rrt_star.cpython-310.pyc
/home/artc/UR_Grasp_Driver/yc_ws/install/diffusion/share/ament_index/resource_index/packages/diffusion
/home/artc/UR_Grasp_Driver/yc_ws/install/diffusion/share/diffusion/package.xml
/home/artc/UR_Grasp_Driver/yc_ws/install/diffusion/share/diffusion/launch
/home/artc/UR_Grasp_Driver/yc_ws/install/diffusion/lib/python3.10/site-packages/diffusion-0.0.0-py3.10.egg-info/zip-safe
/home/artc/UR_Grasp_Driver/yc_ws/install/diffusion/lib/python3.10/site-packages/diffusion-0.0.0-py3.10.egg-info/dependency_links.txt
/home/artc/UR_Grasp_Driver/yc_ws/install/diffusion/lib/python3.10/site-packages/diffusion-0.0.0-py3.10.egg-info/entry_points.txt
/home/artc/UR_Grasp_Driver/yc_ws/install/diffusion/lib/python3.10/site-packages/diffusion-0.0.0-py3.10.egg-info/requires.txt
/home/artc/UR_Grasp_Driver/yc_ws/install/diffusion/lib/python3.10/site-packages/diffusion-0.0.0-py3.10.egg-info/top_level.txt
/home/artc/UR_Grasp_Driver/yc_ws/install/diffusion/lib/python3.10/site-packages/diffusion-0.0.0-py3.10.egg-info/SOURCES.txt
/home/artc/UR_Grasp_Driver/yc_ws/install/diffusion/lib/python3.10/site-packages/diffusion-0.0.0-py3.10.egg-info/PKG-INFO
/home/artc/UR_Grasp_Driver/yc_ws/install/diffusion/lib/diffusion/6d_rrt_star
/home/artc/UR_Grasp_Driver/yc_ws/install/diffusion/lib/diffusion/load_numpy
/home/artc/UR_Grasp_Driver/yc_ws/install/diffusion/lib/diffusion/pre_pointcloud
/home/artc/UR_Grasp_Driver/yc_ws/install/diffusion/lib/diffusion/record_numpy
/home/artc/UR_Grasp_Driver/yc_ws/install/diffusion/lib/diffusion/rrt_path
/home/artc/UR_Grasp_Driver/yc_ws/install/diffusion/lib/diffusion/rrt_star_path
