[0.436s] Invoking command in '/home/ani/ur_grasp_driver/yc_ws/build/serial': CMAKE_PREFIX_PATH=${CMAKE_PREFIX_PATH}:/opt/ros/humble CONDA_PROMPT_MODIFIER=(pregrasp) /usr/bin/cmake --build /home/ani/ur_grasp_driver/yc_ws/build/serial -- -j12 -l12
[0.469s] [100%] Built target serial
[0.479s] Invoked command in '/home/ani/ur_grasp_driver/yc_ws/build/serial' returned '0': CMAKE_PREFIX_PATH=${CMAKE_PREFIX_PATH}:/opt/ros/humble CONDA_PROMPT_MODIFIER=(pregrasp) /usr/bin/cmake --build /home/ani/ur_grasp_driver/yc_ws/build/serial -- -j12 -l12
[0.481s] Invoking command in '/home/ani/ur_grasp_driver/yc_ws/build/serial': CMAKE_PREFIX_PATH=${CMAKE_PREFIX_PATH}:/opt/ros/humble CONDA_PROMPT_MODIFIER=(pregrasp) /usr/bin/cmake --install /home/ani/ur_grasp_driver/yc_ws/build/serial
[0.488s] -- Install configuration: ""
[0.489s] -- Execute custom install script
[0.489s] -- Up-to-date symlink: /home/ani/ur_grasp_driver/yc_ws/install/serial/include/serial/impl/unix.h
[0.489s] -- Up-to-date symlink: /home/ani/ur_grasp_driver/yc_ws/install/serial/include/serial/impl/win.h
[0.489s] -- Up-to-date symlink: /home/ani/ur_grasp_driver/yc_ws/install/serial/include/serial/serial.h
[0.490s] -- Up-to-date symlink: /home/ani/ur_grasp_driver/yc_ws/install/serial/include/serial/v8stdint.h
[0.490s] -- Up-to-date symlink: /home/ani/ur_grasp_driver/yc_ws/install/serial/share/serial/environment/library_path.sh
[0.490s] -- Up-to-date symlink: /home/ani/ur_grasp_driver/yc_ws/install/serial/share/serial/environment/library_path.dsv
[0.490s] -- Up-to-date symlink: /home/ani/ur_grasp_driver/yc_ws/install/serial/share/ament_index/resource_index/package_run_dependencies/serial
[0.491s] -- Up-to-date symlink: /home/ani/ur_grasp_driver/yc_ws/install/serial/share/ament_index/resource_index/parent_prefix_path/serial
[0.491s] -- Up-to-date symlink: /home/ani/ur_grasp_driver/yc_ws/install/serial/share/serial/environment/ament_prefix_path.sh
[0.491s] -- Up-to-date symlink: /home/ani/ur_grasp_driver/yc_ws/install/serial/share/serial/environment/ament_prefix_path.dsv
[0.491s] -- Up-to-date symlink: /home/ani/ur_grasp_driver/yc_ws/install/serial/share/serial/environment/path.sh
[0.491s] -- Up-to-date symlink: /home/ani/ur_grasp_driver/yc_ws/install/serial/share/serial/environment/path.dsv
[0.491s] -- Up-to-date symlink: /home/ani/ur_grasp_driver/yc_ws/install/serial/share/serial/local_setup.bash
[0.491s] -- Up-to-date symlink: /home/ani/ur_grasp_driver/yc_ws/install/serial/share/serial/local_setup.sh
[0.491s] -- Up-to-date symlink: /home/ani/ur_grasp_driver/yc_ws/install/serial/share/serial/local_setup.zsh
[0.491s] -- Up-to-date symlink: /home/ani/ur_grasp_driver/yc_ws/install/serial/share/serial/local_setup.dsv
[0.491s] -- Symlinking: /home/ani/ur_grasp_driver/yc_ws/install/serial/share/serial/package.dsv
[0.500s] -- Up-to-date symlink: /home/ani/ur_grasp_driver/yc_ws/install/serial/share/ament_index/resource_index/packages/serial
[0.500s] -- Up-to-date symlink: /home/ani/ur_grasp_driver/yc_ws/install/serial/share/serial/cmake/ament_cmake_export_include_directories-extras.cmake
[0.500s] -- Up-to-date symlink: /home/ani/ur_grasp_driver/yc_ws/install/serial/share/serial/cmake/ament_cmake_export_libraries-extras.cmake
[0.500s] -- Up-to-date symlink: /home/ani/ur_grasp_driver/yc_ws/install/serial/share/serial/cmake/ament_cmake_export_targets-extras.cmake
[0.501s] -- Up-to-date symlink: /home/ani/ur_grasp_driver/yc_ws/install/serial/share/serial/cmake/serialConfig.cmake
[0.501s] -- Up-to-date symlink: /home/ani/ur_grasp_driver/yc_ws/install/serial/share/serial/cmake/serialConfig-version.cmake
[0.501s] -- Up-to-date symlink: /home/ani/ur_grasp_driver/yc_ws/install/serial/share/serial/package.xml
[0.501s] -- Up-to-date: /home/ani/ur_grasp_driver/yc_ws/install/serial/lib/libserial.a
[0.502s] -- Up-to-date: /home/ani/ur_grasp_driver/yc_ws/install/serial/share/serial/cmake/export_serialExport.cmake
[0.502s] -- Up-to-date: /home/ani/ur_grasp_driver/yc_ws/install/serial/share/serial/cmake/export_serialExport-noconfig.cmake
[0.510s] Invoked command in '/home/ani/ur_grasp_driver/yc_ws/build/serial' returned '0': CMAKE_PREFIX_PATH=${CMAKE_PREFIX_PATH}:/opt/ros/humble CONDA_PROMPT_MODIFIER=(pregrasp) /usr/bin/cmake --install /home/ani/ur_grasp_driver/yc_ws/build/serial
