[0.434s] Invoking command in '/home/ani/ur_grasp_driver/yc_ws/build/ur_calibration': CMAKE_PREFIX_PATH=${CMAKE_PREFIX_PATH}:/opt/ros/humble CONDA_PROMPT_MODIFIER=(pregrasp) /usr/bin/cmake /home/ani/ur_grasp_driver/yc_ws/src/ur_calibration -DAMENT_CMAKE_SYMLINK_INSTALL=1 -DCMAKE_INSTALL_PREFIX=/home/ani/ur_grasp_driver/yc_ws/install/ur_calibration
[0.483s] -- The C compiler identification is GNU 11.4.0
[0.524s] -- The CXX compiler identification is GNU 11.4.0
[0.532s] -- Detecting C compiler ABI info
[0.594s] -- Detecting C compiler ABI info - done
[0.603s] -- Check for working C compiler: /usr/bin/cc - skipped
[0.603s] -- Detecting C compile features
[0.604s] -- Detecting C compile features - done
[0.607s] -- Detecting CXX compiler ABI info
[0.666s] -- Detecting CXX compiler ABI info - done
[0.671s] -- Check for working CXX compiler: /usr/bin/c++ - skipped
[0.671s] -- Detecting CXX compile features
[0.672s] -- Detecting CXX compile features - done
[0.672s] [0mur_calibration: You did not request a specific build type: selecting 'RelWithDebInfo'.[0m
[0.673s] -- Found ament_cmake: 1.3.10 (/opt/ros/humble/share/ament_cmake/cmake)
[0.904s] -- Found Python3: /home/ani/anaconda3/envs/pregrasp/bin/python3 (found version "3.9.19") found components: Interpreter 
[0.949s] -- Override CMake install command with custom implementation using symlinks instead of copying resources
[0.974s] -- Found rclcpp: 16.0.10 (/opt/ros/humble/share/rclcpp/cmake)
[1.020s] -- Found rosidl_generator_c: 3.1.5 (/opt/ros/humble/share/rosidl_generator_c/cmake)
[1.025s] -- Found rosidl_adapter: 3.1.5 (/opt/ros/humble/share/rosidl_adapter/cmake)
[1.034s] -- Found rosidl_generator_cpp: 3.1.5 (/opt/ros/humble/share/rosidl_generator_cpp/cmake)
[1.047s] -- Using all available rosidl_typesupport_c: rosidl_typesupport_fastrtps_c;rosidl_typesupport_introspection_c
[1.065s] -- Using all available rosidl_typesupport_cpp: rosidl_typesupport_fastrtps_cpp;rosidl_typesupport_introspection_cpp
[1.096s] -- Found rmw_implementation_cmake: 6.1.2 (/opt/ros/humble/share/rmw_implementation_cmake/cmake)
[1.098s] -- Found rmw_fastrtps_cpp: 6.2.7 (/opt/ros/humble/share/rmw_fastrtps_cpp/cmake)
[1.168s] -- Found OpenSSL: /usr/lib/x86_64-linux-gnu/libcrypto.so (found version "3.0.2")  
[1.191s] -- Found FastRTPS: /opt/ros/humble/include  
[1.227s] -- Using RMW implementation 'rmw_fastrtps_cpp' as default
[1.234s] -- Looking for pthread.h
[1.286s] -- Looking for pthread.h - found
[1.287s] -- Performing Test CMAKE_HAVE_LIBC_PTHREAD
[1.339s] -- Performing Test CMAKE_HAVE_LIBC_PTHREAD - Success
[1.340s] -- Found Threads: TRUE  
[1.375s] -- Found ur_robot_driver: 2.2.16 (/opt/ros/humble/share/ur_robot_driver/cmake)
[1.546s] -- Found eigen3_cmake_module: 0.1.1 (/opt/ros/humble/share/eigen3_cmake_module/cmake)
[1.547s] -- Found Eigen3: TRUE (found version "3.4.0") 
[1.547s] -- Ensuring Eigen3 include directory is part of orocos-kdl CMake target
[1.652s] Traceback (most recent call last):
[1.652s]   File "/opt/ros/humble/share/ament_cmake_core/cmake/core/package_xml_2_cmake.py", line 22, in <module>
[1.652s]     from catkin_pkg.package import parse_package_string
[1.652s] ModuleNotFoundError: No module named 'catkin_pkg'
[1.653s] [31mCMake Error at /opt/ros/humble/share/ament_cmake_core/cmake/core/ament_package_xml.cmake:95 (message):
[1.653s]   execute_process(/home/ani/anaconda3/envs/pregrasp/bin/python3
[1.653s]   /opt/ros/humble/share/ament_cmake_core/cmake/core/package_xml_2_cmake.py
[1.653s]   /home/ani/ur_grasp_driver/yc_ws/src/ur_calibration/package.xml
[1.653s]   /home/ani/ur_grasp_driver/yc_ws/build/ur_calibration/ament_cmake_core/package.cmake)
[1.653s]   returned error code 1
[1.653s] Call Stack (most recent call first):
[1.653s]   /opt/ros/humble/share/ament_cmake_core/cmake/core/ament_package_xml.cmake:49 (_ament_package_xml)
[1.654s]   /opt/ros/humble/share/ament_cmake_core/cmake/core/ament_package.cmake:63 (ament_package_xml)
[1.654s]   CMakeLists.txt:104 (ament_package)
[1.654s] 
[1.654s] [0m
[1.654s] -- Configuring incomplete, errors occurred!
[1.654s] See also "/home/ani/ur_grasp_driver/yc_ws/build/ur_calibration/CMakeFiles/CMakeOutput.log".
