-- Found ament_cmake: 1.3.10 (/opt/ros/humble/share/ament_cmake/cmake)
-- Override CMake install command with custom implementation using symlinks instead of copying resources
-- Found launch_testing_ament_cmake: 1.0.6 (/opt/ros/humble/share/launch_testing_ament_cmake/cmake)
-- Found python_cmake_module: 0.10.0 (/opt/ros/humble/share/python_cmake_module/cmake)
-- Using PYTHON_EXECUTABLE: /home/ani/anaconda3/envs/pregrasp/bin/python3
-- Using PYTHON_INCLUDE_DIRS: /home/ani/anaconda3/envs/pregrasp/include/python3.9
-- Using PYTHON_LIBRARIES: /home/ani/anaconda3/envs/pregrasp/lib/libpython3.9.so
-- Found ament_cmake_pytest: 1.3.10 (/opt/ros/humble/share/ament_cmake_pytest/cmake)
-- Configuring done
-- Generating done
-- Build files have been written to: /home/ani/ur_grasp_driver/yc_ws/build/ur_simulation_gazebo
-- Install configuration: ""
-- Execute custom install script
-- Symlinking: /home/ani/ur_grasp_driver/yc_ws/install/ur_simulation_gazebo/share/ur_simulation_gazebo/config/ur_controllers.yaml
-- Symlinking: /home/ani/ur_grasp_driver/yc_ws/install/ur_simulation_gazebo/share/ur_simulation_gazebo/launch/ur_sim_control.launch.py
-- Symlinking: /home/ani/ur_grasp_driver/yc_ws/install/ur_simulation_gazebo/share/ur_simulation_gazebo/launch/ur_sim_moveit.launch.py
-- Symlinking: /home/ani/ur_grasp_driver/yc_ws/install/ur_simulation_gazebo/share/ament_index/resource_index/package_run_dependencies/ur_simulation_gazebo
-- Symlinking: /home/ani/ur_grasp_driver/yc_ws/install/ur_simulation_gazebo/share/ament_index/resource_index/parent_prefix_path/ur_simulation_gazebo
-- Symlinking: /home/ani/ur_grasp_driver/yc_ws/install/ur_simulation_gazebo/share/ur_simulation_gazebo/environment/ament_prefix_path.sh
-- Symlinking: /home/ani/ur_grasp_driver/yc_ws/install/ur_simulation_gazebo/share/ur_simulation_gazebo/environment/ament_prefix_path.dsv
-- Symlinking: /home/ani/ur_grasp_driver/yc_ws/install/ur_simulation_gazebo/share/ur_simulation_gazebo/environment/path.sh
-- Symlinking: /home/ani/ur_grasp_driver/yc_ws/install/ur_simulation_gazebo/share/ur_simulation_gazebo/environment/path.dsv
-- Symlinking: /home/ani/ur_grasp_driver/yc_ws/install/ur_simulation_gazebo/share/ur_simulation_gazebo/local_setup.bash
-- Symlinking: /home/ani/ur_grasp_driver/yc_ws/install/ur_simulation_gazebo/share/ur_simulation_gazebo/local_setup.sh
-- Symlinking: /home/ani/ur_grasp_driver/yc_ws/install/ur_simulation_gazebo/share/ur_simulation_gazebo/local_setup.zsh
-- Symlinking: /home/ani/ur_grasp_driver/yc_ws/install/ur_simulation_gazebo/share/ur_simulation_gazebo/local_setup.dsv
-- Symlinking: /home/ani/ur_grasp_driver/yc_ws/install/ur_simulation_gazebo/share/ur_simulation_gazebo/package.dsv
-- Symlinking: /home/ani/ur_grasp_driver/yc_ws/install/ur_simulation_gazebo/share/ament_index/resource_index/packages/ur_simulation_gazebo
-- Symlinking: /home/ani/ur_grasp_driver/yc_ws/install/ur_simulation_gazebo/share/ur_simulation_gazebo/cmake/ur_simulation_gazeboConfig.cmake
-- Symlinking: /home/ani/ur_grasp_driver/yc_ws/install/ur_simulation_gazebo/share/ur_simulation_gazebo/cmake/ur_simulation_gazeboConfig-version.cmake
-- Symlinking: /home/ani/ur_grasp_driver/yc_ws/install/ur_simulation_gazebo/share/ur_simulation_gazebo/package.xml
