[0.433s] Invoking command in '/home/ani/ur_grasp_driver/yc_ws/build/ur_simulation_gazebo': CMAKE_PREFIX_PATH=${CMAKE_PREFIX_PATH}:/opt/ros/humble CONDA_PROMPT_MODIFIER=(pregrasp) /usr/bin/cmake /home/ani/ur_grasp_driver/yc_ws/src/Universal_Robots_ROS2_Gazebo_Simulation/ur_simulation_gazebo -DAMENT_CMAKE_SYMLINK_INSTALL=1 -DCMAKE_INSTALL_PREFIX=/home/ani/ur_grasp_driver/yc_ws/install/ur_simulation_gazebo
[0.440s] -- Found ament_cmake: 1.3.10 (/opt/ros/humble/share/ament_cmake/cmake)
[0.536s] -- Override CMake install command with custom implementation using symlinks instead of copying resources
[0.545s] -- Found launch_testing_ament_cmake: 1.0.6 (/opt/ros/humble/share/launch_testing_ament_cmake/cmake)
[0.546s] -- Found python_cmake_module: 0.10.0 (/opt/ros/humble/share/python_cmake_module/cmake)
[0.572s] -- Using PYTHON_EXECUTABLE: /home/ani/anaconda3/envs/pregrasp/bin/python3
[0.572s] -- Using PYTHON_INCLUDE_DIRS: /home/ani/anaconda3/envs/pregrasp/include/python3.9
[0.572s] -- Using PYTHON_LIBRARIES: /home/ani/anaconda3/envs/pregrasp/lib/libpython3.9.so
[0.574s] -- Found ament_cmake_pytest: 1.3.10 (/opt/ros/humble/share/ament_cmake_pytest/cmake)
[0.652s] -- Configuring done
[0.656s] -- Generating done
[0.657s] -- Build files have been written to: /home/ani/ur_grasp_driver/yc_ws/build/ur_simulation_gazebo
[0.660s] Invoked command in '/home/ani/ur_grasp_driver/yc_ws/build/ur_simulation_gazebo' returned '0': CMAKE_PREFIX_PATH=${CMAKE_PREFIX_PATH}:/opt/ros/humble CONDA_PROMPT_MODIFIER=(pregrasp) /usr/bin/cmake /home/ani/ur_grasp_driver/yc_ws/src/Universal_Robots_ROS2_Gazebo_Simulation/ur_simulation_gazebo -DAMENT_CMAKE_SYMLINK_INSTALL=1 -DCMAKE_INSTALL_PREFIX=/home/ani/ur_grasp_driver/yc_ws/install/ur_simulation_gazebo
[0.662s] Invoking command in '/home/ani/ur_grasp_driver/yc_ws/build/ur_simulation_gazebo': CMAKE_PREFIX_PATH=${CMAKE_PREFIX_PATH}:/opt/ros/humble CONDA_PROMPT_MODIFIER=(pregrasp) /usr/bin/cmake --build /home/ani/ur_grasp_driver/yc_ws/build/ur_simulation_gazebo -- -j12 -l12
[0.700s] Invoked command in '/home/ani/ur_grasp_driver/yc_ws/build/ur_simulation_gazebo' returned '0': CMAKE_PREFIX_PATH=${CMAKE_PREFIX_PATH}:/opt/ros/humble CONDA_PROMPT_MODIFIER=(pregrasp) /usr/bin/cmake --build /home/ani/ur_grasp_driver/yc_ws/build/ur_simulation_gazebo -- -j12 -l12
[0.711s] Invoking command in '/home/ani/ur_grasp_driver/yc_ws/build/ur_simulation_gazebo': CMAKE_PREFIX_PATH=${CMAKE_PREFIX_PATH}:/opt/ros/humble CONDA_PROMPT_MODIFIER=(pregrasp) /usr/bin/cmake --install /home/ani/ur_grasp_driver/yc_ws/build/ur_simulation_gazebo
[0.720s] -- Install configuration: ""
[0.720s] -- Execute custom install script
[0.720s] -- Symlinking: /home/ani/ur_grasp_driver/yc_ws/install/ur_simulation_gazebo/share/ur_simulation_gazebo/config/ur_controllers.yaml
[0.729s] -- Symlinking: /home/ani/ur_grasp_driver/yc_ws/install/ur_simulation_gazebo/share/ur_simulation_gazebo/launch/ur_sim_control.launch.py
[0.738s] -- Symlinking: /home/ani/ur_grasp_driver/yc_ws/install/ur_simulation_gazebo/share/ur_simulation_gazebo/launch/ur_sim_moveit.launch.py
[0.749s] -- Symlinking: /home/ani/ur_grasp_driver/yc_ws/install/ur_simulation_gazebo/share/ament_index/resource_index/package_run_dependencies/ur_simulation_gazebo
[0.758s] -- Symlinking: /home/ani/ur_grasp_driver/yc_ws/install/ur_simulation_gazebo/share/ament_index/resource_index/parent_prefix_path/ur_simulation_gazebo
[0.767s] -- Symlinking: /home/ani/ur_grasp_driver/yc_ws/install/ur_simulation_gazebo/share/ur_simulation_gazebo/environment/ament_prefix_path.sh
[0.776s] -- Symlinking: /home/ani/ur_grasp_driver/yc_ws/install/ur_simulation_gazebo/share/ur_simulation_gazebo/environment/ament_prefix_path.dsv
[0.786s] -- Symlinking: /home/ani/ur_grasp_driver/yc_ws/install/ur_simulation_gazebo/share/ur_simulation_gazebo/environment/path.sh
[0.795s] -- Symlinking: /home/ani/ur_grasp_driver/yc_ws/install/ur_simulation_gazebo/share/ur_simulation_gazebo/environment/path.dsv
[0.805s] -- Symlinking: /home/ani/ur_grasp_driver/yc_ws/install/ur_simulation_gazebo/share/ur_simulation_gazebo/local_setup.bash
[0.815s] -- Symlinking: /home/ani/ur_grasp_driver/yc_ws/install/ur_simulation_gazebo/share/ur_simulation_gazebo/local_setup.sh
[0.827s] -- Symlinking: /home/ani/ur_grasp_driver/yc_ws/install/ur_simulation_gazebo/share/ur_simulation_gazebo/local_setup.zsh
[0.837s] -- Symlinking: /home/ani/ur_grasp_driver/yc_ws/install/ur_simulation_gazebo/share/ur_simulation_gazebo/local_setup.dsv
[0.847s] -- Symlinking: /home/ani/ur_grasp_driver/yc_ws/install/ur_simulation_gazebo/share/ur_simulation_gazebo/package.dsv
[0.858s] -- Symlinking: /home/ani/ur_grasp_driver/yc_ws/install/ur_simulation_gazebo/share/ament_index/resource_index/packages/ur_simulation_gazebo
[0.868s] -- Symlinking: /home/ani/ur_grasp_driver/yc_ws/install/ur_simulation_gazebo/share/ur_simulation_gazebo/cmake/ur_simulation_gazeboConfig.cmake
[0.879s] -- Symlinking: /home/ani/ur_grasp_driver/yc_ws/install/ur_simulation_gazebo/share/ur_simulation_gazebo/cmake/ur_simulation_gazeboConfig-version.cmake
[0.891s] -- Symlinking: /home/ani/ur_grasp_driver/yc_ws/install/ur_simulation_gazebo/share/ur_simulation_gazebo/package.xml
[0.904s] Invoked command in '/home/ani/ur_grasp_driver/yc_ws/build/ur_simulation_gazebo' returned '0': CMAKE_PREFIX_PATH=${CMAKE_PREFIX_PATH}:/opt/ros/humble CONDA_PROMPT_MODIFIER=(pregrasp) /usr/bin/cmake --install /home/ani/ur_grasp_driver/yc_ws/build/ur_simulation_gazebo
