[0.226s] DEBUG:colcon:Command line arguments: ['/usr/bin/colcon', 'build']
[0.226s] DEBUG:colcon:Parsed command line arguments: Namespace(log_base=None, log_level=None, verb_name='build', build_base='build', install_base='install', merge_install=False, symlink_install=False, test_result_base=None, continue_on_error=False, executor='parallel', parallel_workers=8, event_handlers=None, ignore_user_meta=False, metas=['./colcon.meta'], base_paths=['.'], packages_ignore=None, packages_ignore_regex=None, paths=None, packages_up_to=None, packages_up_to_regex=None, packages_above=None, packages_above_and_dependencies=None, packages_above_depth=None, packages_select_by_dep=None, packages_skip_by_dep=None, packages_skip_up_to=None, packages_select_build_failed=False, packages_skip_build_finished=False, packages_select_test_failures=False, packages_skip_test_passed=False, packages_select=None, packages_skip=None, packages_select_regex=None, packages_skip_regex=None, packages_start=None, packages_end=None, allow_overriding=[], cmake_args=None, cmake_target=None, cmake_target_skip_unavailable=False, cmake_clean_cache=False, cmake_clean_first=False, cmake_force_configure=False, ament_cmake_args=None, catkin_cmake_args=None, catkin_skip_building_tests=False, mixin_files=None, mixin=None, verb_parser=<colcon_mixin.mixin.mixin_argument.MixinArgumentDecorator object at 0x7fa589b64b80>, verb_extension=<colcon_core.verb.build.BuildVerb object at 0x7fa589b64670>, main=<bound method BuildVerb.main of <colcon_core.verb.build.BuildVerb object at 0x7fa589b64670>>, mixin_verb=('build',))
[0.486s] Level 1:colcon.colcon_core.package_discovery:discover_packages(colcon_meta) check parameters
[0.486s] Level 1:colcon.colcon_core.package_discovery:discover_packages(recursive) check parameters
[0.486s] Level 1:colcon.colcon_core.package_discovery:discover_packages(ignore) check parameters
[0.486s] Level 1:colcon.colcon_core.package_discovery:discover_packages(path) check parameters
[0.486s] Level 1:colcon.colcon_core.package_discovery:discover_packages(colcon_meta) discover
[0.486s] Level 1:colcon.colcon_core.package_discovery:discover_packages(recursive) discover
[0.486s] INFO:colcon.colcon_core.package_discovery:Crawling recursively for packages in '/home/artc/UR_Grasp_Driver/yc_ws'
[0.486s] Level 1:colcon.colcon_core.package_identification:_identify(.) by extensions ['ignore', 'ignore_ament_install']
[0.486s] Level 1:colcon.colcon_core.package_identification:_identify(.) by extension 'ignore'
[0.486s] Level 1:colcon.colcon_core.package_identification:_identify(.) by extension 'ignore_ament_install'
[0.486s] Level 1:colcon.colcon_core.package_identification:_identify(.) by extensions ['colcon_pkg']
[0.486s] Level 1:colcon.colcon_core.package_identification:_identify(.) by extension 'colcon_pkg'
[0.486s] Level 1:colcon.colcon_core.package_identification:_identify(.) by extensions ['colcon_meta']
[0.487s] Level 1:colcon.colcon_core.package_identification:_identify(.) by extension 'colcon_meta'
[0.487s] Level 1:colcon.colcon_core.package_identification:_identify(.) by extensions ['ros']
[0.487s] Level 1:colcon.colcon_core.package_identification:_identify(.) by extension 'ros'
[0.546s] Level 1:colcon.colcon_core.package_identification:_identify(.) by extensions ['cmake', 'python']
[0.546s] Level 1:colcon.colcon_core.package_identification:_identify(.) by extension 'cmake'
[0.546s] Level 1:colcon.colcon_core.package_identification:_identify(.) by extension 'python'
[0.546s] Level 1:colcon.colcon_core.package_identification:_identify(.) by extensions ['python_setup_py']
[0.546s] Level 1:colcon.colcon_core.package_identification:_identify(.) by extension 'python_setup_py'
[0.546s] Level 1:colcon.colcon_core.package_identification:_identify(build) by extensions ['ignore', 'ignore_ament_install']
[0.546s] Level 1:colcon.colcon_core.package_identification:_identify(build) by extension 'ignore'
[0.547s] Level 1:colcon.colcon_core.package_identification:_identify(build) ignored
[0.547s] Level 1:colcon.colcon_core.package_identification:_identify(install) by extensions ['ignore', 'ignore_ament_install']
[0.547s] Level 1:colcon.colcon_core.package_identification:_identify(install) by extension 'ignore'
[0.547s] Level 1:colcon.colcon_core.package_identification:_identify(install) ignored
[0.547s] Level 1:colcon.colcon_core.package_identification:_identify(log) by extensions ['ignore', 'ignore_ament_install']
[0.547s] Level 1:colcon.colcon_core.package_identification:_identify(log) by extension 'ignore'
[0.547s] Level 1:colcon.colcon_core.package_identification:_identify(log) ignored
[0.547s] Level 1:colcon.colcon_core.package_identification:_identify(src) by extensions ['ignore', 'ignore_ament_install']
[0.547s] Level 1:colcon.colcon_core.package_identification:_identify(src) by extension 'ignore'
[0.547s] Level 1:colcon.colcon_core.package_identification:_identify(src) by extension 'ignore_ament_install'
[0.547s] Level 1:colcon.colcon_core.package_identification:_identify(src) by extensions ['colcon_pkg']
[0.547s] Level 1:colcon.colcon_core.package_identification:_identify(src) by extension 'colcon_pkg'
[0.547s] Level 1:colcon.colcon_core.package_identification:_identify(src) by extensions ['colcon_meta']
[0.548s] Level 1:colcon.colcon_core.package_identification:_identify(src) by extension 'colcon_meta'
[0.548s] Level 1:colcon.colcon_core.package_identification:_identify(src) by extensions ['ros']
[0.548s] Level 1:colcon.colcon_core.package_identification:_identify(src) by extension 'ros'
[0.548s] Level 1:colcon.colcon_core.package_identification:_identify(src) by extensions ['cmake', 'python']
[0.548s] Level 1:colcon.colcon_core.package_identification:_identify(src) by extension 'cmake'
[0.548s] Level 1:colcon.colcon_core.package_identification:_identify(src) by extension 'python'
[0.548s] Level 1:colcon.colcon_core.package_identification:_identify(src) by extensions ['python_setup_py']
[0.548s] Level 1:colcon.colcon_core.package_identification:_identify(src) by extension 'python_setup_py'
[0.548s] Level 1:colcon.colcon_core.package_identification:_identify(src/diffusion) by extensions ['ignore', 'ignore_ament_install']
[0.548s] Level 1:colcon.colcon_core.package_identification:_identify(src/diffusion) by extension 'ignore'
[0.548s] Level 1:colcon.colcon_core.package_identification:_identify(src/diffusion) by extension 'ignore_ament_install'
[0.548s] Level 1:colcon.colcon_core.package_identification:_identify(src/diffusion) by extensions ['colcon_pkg']
[0.548s] Level 1:colcon.colcon_core.package_identification:_identify(src/diffusion) by extension 'colcon_pkg'
[0.548s] Level 1:colcon.colcon_core.package_identification:_identify(src/diffusion) by extensions ['colcon_meta']
[0.548s] Level 1:colcon.colcon_core.package_identification:_identify(src/diffusion) by extension 'colcon_meta'
[0.548s] Level 1:colcon.colcon_core.package_identification:_identify(src/diffusion) by extensions ['ros']
[0.549s] Level 1:colcon.colcon_core.package_identification:_identify(src/diffusion) by extension 'ros'
[0.552s] DEBUG:colcon.colcon_core.package_identification:Package 'src/diffusion' with type 'ros.ament_python' and name 'diffusion'
[0.552s] Level 1:colcon.colcon_core.package_identification:_identify(src/find_grasp) by extensions ['ignore', 'ignore_ament_install']
[0.552s] Level 1:colcon.colcon_core.package_identification:_identify(src/find_grasp) by extension 'ignore'
[0.552s] Level 1:colcon.colcon_core.package_identification:_identify(src/find_grasp) by extension 'ignore_ament_install'
[0.552s] Level 1:colcon.colcon_core.package_identification:_identify(src/find_grasp) by extensions ['colcon_pkg']
[0.552s] Level 1:colcon.colcon_core.package_identification:_identify(src/find_grasp) by extension 'colcon_pkg'
[0.552s] Level 1:colcon.colcon_core.package_identification:_identify(src/find_grasp) by extensions ['colcon_meta']
[0.552s] Level 1:colcon.colcon_core.package_identification:_identify(src/find_grasp) by extension 'colcon_meta'
[0.553s] Level 1:colcon.colcon_core.package_identification:_identify(src/find_grasp) by extensions ['ros']
[0.553s] Level 1:colcon.colcon_core.package_identification:_identify(src/find_grasp) by extension 'ros'
[0.554s] DEBUG:colcon.colcon_core.package_identification:Package 'src/find_grasp' with type 'ros.ament_python' and name 'find_grasp'
[0.555s] Level 1:colcon.colcon_core.package_identification:_identify(src/frames) by extensions ['ignore', 'ignore_ament_install']
[0.555s] Level 1:colcon.colcon_core.package_identification:_identify(src/frames) by extension 'ignore'
[0.555s] Level 1:colcon.colcon_core.package_identification:_identify(src/frames) by extension 'ignore_ament_install'
[0.555s] Level 1:colcon.colcon_core.package_identification:_identify(src/frames) by extensions ['colcon_pkg']
[0.555s] Level 1:colcon.colcon_core.package_identification:_identify(src/frames) by extension 'colcon_pkg'
[0.555s] Level 1:colcon.colcon_core.package_identification:_identify(src/frames) by extensions ['colcon_meta']
[0.555s] Level 1:colcon.colcon_core.package_identification:_identify(src/frames) by extension 'colcon_meta'
[0.555s] Level 1:colcon.colcon_core.package_identification:_identify(src/frames) by extensions ['ros']
[0.555s] Level 1:colcon.colcon_core.package_identification:_identify(src/frames) by extension 'ros'
[0.558s] DEBUG:colcon.colcon_core.package_identification:Package 'src/frames' with type 'ros.ament_python' and name 'frames'
[0.558s] Level 1:colcon.colcon_core.package_identification:_identify(src/my_ur_driver) by extensions ['ignore', 'ignore_ament_install']
[0.558s] Level 1:colcon.colcon_core.package_identification:_identify(src/my_ur_driver) by extension 'ignore'
[0.558s] Level 1:colcon.colcon_core.package_identification:_identify(src/my_ur_driver) by extension 'ignore_ament_install'
[0.558s] Level 1:colcon.colcon_core.package_identification:_identify(src/my_ur_driver) by extensions ['colcon_pkg']
[0.558s] Level 1:colcon.colcon_core.package_identification:_identify(src/my_ur_driver) by extension 'colcon_pkg'
[0.559s] Level 1:colcon.colcon_core.package_identification:_identify(src/my_ur_driver) by extensions ['colcon_meta']
[0.559s] Level 1:colcon.colcon_core.package_identification:_identify(src/my_ur_driver) by extension 'colcon_meta'
[0.559s] Level 1:colcon.colcon_core.package_identification:_identify(src/my_ur_driver) by extensions ['ros']
[0.559s] Level 1:colcon.colcon_core.package_identification:_identify(src/my_ur_driver) by extension 'ros'
[0.559s] DEBUG:colcon.colcon_core.package_identification:Package 'src/my_ur_driver' with type 'ros.ament_cmake' and name 'my_ur_driver'
[0.559s] Level 1:colcon.colcon_core.package_identification:_identify(src/serial) by extensions ['ignore', 'ignore_ament_install']
[0.560s] Level 1:colcon.colcon_core.package_identification:_identify(src/serial) by extension 'ignore'
[0.560s] Level 1:colcon.colcon_core.package_identification:_identify(src/serial) by extension 'ignore_ament_install'
[0.560s] Level 1:colcon.colcon_core.package_identification:_identify(src/serial) by extensions ['colcon_pkg']
[0.560s] Level 1:colcon.colcon_core.package_identification:_identify(src/serial) by extension 'colcon_pkg'
[0.560s] Level 1:colcon.colcon_core.package_identification:_identify(src/serial) by extensions ['colcon_meta']
[0.560s] Level 1:colcon.colcon_core.package_identification:_identify(src/serial) by extension 'colcon_meta'
[0.560s] Level 1:colcon.colcon_core.package_identification:_identify(src/serial) by extensions ['ros']
[0.560s] Level 1:colcon.colcon_core.package_identification:_identify(src/serial) by extension 'ros'
[0.561s] DEBUG:colcon.colcon_core.package_identification:Package 'src/serial' with type 'ros.ament_cmake' and name 'serial'
[0.561s] Level 1:colcon.colcon_core.package_identification:_identify(src/ur_calibration) by extensions ['ignore', 'ignore_ament_install']
[0.561s] Level 1:colcon.colcon_core.package_identification:_identify(src/ur_calibration) by extension 'ignore'
[0.561s] Level 1:colcon.colcon_core.package_identification:_identify(src/ur_calibration) by extension 'ignore_ament_install'
[0.561s] Level 1:colcon.colcon_core.package_identification:_identify(src/ur_calibration) by extensions ['colcon_pkg']
[0.561s] Level 1:colcon.colcon_core.package_identification:_identify(src/ur_calibration) by extension 'colcon_pkg'
[0.561s] Level 1:colcon.colcon_core.package_identification:_identify(src/ur_calibration) by extensions ['colcon_meta']
[0.561s] Level 1:colcon.colcon_core.package_identification:_identify(src/ur_calibration) by extension 'colcon_meta'
[0.561s] Level 1:colcon.colcon_core.package_identification:_identify(src/ur_calibration) by extensions ['ros']
[0.562s] Level 1:colcon.colcon_core.package_identification:_identify(src/ur_calibration) by extension 'ros'
[0.563s] DEBUG:colcon.colcon_core.package_identification:Package 'src/ur_calibration' with type 'ros.ament_cmake' and name 'ur_calibration'
[0.563s] Level 1:colcon.colcon_core.package_identification:_identify(src/ur_simulation_gazebo) by extensions ['ignore', 'ignore_ament_install']
[0.563s] Level 1:colcon.colcon_core.package_identification:_identify(src/ur_simulation_gazebo) by extension 'ignore'
[0.563s] Level 1:colcon.colcon_core.package_identification:_identify(src/ur_simulation_gazebo) by extension 'ignore_ament_install'
[0.563s] Level 1:colcon.colcon_core.package_identification:_identify(src/ur_simulation_gazebo) by extensions ['colcon_pkg']
[0.564s] Level 1:colcon.colcon_core.package_identification:_identify(src/ur_simulation_gazebo) by extension 'colcon_pkg'
[0.564s] Level 1:colcon.colcon_core.package_identification:_identify(src/ur_simulation_gazebo) by extensions ['colcon_meta']
[0.564s] Level 1:colcon.colcon_core.package_identification:_identify(src/ur_simulation_gazebo) by extension 'colcon_meta'
[0.564s] Level 1:colcon.colcon_core.package_identification:_identify(src/ur_simulation_gazebo) by extensions ['ros']
[0.564s] Level 1:colcon.colcon_core.package_identification:_identify(src/ur_simulation_gazebo) by extension 'ros'
[0.565s] DEBUG:colcon.colcon_core.package_identification:Package 'src/ur_simulation_gazebo' with type 'ros.ament_cmake' and name 'ur_simulation_gazebo'
[0.566s] Level 1:colcon.colcon_core.package_discovery:discover_packages(recursive) using defaults
[0.566s] Level 1:colcon.colcon_core.package_discovery:discover_packages(ignore) discover
[0.566s] Level 1:colcon.colcon_core.package_discovery:discover_packages(ignore) using defaults
[0.566s] Level 1:colcon.colcon_core.package_discovery:discover_packages(path) discover
[0.566s] Level 1:colcon.colcon_core.package_discovery:discover_packages(path) using defaults
[0.628s] Level 1:colcon.colcon_core.package_discovery:discover_packages(prefix_path) check parameters
[0.628s] Level 1:colcon.colcon_core.package_discovery:discover_packages(prefix_path) discover
[0.633s] DEBUG:colcon.colcon_installed_package_information.package_discovery:Found 13 installed packages in /home/artc/abdo_ws/install
[0.636s] DEBUG:colcon.colcon_installed_package_information.package_discovery:Found 396 installed packages in /opt/ros/humble
[0.640s] Level 1:colcon.colcon_core.package_discovery:discover_packages(prefix_path) using defaults
[0.724s] WARNING:colcon.colcon_core.package_selection:Some selected packages are already built in one or more underlay workspaces:
	'serial' is in: /home/artc/abdo_ws/install/serial
If a package in a merged underlay workspace is overridden and it installs headers, then all packages in the overlay must sort their include directories by workspace order. Failure to do so may result in build failures or undefined behavior at run time.
If the overridden package is used by another package in any underlay, then the overriding package in the overlay must be API and ABI compatible or undefined behavior at run time may occur.

If you understand the risks and want to override a package anyways, add the following to the command line:
	--allow-overriding serial

This may be promoted to an error in a future release of colcon-override-check.
[0.725s] Level 5:colcon.colcon_core.verb:set package 'diffusion' build argument 'cmake_args' from command line to 'None'
[0.725s] Level 5:colcon.colcon_core.verb:set package 'diffusion' build argument 'cmake_target' from command line to 'None'
[0.725s] Level 5:colcon.colcon_core.verb:set package 'diffusion' build argument 'cmake_target_skip_unavailable' from command line to 'False'
[0.725s] Level 5:colcon.colcon_core.verb:set package 'diffusion' build argument 'cmake_clean_cache' from command line to 'False'
[0.725s] Level 5:colcon.colcon_core.verb:set package 'diffusion' build argument 'cmake_clean_first' from command line to 'False'
[0.725s] Level 5:colcon.colcon_core.verb:set package 'diffusion' build argument 'cmake_force_configure' from command line to 'False'
[0.725s] Level 5:colcon.colcon_core.verb:set package 'diffusion' build argument 'ament_cmake_args' from command line to 'None'
[0.725s] Level 5:colcon.colcon_core.verb:set package 'diffusion' build argument 'catkin_cmake_args' from command line to 'None'
[0.725s] Level 5:colcon.colcon_core.verb:set package 'diffusion' build argument 'catkin_skip_building_tests' from command line to 'False'
[0.725s] DEBUG:colcon.colcon_core.verb:Building package 'diffusion' with the following arguments: {'ament_cmake_args': None, 'build_base': '/home/artc/UR_Grasp_Driver/yc_ws/build/diffusion', 'catkin_cmake_args': None, 'catkin_skip_building_tests': False, 'cmake_args': None, 'cmake_clean_cache': False, 'cmake_clean_first': False, 'cmake_force_configure': False, 'cmake_target': None, 'cmake_target_skip_unavailable': False, 'install_base': '/home/artc/UR_Grasp_Driver/yc_ws/install/diffusion', 'merge_install': False, 'path': '/home/artc/UR_Grasp_Driver/yc_ws/src/diffusion', 'symlink_install': False, 'test_result_base': None}
[0.726s] Level 5:colcon.colcon_core.verb:set package 'find_grasp' build argument 'cmake_args' from command line to 'None'
[0.726s] Level 5:colcon.colcon_core.verb:set package 'find_grasp' build argument 'cmake_target' from command line to 'None'
[0.726s] Level 5:colcon.colcon_core.verb:set package 'find_grasp' build argument 'cmake_target_skip_unavailable' from command line to 'False'
[0.726s] Level 5:colcon.colcon_core.verb:set package 'find_grasp' build argument 'cmake_clean_cache' from command line to 'False'
[0.726s] Level 5:colcon.colcon_core.verb:set package 'find_grasp' build argument 'cmake_clean_first' from command line to 'False'
[0.726s] Level 5:colcon.colcon_core.verb:set package 'find_grasp' build argument 'cmake_force_configure' from command line to 'False'
[0.726s] Level 5:colcon.colcon_core.verb:set package 'find_grasp' build argument 'ament_cmake_args' from command line to 'None'
[0.726s] Level 5:colcon.colcon_core.verb:set package 'find_grasp' build argument 'catkin_cmake_args' from command line to 'None'
[0.726s] Level 5:colcon.colcon_core.verb:set package 'find_grasp' build argument 'catkin_skip_building_tests' from command line to 'False'
[0.726s] DEBUG:colcon.colcon_core.verb:Building package 'find_grasp' with the following arguments: {'ament_cmake_args': None, 'build_base': '/home/artc/UR_Grasp_Driver/yc_ws/build/find_grasp', 'catkin_cmake_args': None, 'catkin_skip_building_tests': False, 'cmake_args': None, 'cmake_clean_cache': False, 'cmake_clean_first': False, 'cmake_force_configure': False, 'cmake_target': None, 'cmake_target_skip_unavailable': False, 'install_base': '/home/artc/UR_Grasp_Driver/yc_ws/install/find_grasp', 'merge_install': False, 'path': '/home/artc/UR_Grasp_Driver/yc_ws/src/find_grasp', 'symlink_install': False, 'test_result_base': None}
[0.727s] Level 5:colcon.colcon_core.verb:set package 'frames' build argument 'cmake_args' from command line to 'None'
[0.727s] Level 5:colcon.colcon_core.verb:set package 'frames' build argument 'cmake_target' from command line to 'None'
[0.727s] Level 5:colcon.colcon_core.verb:set package 'frames' build argument 'cmake_target_skip_unavailable' from command line to 'False'
[0.727s] Level 5:colcon.colcon_core.verb:set package 'frames' build argument 'cmake_clean_cache' from command line to 'False'
[0.727s] Level 5:colcon.colcon_core.verb:set package 'frames' build argument 'cmake_clean_first' from command line to 'False'
[0.727s] Level 5:colcon.colcon_core.verb:set package 'frames' build argument 'cmake_force_configure' from command line to 'False'
[0.727s] Level 5:colcon.colcon_core.verb:set package 'frames' build argument 'ament_cmake_args' from command line to 'None'
[0.727s] Level 5:colcon.colcon_core.verb:set package 'frames' build argument 'catkin_cmake_args' from command line to 'None'
[0.728s] Level 5:colcon.colcon_core.verb:set package 'frames' build argument 'catkin_skip_building_tests' from command line to 'False'
[0.728s] DEBUG:colcon.colcon_core.verb:Building package 'frames' with the following arguments: {'ament_cmake_args': None, 'build_base': '/home/artc/UR_Grasp_Driver/yc_ws/build/frames', 'catkin_cmake_args': None, 'catkin_skip_building_tests': False, 'cmake_args': None, 'cmake_clean_cache': False, 'cmake_clean_first': False, 'cmake_force_configure': False, 'cmake_target': None, 'cmake_target_skip_unavailable': False, 'install_base': '/home/artc/UR_Grasp_Driver/yc_ws/install/frames', 'merge_install': False, 'path': '/home/artc/UR_Grasp_Driver/yc_ws/src/frames', 'symlink_install': False, 'test_result_base': None}
[0.728s] Level 5:colcon.colcon_core.verb:set package 'my_ur_driver' build argument 'cmake_args' from command line to 'None'
[0.728s] Level 5:colcon.colcon_core.verb:set package 'my_ur_driver' build argument 'cmake_target' from command line to 'None'
[0.728s] Level 5:colcon.colcon_core.verb:set package 'my_ur_driver' build argument 'cmake_target_skip_unavailable' from command line to 'False'
[0.728s] Level 5:colcon.colcon_core.verb:set package 'my_ur_driver' build argument 'cmake_clean_cache' from command line to 'False'
[0.728s] Level 5:colcon.colcon_core.verb:set package 'my_ur_driver' build argument 'cmake_clean_first' from command line to 'False'
[0.728s] Level 5:colcon.colcon_core.verb:set package 'my_ur_driver' build argument 'cmake_force_configure' from command line to 'False'
[0.728s] Level 5:colcon.colcon_core.verb:set package 'my_ur_driver' build argument 'ament_cmake_args' from command line to 'None'
[0.728s] Level 5:colcon.colcon_core.verb:set package 'my_ur_driver' build argument 'catkin_cmake_args' from command line to 'None'
[0.728s] Level 5:colcon.colcon_core.verb:set package 'my_ur_driver' build argument 'catkin_skip_building_tests' from command line to 'False'
[0.729s] DEBUG:colcon.colcon_core.verb:Building package 'my_ur_driver' with the following arguments: {'ament_cmake_args': None, 'build_base': '/home/artc/UR_Grasp_Driver/yc_ws/build/my_ur_driver', 'catkin_cmake_args': None, 'catkin_skip_building_tests': False, 'cmake_args': None, 'cmake_clean_cache': False, 'cmake_clean_first': False, 'cmake_force_configure': False, 'cmake_target': None, 'cmake_target_skip_unavailable': False, 'install_base': '/home/artc/UR_Grasp_Driver/yc_ws/install/my_ur_driver', 'merge_install': False, 'path': '/home/artc/UR_Grasp_Driver/yc_ws/src/my_ur_driver', 'symlink_install': False, 'test_result_base': None}
[0.729s] Level 5:colcon.colcon_core.verb:set package 'serial' build argument 'cmake_args' from command line to 'None'
[0.729s] Level 5:colcon.colcon_core.verb:set package 'serial' build argument 'cmake_target' from command line to 'None'
[0.729s] Level 5:colcon.colcon_core.verb:set package 'serial' build argument 'cmake_target_skip_unavailable' from command line to 'False'
[0.729s] Level 5:colcon.colcon_core.verb:set package 'serial' build argument 'cmake_clean_cache' from command line to 'False'
[0.729s] Level 5:colcon.colcon_core.verb:set package 'serial' build argument 'cmake_clean_first' from command line to 'False'
[0.729s] Level 5:colcon.colcon_core.verb:set package 'serial' build argument 'cmake_force_configure' from command line to 'False'
[0.730s] Level 5:colcon.colcon_core.verb:set package 'serial' build argument 'ament_cmake_args' from command line to 'None'
[0.730s] Level 5:colcon.colcon_core.verb:set package 'serial' build argument 'catkin_cmake_args' from command line to 'None'
[0.730s] Level 5:colcon.colcon_core.verb:set package 'serial' build argument 'catkin_skip_building_tests' from command line to 'False'
[0.730s] DEBUG:colcon.colcon_core.verb:Building package 'serial' with the following arguments: {'ament_cmake_args': None, 'build_base': '/home/artc/UR_Grasp_Driver/yc_ws/build/serial', 'catkin_cmake_args': None, 'catkin_skip_building_tests': False, 'cmake_args': None, 'cmake_clean_cache': False, 'cmake_clean_first': False, 'cmake_force_configure': False, 'cmake_target': None, 'cmake_target_skip_unavailable': False, 'install_base': '/home/artc/UR_Grasp_Driver/yc_ws/install/serial', 'merge_install': False, 'path': '/home/artc/UR_Grasp_Driver/yc_ws/src/serial', 'symlink_install': False, 'test_result_base': None}
[0.730s] Level 5:colcon.colcon_core.verb:set package 'ur_calibration' build argument 'cmake_args' from command line to 'None'
[0.730s] Level 5:colcon.colcon_core.verb:set package 'ur_calibration' build argument 'cmake_target' from command line to 'None'
[0.730s] Level 5:colcon.colcon_core.verb:set package 'ur_calibration' build argument 'cmake_target_skip_unavailable' from command line to 'False'
[0.730s] Level 5:colcon.colcon_core.verb:set package 'ur_calibration' build argument 'cmake_clean_cache' from command line to 'False'
[0.730s] Level 5:colcon.colcon_core.verb:set package 'ur_calibration' build argument 'cmake_clean_first' from command line to 'False'
[0.731s] Level 5:colcon.colcon_core.verb:set package 'ur_calibration' build argument 'cmake_force_configure' from command line to 'False'
[0.731s] Level 5:colcon.colcon_core.verb:set package 'ur_calibration' build argument 'ament_cmake_args' from command line to 'None'
[0.731s] Level 5:colcon.colcon_core.verb:set package 'ur_calibration' build argument 'catkin_cmake_args' from command line to 'None'
[0.731s] Level 5:colcon.colcon_core.verb:set package 'ur_calibration' build argument 'catkin_skip_building_tests' from command line to 'False'
[0.731s] DEBUG:colcon.colcon_core.verb:Building package 'ur_calibration' with the following arguments: {'ament_cmake_args': None, 'build_base': '/home/artc/UR_Grasp_Driver/yc_ws/build/ur_calibration', 'catkin_cmake_args': None, 'catkin_skip_building_tests': False, 'cmake_args': None, 'cmake_clean_cache': False, 'cmake_clean_first': False, 'cmake_force_configure': False, 'cmake_target': None, 'cmake_target_skip_unavailable': False, 'install_base': '/home/artc/UR_Grasp_Driver/yc_ws/install/ur_calibration', 'merge_install': False, 'path': '/home/artc/UR_Grasp_Driver/yc_ws/src/ur_calibration', 'symlink_install': False, 'test_result_base': None}
[0.731s] Level 5:colcon.colcon_core.verb:set package 'ur_simulation_gazebo' build argument 'cmake_args' from command line to 'None'
[0.731s] Level 5:colcon.colcon_core.verb:set package 'ur_simulation_gazebo' build argument 'cmake_target' from command line to 'None'
[0.731s] Level 5:colcon.colcon_core.verb:set package 'ur_simulation_gazebo' build argument 'cmake_target_skip_unavailable' from command line to 'False'
[0.731s] Level 5:colcon.colcon_core.verb:set package 'ur_simulation_gazebo' build argument 'cmake_clean_cache' from command line to 'False'
[0.731s] Level 5:colcon.colcon_core.verb:set package 'ur_simulation_gazebo' build argument 'cmake_clean_first' from command line to 'False'
[0.731s] Level 5:colcon.colcon_core.verb:set package 'ur_simulation_gazebo' build argument 'cmake_force_configure' from command line to 'False'
[0.731s] Level 5:colcon.colcon_core.verb:set package 'ur_simulation_gazebo' build argument 'ament_cmake_args' from command line to 'None'
[0.731s] Level 5:colcon.colcon_core.verb:set package 'ur_simulation_gazebo' build argument 'catkin_cmake_args' from command line to 'None'
[0.731s] Level 5:colcon.colcon_core.verb:set package 'ur_simulation_gazebo' build argument 'catkin_skip_building_tests' from command line to 'False'
[0.731s] DEBUG:colcon.colcon_core.verb:Building package 'ur_simulation_gazebo' with the following arguments: {'ament_cmake_args': None, 'build_base': '/home/artc/UR_Grasp_Driver/yc_ws/build/ur_simulation_gazebo', 'catkin_cmake_args': None, 'catkin_skip_building_tests': False, 'cmake_args': None, 'cmake_clean_cache': False, 'cmake_clean_first': False, 'cmake_force_configure': False, 'cmake_target': None, 'cmake_target_skip_unavailable': False, 'install_base': '/home/artc/UR_Grasp_Driver/yc_ws/install/ur_simulation_gazebo', 'merge_install': False, 'path': '/home/artc/UR_Grasp_Driver/yc_ws/src/ur_simulation_gazebo', 'symlink_install': False, 'test_result_base': None}
[0.732s] INFO:colcon.colcon_core.executor:Executing jobs using 'parallel' executor
[0.733s] DEBUG:colcon.colcon_parallel_executor.executor.parallel:run_until_complete
[0.733s] INFO:colcon.colcon_ros.task.ament_cmake.build:Building ROS package in '/home/artc/UR_Grasp_Driver/yc_ws/src/my_ur_driver' with build type 'ament_cmake'
[0.733s] INFO:colcon.colcon_cmake.task.cmake.build:Building CMake package in '/home/artc/UR_Grasp_Driver/yc_ws/src/my_ur_driver'
[0.745s] INFO:colcon.colcon_core.plugin_system:Skipping extension 'colcon_core.shell.bat': Not used on non-Windows systems
[0.745s] INFO:colcon.colcon_core.shell:Skip shell extension 'powershell' for command environment: Not usable outside of PowerShell
[0.745s] DEBUG:colcon.colcon_core.shell:Skip shell extension 'dsv' for command environment
[0.750s] INFO:colcon.colcon_ros.task.ament_python.build:Building ROS package in '/home/artc/UR_Grasp_Driver/yc_ws/src/diffusion' with build type 'ament_python'
[0.751s] Level 1:colcon.colcon_core.shell:create_environment_hook('diffusion', 'ament_prefix_path')
[0.751s] INFO:colcon.colcon_core.shell:Creating environment hook '/home/artc/UR_Grasp_Driver/yc_ws/install/diffusion/share/diffusion/hook/ament_prefix_path.ps1'
[0.752s] INFO:colcon.colcon_core.shell:Creating environment descriptor '/home/artc/UR_Grasp_Driver/yc_ws/install/diffusion/share/diffusion/hook/ament_prefix_path.dsv'
[0.755s] INFO:colcon.colcon_core.shell:Creating environment hook '/home/artc/UR_Grasp_Driver/yc_ws/install/diffusion/share/diffusion/hook/ament_prefix_path.sh'
[0.758s] INFO:colcon.colcon_core.shell:Skip shell extension 'powershell' for command environment: Not usable outside of PowerShell
[0.758s] DEBUG:colcon.colcon_core.shell:Skip shell extension 'dsv' for command environment
[0.764s] INFO:colcon.colcon_ros.task.ament_python.build:Building ROS package in '/home/artc/UR_Grasp_Driver/yc_ws/src/find_grasp' with build type 'ament_python'
[0.765s] Level 1:colcon.colcon_core.shell:create_environment_hook('find_grasp', 'ament_prefix_path')
[0.765s] INFO:colcon.colcon_core.shell:Creating environment hook '/home/artc/UR_Grasp_Driver/yc_ws/install/find_grasp/share/find_grasp/hook/ament_prefix_path.ps1'
[0.766s] INFO:colcon.colcon_core.shell:Creating environment descriptor '/home/artc/UR_Grasp_Driver/yc_ws/install/find_grasp/share/find_grasp/hook/ament_prefix_path.dsv'
[0.767s] INFO:colcon.colcon_core.shell:Creating environment hook '/home/artc/UR_Grasp_Driver/yc_ws/install/find_grasp/share/find_grasp/hook/ament_prefix_path.sh'
[0.768s] INFO:colcon.colcon_core.shell:Skip shell extension 'powershell' for command environment: Not usable outside of PowerShell
[0.768s] DEBUG:colcon.colcon_core.shell:Skip shell extension 'dsv' for command environment
[0.772s] INFO:colcon.colcon_ros.task.ament_python.build:Building ROS package in '/home/artc/UR_Grasp_Driver/yc_ws/src/frames' with build type 'ament_python'
[0.773s] Level 1:colcon.colcon_core.shell:create_environment_hook('frames', 'ament_prefix_path')
[0.773s] INFO:colcon.colcon_core.shell:Creating environment hook '/home/artc/UR_Grasp_Driver/yc_ws/install/frames/share/frames/hook/ament_prefix_path.ps1'
[0.774s] INFO:colcon.colcon_core.shell:Creating environment descriptor '/home/artc/UR_Grasp_Driver/yc_ws/install/frames/share/frames/hook/ament_prefix_path.dsv'
[0.774s] INFO:colcon.colcon_core.shell:Creating environment hook '/home/artc/UR_Grasp_Driver/yc_ws/install/frames/share/frames/hook/ament_prefix_path.sh'
[0.775s] INFO:colcon.colcon_core.shell:Skip shell extension 'powershell' for command environment: Not usable outside of PowerShell
[0.775s] DEBUG:colcon.colcon_core.shell:Skip shell extension 'dsv' for command environment
[0.782s] INFO:colcon.colcon_ros.task.ament_cmake.build:Building ROS package in '/home/artc/UR_Grasp_Driver/yc_ws/src/serial' with build type 'ament_cmake'
[0.783s] INFO:colcon.colcon_cmake.task.cmake.build:Building CMake package in '/home/artc/UR_Grasp_Driver/yc_ws/src/serial'
[0.783s] INFO:colcon.colcon_core.shell:Skip shell extension 'powershell' for command environment: Not usable outside of PowerShell
[0.783s] DEBUG:colcon.colcon_core.shell:Skip shell extension 'dsv' for command environment
[0.789s] INFO:colcon.colcon_ros.task.ament_cmake.build:Building ROS package in '/home/artc/UR_Grasp_Driver/yc_ws/src/ur_calibration' with build type 'ament_cmake'
[0.790s] INFO:colcon.colcon_cmake.task.cmake.build:Building CMake package in '/home/artc/UR_Grasp_Driver/yc_ws/src/ur_calibration'
[0.790s] INFO:colcon.colcon_core.shell:Skip shell extension 'powershell' for command environment: Not usable outside of PowerShell
[0.790s] DEBUG:colcon.colcon_core.shell:Skip shell extension 'dsv' for command environment
[0.801s] DEBUG:colcon.colcon_core.event_handler.log_command:Invoking command in '/home/artc/UR_Grasp_Driver/yc_ws/build/my_ur_driver': CMAKE_PREFIX_PATH=${CMAKE_PREFIX_PATH}:/home/artc/abdo_ws/install/robotiq_driver:/home/artc/abdo_ws/install/my_libs:/home/artc/abdo_ws/install/anygrasp:/opt/ros/humble CONDA_PROMPT_MODIFIER=(ros2_any) /home/artc/miniconda3/envs/ros2_any/bin/cmake /home/artc/UR_Grasp_Driver/yc_ws/src/my_ur_driver -DCMAKE_INSTALL_PREFIX=/home/artc/UR_Grasp_Driver/yc_ws/install/my_ur_driver
[1.231s] INFO:colcon.colcon_core.task.python.build:Building Python package in '/home/artc/UR_Grasp_Driver/yc_ws/src/diffusion'
[1.231s] INFO:colcon.colcon_core.shell:Skip shell extension 'powershell' for command environment: Not usable outside of PowerShell
[1.231s] DEBUG:colcon.colcon_core.shell:Skip shell extension 'dsv' for command environment
[1.599s] INFO:colcon.colcon_core.task.python.build:Building Python package in '/home/artc/UR_Grasp_Driver/yc_ws/src/find_grasp'
[1.600s] INFO:colcon.colcon_core.shell:Skip shell extension 'powershell' for command environment: Not usable outside of PowerShell
[1.600s] DEBUG:colcon.colcon_core.shell:Skip shell extension 'dsv' for command environment
[1.932s] INFO:colcon.colcon_core.task.python.build:Building Python package in '/home/artc/UR_Grasp_Driver/yc_ws/src/frames'
[1.932s] INFO:colcon.colcon_core.shell:Skip shell extension 'powershell' for command environment: Not usable outside of PowerShell
[1.932s] DEBUG:colcon.colcon_core.shell:Skip shell extension 'dsv' for command environment
[1.945s] DEBUG:colcon.colcon_core.event_handler.log_command:Invoking command in '/home/artc/UR_Grasp_Driver/yc_ws/build/serial': CMAKE_PREFIX_PATH=${CMAKE_PREFIX_PATH}:/home/artc/abdo_ws/install/robotiq_driver:/home/artc/abdo_ws/install/my_libs:/home/artc/abdo_ws/install/anygrasp:/opt/ros/humble CONDA_PROMPT_MODIFIER=(ros2_any) /home/artc/miniconda3/envs/ros2_any/bin/cmake /home/artc/UR_Grasp_Driver/yc_ws/src/serial -DCMAKE_INSTALL_PREFIX=/home/artc/UR_Grasp_Driver/yc_ws/install/serial
[1.950s] DEBUG:colcon.colcon_core.event_handler.log_command:Invoking command in '/home/artc/UR_Grasp_Driver/yc_ws/build/ur_calibration': CMAKE_PREFIX_PATH=${CMAKE_PREFIX_PATH}:/home/artc/abdo_ws/install/robotiq_driver:/home/artc/abdo_ws/install/my_libs:/home/artc/abdo_ws/install/anygrasp:/opt/ros/humble CONDA_PROMPT_MODIFIER=(ros2_any) /home/artc/miniconda3/envs/ros2_any/bin/cmake /home/artc/UR_Grasp_Driver/yc_ws/src/ur_calibration -DCMAKE_INSTALL_PREFIX=/home/artc/UR_Grasp_Driver/yc_ws/install/ur_calibration
[2.819s] DEBUG:colcon.colcon_core.event_handler.log_command:Invoking command in '/home/artc/UR_Grasp_Driver/yc_ws/src/diffusion': CONDA_PROMPT_MODIFIER=(ros2_any) PYTHONPATH=/home/artc/UR_Grasp_Driver/yc_ws/build/diffusion/prefix_override:/usr/lib/python3/dist-packages/colcon_core/task/python/colcon_distutils_commands:/home/artc/UR_Grasp_Driver/yc_ws/install/diffusion/lib/python3.10/site-packages:${PYTHONPATH} /usr/bin/python3 -W ignore:setup.py install is deprecated setup.py egg_info --egg-base ../../build/diffusion build --build-base /home/artc/UR_Grasp_Driver/yc_ws/build/diffusion/build install --record /home/artc/UR_Grasp_Driver/yc_ws/build/diffusion/install.log --single-version-externally-managed install_data
[2.827s] DEBUG:colcon.colcon_core.event_handler.log_command:Invoking command in '/home/artc/UR_Grasp_Driver/yc_ws/src/frames': CONDA_PROMPT_MODIFIER=(ros2_any) PYTHONPATH=/home/artc/UR_Grasp_Driver/yc_ws/build/frames/prefix_override:/usr/lib/python3/dist-packages/colcon_core/task/python/colcon_distutils_commands:/home/artc/UR_Grasp_Driver/yc_ws/install/frames/lib/python3.10/site-packages:${PYTHONPATH} /usr/bin/python3 -W ignore:setup.py install is deprecated setup.py egg_info --egg-base ../../build/frames build --build-base /home/artc/UR_Grasp_Driver/yc_ws/build/frames/build install --record /home/artc/UR_Grasp_Driver/yc_ws/build/frames/install.log --single-version-externally-managed install_data
[2.828s] DEBUG:colcon.colcon_core.event_handler.log_command:Invoking command in '/home/artc/UR_Grasp_Driver/yc_ws/src/find_grasp': CONDA_PROMPT_MODIFIER=(ros2_any) PYTHONPATH=/home/artc/UR_Grasp_Driver/yc_ws/build/find_grasp/prefix_override:/usr/lib/python3/dist-packages/colcon_core/task/python/colcon_distutils_commands:/home/artc/UR_Grasp_Driver/yc_ws/install/find_grasp/lib/python3.10/site-packages:${PYTHONPATH} /usr/bin/python3 -W ignore:setup.py install is deprecated setup.py egg_info --egg-base ../../build/find_grasp build --build-base /home/artc/UR_Grasp_Driver/yc_ws/build/find_grasp/build install --record /home/artc/UR_Grasp_Driver/yc_ws/build/find_grasp/install.log --single-version-externally-managed install_data
[3.446s] DEBUG:colcon.colcon_core.event_handler.log_command:Invoked command in '/home/artc/UR_Grasp_Driver/yc_ws/src/diffusion' returned '0': CONDA_PROMPT_MODIFIER=(ros2_any) PYTHONPATH=/home/artc/UR_Grasp_Driver/yc_ws/build/diffusion/prefix_override:/usr/lib/python3/dist-packages/colcon_core/task/python/colcon_distutils_commands:/home/artc/UR_Grasp_Driver/yc_ws/install/diffusion/lib/python3.10/site-packages:${PYTHONPATH} /usr/bin/python3 -W ignore:setup.py install is deprecated setup.py egg_info --egg-base ../../build/diffusion build --build-base /home/artc/UR_Grasp_Driver/yc_ws/build/diffusion/build install --record /home/artc/UR_Grasp_Driver/yc_ws/build/diffusion/install.log --single-version-externally-managed install_data
[3.459s] Level 1:colcon.colcon_core.environment:checking '/home/artc/UR_Grasp_Driver/yc_ws/install/diffusion' for CMake module files
[3.460s] Level 1:colcon.colcon_core.environment:checking '/home/artc/UR_Grasp_Driver/yc_ws/install/diffusion' for CMake config files
[3.461s] Level 1:colcon.colcon_core.environment:checking '/home/artc/UR_Grasp_Driver/yc_ws/install/diffusion/lib'
[3.461s] Level 1:colcon.colcon_core.environment:checking '/home/artc/UR_Grasp_Driver/yc_ws/install/diffusion/bin'
[3.461s] Level 1:colcon.colcon_core.environment:checking '/home/artc/UR_Grasp_Driver/yc_ws/install/diffusion/lib/pkgconfig/diffusion.pc'
[3.461s] Level 1:colcon.colcon_core.environment:checking '/home/artc/UR_Grasp_Driver/yc_ws/install/diffusion/lib/python3.10/site-packages'
[3.462s] Level 1:colcon.colcon_core.shell:create_environment_hook('diffusion', 'pythonpath')
[3.462s] INFO:colcon.colcon_core.shell:Creating environment hook '/home/artc/UR_Grasp_Driver/yc_ws/install/diffusion/share/diffusion/hook/pythonpath.ps1'
[3.462s] INFO:colcon.colcon_core.shell:Creating environment descriptor '/home/artc/UR_Grasp_Driver/yc_ws/install/diffusion/share/diffusion/hook/pythonpath.dsv'
[3.463s] INFO:colcon.colcon_core.shell:Creating environment hook '/home/artc/UR_Grasp_Driver/yc_ws/install/diffusion/share/diffusion/hook/pythonpath.sh'
[3.463s] Level 1:colcon.colcon_core.environment:checking '/home/artc/UR_Grasp_Driver/yc_ws/install/diffusion/bin'
[3.463s] Level 1:colcon.colcon_core.environment:create_environment_scripts_only(diffusion)
[3.464s] INFO:colcon.colcon_core.shell:Creating package script '/home/artc/UR_Grasp_Driver/yc_ws/install/diffusion/share/diffusion/package.ps1'
[3.490s] INFO:colcon.colcon_core.shell:Creating package descriptor '/home/artc/UR_Grasp_Driver/yc_ws/install/diffusion/share/diffusion/package.dsv'
[3.492s] INFO:colcon.colcon_core.shell:Creating package script '/home/artc/UR_Grasp_Driver/yc_ws/install/diffusion/share/diffusion/package.sh'
[3.495s] INFO:colcon.colcon_core.shell:Creating package script '/home/artc/UR_Grasp_Driver/yc_ws/install/diffusion/share/diffusion/package.bash'
[3.496s] INFO:colcon.colcon_core.shell:Creating package script '/home/artc/UR_Grasp_Driver/yc_ws/install/diffusion/share/diffusion/package.zsh'
[3.499s] Level 1:colcon.colcon_core.environment:create_file_with_runtime_dependencies(/home/artc/UR_Grasp_Driver/yc_ws/install/diffusion/share/colcon-core/packages/diffusion)
[3.501s] Level 1:colcon.colcon_core.environment:checking '/home/artc/UR_Grasp_Driver/yc_ws/install/frames' for CMake module files
[3.502s] DEBUG:colcon.colcon_core.event_handler.log_command:Invoked command in '/home/artc/UR_Grasp_Driver/yc_ws/src/frames' returned '0': CONDA_PROMPT_MODIFIER=(ros2_any) PYTHONPATH=/home/artc/UR_Grasp_Driver/yc_ws/build/frames/prefix_override:/usr/lib/python3/dist-packages/colcon_core/task/python/colcon_distutils_commands:/home/artc/UR_Grasp_Driver/yc_ws/install/frames/lib/python3.10/site-packages:${PYTHONPATH} /usr/bin/python3 -W ignore:setup.py install is deprecated setup.py egg_info --egg-base ../../build/frames build --build-base /home/artc/UR_Grasp_Driver/yc_ws/build/frames/build install --record /home/artc/UR_Grasp_Driver/yc_ws/build/frames/install.log --single-version-externally-managed install_data
[3.502s] Level 1:colcon.colcon_core.environment:checking '/home/artc/UR_Grasp_Driver/yc_ws/install/frames' for CMake config files
[3.502s] Level 1:colcon.colcon_core.environment:checking '/home/artc/UR_Grasp_Driver/yc_ws/install/frames/lib'
[3.502s] Level 1:colcon.colcon_core.environment:checking '/home/artc/UR_Grasp_Driver/yc_ws/install/frames/bin'
[3.503s] Level 1:colcon.colcon_core.shell:create_environment_hook('frames', 'path')
[3.503s] INFO:colcon.colcon_core.shell:Creating environment hook '/home/artc/UR_Grasp_Driver/yc_ws/install/frames/share/frames/hook/path.ps1'
[3.503s] INFO:colcon.colcon_core.shell:Creating environment descriptor '/home/artc/UR_Grasp_Driver/yc_ws/install/frames/share/frames/hook/path.dsv'
[3.504s] INFO:colcon.colcon_core.shell:Creating environment hook '/home/artc/UR_Grasp_Driver/yc_ws/install/frames/share/frames/hook/path.sh'
[3.504s] Level 1:colcon.colcon_core.environment:checking '/home/artc/UR_Grasp_Driver/yc_ws/install/frames/lib/pkgconfig/frames.pc'
[3.504s] Level 1:colcon.colcon_core.environment:checking '/home/artc/UR_Grasp_Driver/yc_ws/install/frames/lib/python3.10/site-packages'
[3.504s] Level 1:colcon.colcon_core.shell:create_environment_hook('frames', 'pythonpath')
[3.505s] INFO:colcon.colcon_core.shell:Creating environment hook '/home/artc/UR_Grasp_Driver/yc_ws/install/frames/share/frames/hook/pythonpath.ps1'
[3.505s] INFO:colcon.colcon_core.shell:Creating environment descriptor '/home/artc/UR_Grasp_Driver/yc_ws/install/frames/share/frames/hook/pythonpath.dsv'
[3.505s] INFO:colcon.colcon_core.shell:Creating environment hook '/home/artc/UR_Grasp_Driver/yc_ws/install/frames/share/frames/hook/pythonpath.sh'
[3.506s] Level 1:colcon.colcon_core.environment:checking '/home/artc/UR_Grasp_Driver/yc_ws/install/frames/bin'
[3.506s] Level 1:colcon.colcon_core.shell:create_environment_hook('frames', 'pythonscriptspath')
[3.506s] INFO:colcon.colcon_core.shell:Creating environment hook '/home/artc/UR_Grasp_Driver/yc_ws/install/frames/share/frames/hook/pythonscriptspath.ps1'
[3.507s] INFO:colcon.colcon_core.shell:Creating environment descriptor '/home/artc/UR_Grasp_Driver/yc_ws/install/frames/share/frames/hook/pythonscriptspath.dsv'
[3.507s] INFO:colcon.colcon_core.shell:Creating environment hook '/home/artc/UR_Grasp_Driver/yc_ws/install/frames/share/frames/hook/pythonscriptspath.sh'
[3.507s] Level 1:colcon.colcon_core.environment:create_environment_scripts_only(frames)
[3.508s] INFO:colcon.colcon_core.shell:Creating package script '/home/artc/UR_Grasp_Driver/yc_ws/install/frames/share/frames/package.ps1'
[3.509s] INFO:colcon.colcon_core.shell:Creating package descriptor '/home/artc/UR_Grasp_Driver/yc_ws/install/frames/share/frames/package.dsv'
[3.510s] INFO:colcon.colcon_core.shell:Creating package script '/home/artc/UR_Grasp_Driver/yc_ws/install/frames/share/frames/package.sh'
[3.510s] INFO:colcon.colcon_core.shell:Creating package script '/home/artc/UR_Grasp_Driver/yc_ws/install/frames/share/frames/package.bash'
[3.511s] INFO:colcon.colcon_core.shell:Creating package script '/home/artc/UR_Grasp_Driver/yc_ws/install/frames/share/frames/package.zsh'
[3.511s] Level 1:colcon.colcon_core.environment:create_file_with_runtime_dependencies(/home/artc/UR_Grasp_Driver/yc_ws/install/frames/share/colcon-core/packages/frames)
[3.512s] Level 1:colcon.colcon_core.environment:checking '/home/artc/UR_Grasp_Driver/yc_ws/install/find_grasp' for CMake module files
[3.513s] Level 1:colcon.colcon_core.environment:checking '/home/artc/UR_Grasp_Driver/yc_ws/install/find_grasp' for CMake config files
[3.514s] DEBUG:colcon.colcon_core.event_handler.log_command:Invoked command in '/home/artc/UR_Grasp_Driver/yc_ws/src/find_grasp' returned '0': CONDA_PROMPT_MODIFIER=(ros2_any) PYTHONPATH=/home/artc/UR_Grasp_Driver/yc_ws/build/find_grasp/prefix_override:/usr/lib/python3/dist-packages/colcon_core/task/python/colcon_distutils_commands:/home/artc/UR_Grasp_Driver/yc_ws/install/find_grasp/lib/python3.10/site-packages:${PYTHONPATH} /usr/bin/python3 -W ignore:setup.py install is deprecated setup.py egg_info --egg-base ../../build/find_grasp build --build-base /home/artc/UR_Grasp_Driver/yc_ws/build/find_grasp/build install --record /home/artc/UR_Grasp_Driver/yc_ws/build/find_grasp/install.log --single-version-externally-managed install_data
[3.514s] Level 1:colcon.colcon_core.environment:checking '/home/artc/UR_Grasp_Driver/yc_ws/install/find_grasp/lib'
[3.514s] Level 1:colcon.colcon_core.environment:checking '/home/artc/UR_Grasp_Driver/yc_ws/install/find_grasp/bin'
[3.515s] Level 1:colcon.colcon_core.shell:create_environment_hook('find_grasp', 'path')
[3.515s] INFO:colcon.colcon_core.shell:Creating environment hook '/home/artc/UR_Grasp_Driver/yc_ws/install/find_grasp/share/find_grasp/hook/path.ps1'
[3.515s] INFO:colcon.colcon_core.shell:Creating environment descriptor '/home/artc/UR_Grasp_Driver/yc_ws/install/find_grasp/share/find_grasp/hook/path.dsv'
[3.516s] INFO:colcon.colcon_core.shell:Creating environment hook '/home/artc/UR_Grasp_Driver/yc_ws/install/find_grasp/share/find_grasp/hook/path.sh'
[3.516s] Level 1:colcon.colcon_core.environment:checking '/home/artc/UR_Grasp_Driver/yc_ws/install/find_grasp/lib/pkgconfig/find_grasp.pc'
[3.517s] Level 1:colcon.colcon_core.environment:checking '/home/artc/UR_Grasp_Driver/yc_ws/install/find_grasp/lib/python3.10/site-packages'
[3.517s] Level 1:colcon.colcon_core.shell:create_environment_hook('find_grasp', 'pythonpath')
[3.517s] INFO:colcon.colcon_core.shell:Creating environment hook '/home/artc/UR_Grasp_Driver/yc_ws/install/find_grasp/share/find_grasp/hook/pythonpath.ps1'
[3.518s] INFO:colcon.colcon_core.shell:Creating environment descriptor '/home/artc/UR_Grasp_Driver/yc_ws/install/find_grasp/share/find_grasp/hook/pythonpath.dsv'
[3.518s] INFO:colcon.colcon_core.shell:Creating environment hook '/home/artc/UR_Grasp_Driver/yc_ws/install/find_grasp/share/find_grasp/hook/pythonpath.sh'
[3.519s] Level 1:colcon.colcon_core.environment:checking '/home/artc/UR_Grasp_Driver/yc_ws/install/find_grasp/bin'
[3.519s] Level 1:colcon.colcon_core.shell:create_environment_hook('find_grasp', 'pythonscriptspath')
[3.519s] INFO:colcon.colcon_core.shell:Creating environment hook '/home/artc/UR_Grasp_Driver/yc_ws/install/find_grasp/share/find_grasp/hook/pythonscriptspath.ps1'
[3.520s] INFO:colcon.colcon_core.shell:Creating environment descriptor '/home/artc/UR_Grasp_Driver/yc_ws/install/find_grasp/share/find_grasp/hook/pythonscriptspath.dsv'
[3.520s] INFO:colcon.colcon_core.shell:Creating environment hook '/home/artc/UR_Grasp_Driver/yc_ws/install/find_grasp/share/find_grasp/hook/pythonscriptspath.sh'
[3.521s] Level 1:colcon.colcon_core.environment:create_environment_scripts_only(find_grasp)
[3.521s] INFO:colcon.colcon_core.shell:Creating package script '/home/artc/UR_Grasp_Driver/yc_ws/install/find_grasp/share/find_grasp/package.ps1'
[3.522s] INFO:colcon.colcon_core.shell:Creating package descriptor '/home/artc/UR_Grasp_Driver/yc_ws/install/find_grasp/share/find_grasp/package.dsv'
[3.522s] INFO:colcon.colcon_core.shell:Creating package script '/home/artc/UR_Grasp_Driver/yc_ws/install/find_grasp/share/find_grasp/package.sh'
[3.523s] INFO:colcon.colcon_core.shell:Creating package script '/home/artc/UR_Grasp_Driver/yc_ws/install/find_grasp/share/find_grasp/package.bash'
[3.523s] INFO:colcon.colcon_core.shell:Creating package script '/home/artc/UR_Grasp_Driver/yc_ws/install/find_grasp/share/find_grasp/package.zsh'
[3.523s] Level 1:colcon.colcon_core.environment:create_file_with_runtime_dependencies(/home/artc/UR_Grasp_Driver/yc_ws/install/find_grasp/share/colcon-core/packages/find_grasp)
[3.808s] DEBUG:colcon.colcon_core.event_handler.log_command:Invoked command in '/home/artc/UR_Grasp_Driver/yc_ws/build/serial' returned '0': CMAKE_PREFIX_PATH=${CMAKE_PREFIX_PATH}:/home/artc/abdo_ws/install/robotiq_driver:/home/artc/abdo_ws/install/my_libs:/home/artc/abdo_ws/install/anygrasp:/opt/ros/humble CONDA_PROMPT_MODIFIER=(ros2_any) /home/artc/miniconda3/envs/ros2_any/bin/cmake /home/artc/UR_Grasp_Driver/yc_ws/src/serial -DCMAKE_INSTALL_PREFIX=/home/artc/UR_Grasp_Driver/yc_ws/install/serial
[3.811s] DEBUG:colcon.colcon_core.event_handler.log_command:Invoking command in '/home/artc/UR_Grasp_Driver/yc_ws/build/serial': CMAKE_PREFIX_PATH=${CMAKE_PREFIX_PATH}:/home/artc/abdo_ws/install/robotiq_driver:/home/artc/abdo_ws/install/my_libs:/home/artc/abdo_ws/install/anygrasp:/opt/ros/humble CONDA_PROMPT_MODIFIER=(ros2_any) /home/artc/miniconda3/envs/ros2_any/bin/cmake --build /home/artc/UR_Grasp_Driver/yc_ws/build/serial -- -j8 -l8
[5.209s] DEBUG:colcon.colcon_core.event_handler.log_command:Invoked command in '/home/artc/UR_Grasp_Driver/yc_ws/build/serial' returned '0': CMAKE_PREFIX_PATH=${CMAKE_PREFIX_PATH}:/home/artc/abdo_ws/install/robotiq_driver:/home/artc/abdo_ws/install/my_libs:/home/artc/abdo_ws/install/anygrasp:/opt/ros/humble CONDA_PROMPT_MODIFIER=(ros2_any) /home/artc/miniconda3/envs/ros2_any/bin/cmake --build /home/artc/UR_Grasp_Driver/yc_ws/build/serial -- -j8 -l8
[5.254s] DEBUG:colcon.colcon_core.event_handler.log_command:Invoking command in '/home/artc/UR_Grasp_Driver/yc_ws/build/serial': CMAKE_PREFIX_PATH=${CMAKE_PREFIX_PATH}:/home/artc/abdo_ws/install/robotiq_driver:/home/artc/abdo_ws/install/my_libs:/home/artc/abdo_ws/install/anygrasp:/opt/ros/humble CONDA_PROMPT_MODIFIER=(ros2_any) /home/artc/miniconda3/envs/ros2_any/bin/cmake --install /home/artc/UR_Grasp_Driver/yc_ws/build/serial
[5.268s] Level 1:colcon.colcon_core.environment:create_environment_scripts_only(serial)
[5.268s] Level 1:colcon.colcon_core.environment:checking '/home/artc/UR_Grasp_Driver/yc_ws/install/serial' for CMake module files
[5.269s] DEBUG:colcon.colcon_core.event_handler.log_command:Invoked command in '/home/artc/UR_Grasp_Driver/yc_ws/build/serial' returned '0': CMAKE_PREFIX_PATH=${CMAKE_PREFIX_PATH}:/home/artc/abdo_ws/install/robotiq_driver:/home/artc/abdo_ws/install/my_libs:/home/artc/abdo_ws/install/anygrasp:/opt/ros/humble CONDA_PROMPT_MODIFIER=(ros2_any) /home/artc/miniconda3/envs/ros2_any/bin/cmake --install /home/artc/UR_Grasp_Driver/yc_ws/build/serial
[5.270s] Level 1:colcon.colcon_core.environment:checking '/home/artc/UR_Grasp_Driver/yc_ws/install/serial' for CMake config files
[5.270s] Level 1:colcon.colcon_core.shell:create_environment_hook('serial', 'cmake_prefix_path')
[5.270s] INFO:colcon.colcon_core.shell:Creating environment hook '/home/artc/UR_Grasp_Driver/yc_ws/install/serial/share/serial/hook/cmake_prefix_path.ps1'
[5.271s] INFO:colcon.colcon_core.shell:Creating environment descriptor '/home/artc/UR_Grasp_Driver/yc_ws/install/serial/share/serial/hook/cmake_prefix_path.dsv'
[5.271s] INFO:colcon.colcon_core.shell:Creating environment hook '/home/artc/UR_Grasp_Driver/yc_ws/install/serial/share/serial/hook/cmake_prefix_path.sh'
[5.272s] Level 1:colcon.colcon_core.environment:checking '/home/artc/UR_Grasp_Driver/yc_ws/install/serial/lib'
[5.272s] Level 1:colcon.colcon_core.environment:checking '/home/artc/UR_Grasp_Driver/yc_ws/install/serial/bin'
[5.273s] Level 1:colcon.colcon_core.environment:checking '/home/artc/UR_Grasp_Driver/yc_ws/install/serial/lib/pkgconfig/serial.pc'
[5.273s] Level 1:colcon.colcon_core.environment:checking '/home/artc/UR_Grasp_Driver/yc_ws/install/serial/lib/python3.10/site-packages'
[5.274s] Level 1:colcon.colcon_core.environment:checking '/home/artc/UR_Grasp_Driver/yc_ws/install/serial/bin'
[5.275s] INFO:colcon.colcon_core.shell:Creating package script '/home/artc/UR_Grasp_Driver/yc_ws/install/serial/share/serial/package.ps1'
[5.275s] INFO:colcon.colcon_core.shell:Creating package descriptor '/home/artc/UR_Grasp_Driver/yc_ws/install/serial/share/serial/package.dsv'
[5.276s] INFO:colcon.colcon_core.shell:Creating package script '/home/artc/UR_Grasp_Driver/yc_ws/install/serial/share/serial/package.sh'
[5.277s] INFO:colcon.colcon_core.shell:Creating package script '/home/artc/UR_Grasp_Driver/yc_ws/install/serial/share/serial/package.bash'
[5.277s] INFO:colcon.colcon_core.shell:Creating package script '/home/artc/UR_Grasp_Driver/yc_ws/install/serial/share/serial/package.zsh'
[5.278s] Level 1:colcon.colcon_core.environment:create_file_with_runtime_dependencies(/home/artc/UR_Grasp_Driver/yc_ws/install/serial/share/colcon-core/packages/serial)
[5.314s] Level 1:colcon.colcon_core.environment:create_environment_scripts_only(serial)
[5.315s] Level 1:colcon.colcon_core.environment:checking '/home/artc/UR_Grasp_Driver/yc_ws/install/serial' for CMake module files
[5.316s] Level 1:colcon.colcon_core.environment:checking '/home/artc/UR_Grasp_Driver/yc_ws/install/serial' for CMake config files
[5.316s] Level 1:colcon.colcon_core.shell:create_environment_hook('serial', 'cmake_prefix_path')
[5.317s] INFO:colcon.colcon_core.shell:Creating environment hook '/home/artc/UR_Grasp_Driver/yc_ws/install/serial/share/serial/hook/cmake_prefix_path.ps1'
[5.317s] INFO:colcon.colcon_core.shell:Creating environment descriptor '/home/artc/UR_Grasp_Driver/yc_ws/install/serial/share/serial/hook/cmake_prefix_path.dsv'
[5.318s] INFO:colcon.colcon_core.shell:Creating environment hook '/home/artc/UR_Grasp_Driver/yc_ws/install/serial/share/serial/hook/cmake_prefix_path.sh'
[5.319s] Level 1:colcon.colcon_core.environment:checking '/home/artc/UR_Grasp_Driver/yc_ws/install/serial/lib'
[5.319s] Level 1:colcon.colcon_core.environment:checking '/home/artc/UR_Grasp_Driver/yc_ws/install/serial/bin'
[5.319s] Level 1:colcon.colcon_core.environment:checking '/home/artc/UR_Grasp_Driver/yc_ws/install/serial/lib/pkgconfig/serial.pc'
[5.319s] Level 1:colcon.colcon_core.environment:checking '/home/artc/UR_Grasp_Driver/yc_ws/install/serial/lib/python3.10/site-packages'
[5.320s] Level 1:colcon.colcon_core.environment:checking '/home/artc/UR_Grasp_Driver/yc_ws/install/serial/bin'
[5.320s] INFO:colcon.colcon_core.shell:Creating package script '/home/artc/UR_Grasp_Driver/yc_ws/install/serial/share/serial/package.ps1'
[5.321s] INFO:colcon.colcon_core.shell:Creating package descriptor '/home/artc/UR_Grasp_Driver/yc_ws/install/serial/share/serial/package.dsv'
[5.322s] INFO:colcon.colcon_core.shell:Creating package script '/home/artc/UR_Grasp_Driver/yc_ws/install/serial/share/serial/package.sh'
[5.323s] INFO:colcon.colcon_core.shell:Creating package script '/home/artc/UR_Grasp_Driver/yc_ws/install/serial/share/serial/package.bash'
[5.323s] INFO:colcon.colcon_core.shell:Creating package script '/home/artc/UR_Grasp_Driver/yc_ws/install/serial/share/serial/package.zsh'
[5.324s] Level 1:colcon.colcon_core.environment:create_file_with_runtime_dependencies(/home/artc/UR_Grasp_Driver/yc_ws/install/serial/share/colcon-core/packages/serial)
[6.432s] DEBUG:colcon.colcon_core.event_handler.log_command:Invoked command in '/home/artc/UR_Grasp_Driver/yc_ws/build/ur_calibration' returned '0': CMAKE_PREFIX_PATH=${CMAKE_PREFIX_PATH}:/home/artc/abdo_ws/install/robotiq_driver:/home/artc/abdo_ws/install/my_libs:/home/artc/abdo_ws/install/anygrasp:/opt/ros/humble CONDA_PROMPT_MODIFIER=(ros2_any) /home/artc/miniconda3/envs/ros2_any/bin/cmake /home/artc/UR_Grasp_Driver/yc_ws/src/ur_calibration -DCMAKE_INSTALL_PREFIX=/home/artc/UR_Grasp_Driver/yc_ws/install/ur_calibration
[6.434s] DEBUG:colcon.colcon_core.event_handler.log_command:Invoking command in '/home/artc/UR_Grasp_Driver/yc_ws/build/ur_calibration': CMAKE_PREFIX_PATH=${CMAKE_PREFIX_PATH}:/home/artc/abdo_ws/install/robotiq_driver:/home/artc/abdo_ws/install/my_libs:/home/artc/abdo_ws/install/anygrasp:/opt/ros/humble CONDA_PROMPT_MODIFIER=(ros2_any) /home/artc/miniconda3/envs/ros2_any/bin/cmake --build /home/artc/UR_Grasp_Driver/yc_ws/build/ur_calibration -- -j8 -l8
[7.332s] DEBUG:colcon.colcon_core.event_handler.log_command:Invoked command in '/home/artc/UR_Grasp_Driver/yc_ws/build/my_ur_driver' returned '0': CMAKE_PREFIX_PATH=${CMAKE_PREFIX_PATH}:/home/artc/abdo_ws/install/robotiq_driver:/home/artc/abdo_ws/install/my_libs:/home/artc/abdo_ws/install/anygrasp:/opt/ros/humble CONDA_PROMPT_MODIFIER=(ros2_any) /home/artc/miniconda3/envs/ros2_any/bin/cmake /home/artc/UR_Grasp_Driver/yc_ws/src/my_ur_driver -DCMAKE_INSTALL_PREFIX=/home/artc/UR_Grasp_Driver/yc_ws/install/my_ur_driver
[7.334s] DEBUG:colcon.colcon_core.event_handler.log_command:Invoking command in '/home/artc/UR_Grasp_Driver/yc_ws/build/my_ur_driver': CMAKE_PREFIX_PATH=${CMAKE_PREFIX_PATH}:/home/artc/abdo_ws/install/robotiq_driver:/home/artc/abdo_ws/install/my_libs:/home/artc/abdo_ws/install/anygrasp:/opt/ros/humble CONDA_PROMPT_MODIFIER=(ros2_any) /home/artc/miniconda3/envs/ros2_any/bin/cmake --build /home/artc/UR_Grasp_Driver/yc_ws/build/my_ur_driver -- -j8 -l8
[7.375s] DEBUG:colcon.colcon_core.event_handler.log_command:Invoked command in '/home/artc/UR_Grasp_Driver/yc_ws/build/my_ur_driver' returned '0': CMAKE_PREFIX_PATH=${CMAKE_PREFIX_PATH}:/home/artc/abdo_ws/install/robotiq_driver:/home/artc/abdo_ws/install/my_libs:/home/artc/abdo_ws/install/anygrasp:/opt/ros/humble CONDA_PROMPT_MODIFIER=(ros2_any) /home/artc/miniconda3/envs/ros2_any/bin/cmake --build /home/artc/UR_Grasp_Driver/yc_ws/build/my_ur_driver -- -j8 -l8
[7.403s] DEBUG:colcon.colcon_core.event_handler.log_command:Invoking command in '/home/artc/UR_Grasp_Driver/yc_ws/build/my_ur_driver': CMAKE_PREFIX_PATH=${CMAKE_PREFIX_PATH}:/home/artc/abdo_ws/install/robotiq_driver:/home/artc/abdo_ws/install/my_libs:/home/artc/abdo_ws/install/anygrasp:/opt/ros/humble CONDA_PROMPT_MODIFIER=(ros2_any) /home/artc/miniconda3/envs/ros2_any/bin/cmake --install /home/artc/UR_Grasp_Driver/yc_ws/build/my_ur_driver
[7.438s] Level 1:colcon.colcon_core.environment:create_environment_scripts_only(my_ur_driver)
[7.438s] Level 1:colcon.colcon_core.environment:checking '/home/artc/UR_Grasp_Driver/yc_ws/install/my_ur_driver' for CMake module files
[7.439s] DEBUG:colcon.colcon_core.event_handler.log_command:Invoked command in '/home/artc/UR_Grasp_Driver/yc_ws/build/my_ur_driver' returned '0': CMAKE_PREFIX_PATH=${CMAKE_PREFIX_PATH}:/home/artc/abdo_ws/install/robotiq_driver:/home/artc/abdo_ws/install/my_libs:/home/artc/abdo_ws/install/anygrasp:/opt/ros/humble CONDA_PROMPT_MODIFIER=(ros2_any) /home/artc/miniconda3/envs/ros2_any/bin/cmake --install /home/artc/UR_Grasp_Driver/yc_ws/build/my_ur_driver
[7.440s] Level 1:colcon.colcon_core.environment:checking '/home/artc/UR_Grasp_Driver/yc_ws/install/my_ur_driver' for CMake config files
[7.441s] Level 1:colcon.colcon_core.shell:create_environment_hook('my_ur_driver', 'cmake_prefix_path')
[7.441s] INFO:colcon.colcon_core.shell:Creating environment hook '/home/artc/UR_Grasp_Driver/yc_ws/install/my_ur_driver/share/my_ur_driver/hook/cmake_prefix_path.ps1'
[7.442s] INFO:colcon.colcon_core.shell:Creating environment descriptor '/home/artc/UR_Grasp_Driver/yc_ws/install/my_ur_driver/share/my_ur_driver/hook/cmake_prefix_path.dsv'
[7.442s] INFO:colcon.colcon_core.shell:Creating environment hook '/home/artc/UR_Grasp_Driver/yc_ws/install/my_ur_driver/share/my_ur_driver/hook/cmake_prefix_path.sh'
[7.443s] Level 1:colcon.colcon_core.environment:checking '/home/artc/UR_Grasp_Driver/yc_ws/install/my_ur_driver/bin'
[7.444s] Level 1:colcon.colcon_core.environment:checking '/home/artc/UR_Grasp_Driver/yc_ws/install/my_ur_driver/lib/pkgconfig/my_ur_driver.pc'
[7.444s] Level 1:colcon.colcon_core.environment:checking '/home/artc/UR_Grasp_Driver/yc_ws/install/my_ur_driver/lib/python3.10/site-packages'
[7.444s] Level 1:colcon.colcon_core.environment:checking '/home/artc/UR_Grasp_Driver/yc_ws/install/my_ur_driver/bin'
[7.445s] INFO:colcon.colcon_core.shell:Creating package script '/home/artc/UR_Grasp_Driver/yc_ws/install/my_ur_driver/share/my_ur_driver/package.ps1'
[7.446s] INFO:colcon.colcon_core.shell:Creating package descriptor '/home/artc/UR_Grasp_Driver/yc_ws/install/my_ur_driver/share/my_ur_driver/package.dsv'
[7.446s] INFO:colcon.colcon_core.shell:Creating package script '/home/artc/UR_Grasp_Driver/yc_ws/install/my_ur_driver/share/my_ur_driver/package.sh'
[7.447s] INFO:colcon.colcon_core.shell:Creating package script '/home/artc/UR_Grasp_Driver/yc_ws/install/my_ur_driver/share/my_ur_driver/package.bash'
[7.448s] INFO:colcon.colcon_core.shell:Creating package script '/home/artc/UR_Grasp_Driver/yc_ws/install/my_ur_driver/share/my_ur_driver/package.zsh'
[7.448s] Level 1:colcon.colcon_core.environment:create_file_with_runtime_dependencies(/home/artc/UR_Grasp_Driver/yc_ws/install/my_ur_driver/share/colcon-core/packages/my_ur_driver)
[7.475s] Level 1:colcon.colcon_core.environment:create_environment_scripts_only(my_ur_driver)
[7.476s] Level 1:colcon.colcon_core.environment:checking '/home/artc/UR_Grasp_Driver/yc_ws/install/my_ur_driver' for CMake module files
[7.476s] Level 1:colcon.colcon_core.environment:checking '/home/artc/UR_Grasp_Driver/yc_ws/install/my_ur_driver' for CMake config files
[7.477s] Level 1:colcon.colcon_core.shell:create_environment_hook('my_ur_driver', 'cmake_prefix_path')
[7.477s] INFO:colcon.colcon_core.shell:Creating environment hook '/home/artc/UR_Grasp_Driver/yc_ws/install/my_ur_driver/share/my_ur_driver/hook/cmake_prefix_path.ps1'
[7.478s] INFO:colcon.colcon_core.shell:Creating environment descriptor '/home/artc/UR_Grasp_Driver/yc_ws/install/my_ur_driver/share/my_ur_driver/hook/cmake_prefix_path.dsv'
[7.478s] INFO:colcon.colcon_core.shell:Creating environment hook '/home/artc/UR_Grasp_Driver/yc_ws/install/my_ur_driver/share/my_ur_driver/hook/cmake_prefix_path.sh'
[7.479s] Level 1:colcon.colcon_core.environment:checking '/home/artc/UR_Grasp_Driver/yc_ws/install/my_ur_driver/bin'
[7.479s] Level 1:colcon.colcon_core.environment:checking '/home/artc/UR_Grasp_Driver/yc_ws/install/my_ur_driver/lib/pkgconfig/my_ur_driver.pc'
[7.479s] Level 1:colcon.colcon_core.environment:checking '/home/artc/UR_Grasp_Driver/yc_ws/install/my_ur_driver/lib/python3.10/site-packages'
[7.480s] Level 1:colcon.colcon_core.environment:checking '/home/artc/UR_Grasp_Driver/yc_ws/install/my_ur_driver/bin'
[7.480s] INFO:colcon.colcon_core.shell:Creating package script '/home/artc/UR_Grasp_Driver/yc_ws/install/my_ur_driver/share/my_ur_driver/package.ps1'
[7.481s] INFO:colcon.colcon_core.shell:Creating package descriptor '/home/artc/UR_Grasp_Driver/yc_ws/install/my_ur_driver/share/my_ur_driver/package.dsv'
[7.482s] INFO:colcon.colcon_core.shell:Creating package script '/home/artc/UR_Grasp_Driver/yc_ws/install/my_ur_driver/share/my_ur_driver/package.sh'
[7.482s] INFO:colcon.colcon_core.shell:Creating package script '/home/artc/UR_Grasp_Driver/yc_ws/install/my_ur_driver/share/my_ur_driver/package.bash'
[7.483s] INFO:colcon.colcon_core.shell:Creating package script '/home/artc/UR_Grasp_Driver/yc_ws/install/my_ur_driver/share/my_ur_driver/package.zsh'
[7.483s] Level 1:colcon.colcon_core.environment:create_file_with_runtime_dependencies(/home/artc/UR_Grasp_Driver/yc_ws/install/my_ur_driver/share/colcon-core/packages/my_ur_driver)
[7.484s] INFO:colcon.colcon_ros.task.ament_cmake.build:Building ROS package in '/home/artc/UR_Grasp_Driver/yc_ws/src/ur_simulation_gazebo' with build type 'ament_cmake'
[7.484s] INFO:colcon.colcon_cmake.task.cmake.build:Building CMake package in '/home/artc/UR_Grasp_Driver/yc_ws/src/ur_simulation_gazebo'
[7.484s] INFO:colcon.colcon_core.shell:Skip shell extension 'powershell' for command environment: Not usable outside of PowerShell
[7.484s] DEBUG:colcon.colcon_core.shell:Skip shell extension 'dsv' for command environment
[7.498s] DEBUG:colcon.colcon_core.event_handler.log_command:Invoking command in '/home/artc/UR_Grasp_Driver/yc_ws/build/ur_simulation_gazebo': AMENT_PREFIX_PATH=/home/artc/UR_Grasp_Driver/yc_ws/install/my_ur_driver:${AMENT_PREFIX_PATH} CMAKE_PREFIX_PATH=/home/artc/UR_Grasp_Driver/yc_ws/install/my_ur_driver:/home/artc/abdo_ws/install/ur_calibration:/home/artc/abdo_ws/install/robotiq_hardware_tests:/home/artc/abdo_ws/install/serial:/home/artc/abdo_ws/install/robotiq_description:/home/artc/abdo_ws/install/robotiq_controllers:/home/artc/abdo_ws/install/pilz_industrial_motion_planner_testutils:/home/artc/abdo_ws/install/my_ur_driver:/home/artc/abdo_ws/install/my_pkg:/home/artc/abdo_ws/install/my_custom_interfaces:/usr/local:/home/artc/abdo_ws/install/robotiq_driver:/home/artc/abdo_ws/install/my_libs:/home/artc/abdo_ws/install/anygrasp:/opt/ros/humble CONDA_PROMPT_MODIFIER=(ros2_any) /home/artc/miniconda3/envs/ros2_any/bin/cmake /home/artc/UR_Grasp_Driver/yc_ws/src/ur_simulation_gazebo -DCMAKE_INSTALL_PREFIX=/home/artc/UR_Grasp_Driver/yc_ws/install/ur_simulation_gazebo
[8.649s] DEBUG:colcon.colcon_core.event_handler.log_command:Invoked command in '/home/artc/UR_Grasp_Driver/yc_ws/build/ur_simulation_gazebo' returned '0': AMENT_PREFIX_PATH=/home/artc/UR_Grasp_Driver/yc_ws/install/my_ur_driver:${AMENT_PREFIX_PATH} CMAKE_PREFIX_PATH=/home/artc/UR_Grasp_Driver/yc_ws/install/my_ur_driver:/home/artc/abdo_ws/install/ur_calibration:/home/artc/abdo_ws/install/robotiq_hardware_tests:/home/artc/abdo_ws/install/serial:/home/artc/abdo_ws/install/robotiq_description:/home/artc/abdo_ws/install/robotiq_controllers:/home/artc/abdo_ws/install/pilz_industrial_motion_planner_testutils:/home/artc/abdo_ws/install/my_ur_driver:/home/artc/abdo_ws/install/my_pkg:/home/artc/abdo_ws/install/my_custom_interfaces:/usr/local:/home/artc/abdo_ws/install/robotiq_driver:/home/artc/abdo_ws/install/my_libs:/home/artc/abdo_ws/install/anygrasp:/opt/ros/humble CONDA_PROMPT_MODIFIER=(ros2_any) /home/artc/miniconda3/envs/ros2_any/bin/cmake /home/artc/UR_Grasp_Driver/yc_ws/src/ur_simulation_gazebo -DCMAKE_INSTALL_PREFIX=/home/artc/UR_Grasp_Driver/yc_ws/install/ur_simulation_gazebo
[8.651s] DEBUG:colcon.colcon_core.event_handler.log_command:Invoking command in '/home/artc/UR_Grasp_Driver/yc_ws/build/ur_simulation_gazebo': AMENT_PREFIX_PATH=/home/artc/UR_Grasp_Driver/yc_ws/install/my_ur_driver:${AMENT_PREFIX_PATH} CMAKE_PREFIX_PATH=/home/artc/UR_Grasp_Driver/yc_ws/install/my_ur_driver:/home/artc/abdo_ws/install/ur_calibration:/home/artc/abdo_ws/install/robotiq_hardware_tests:/home/artc/abdo_ws/install/serial:/home/artc/abdo_ws/install/robotiq_description:/home/artc/abdo_ws/install/robotiq_controllers:/home/artc/abdo_ws/install/pilz_industrial_motion_planner_testutils:/home/artc/abdo_ws/install/my_ur_driver:/home/artc/abdo_ws/install/my_pkg:/home/artc/abdo_ws/install/my_custom_interfaces:/usr/local:/home/artc/abdo_ws/install/robotiq_driver:/home/artc/abdo_ws/install/my_libs:/home/artc/abdo_ws/install/anygrasp:/opt/ros/humble CONDA_PROMPT_MODIFIER=(ros2_any) /home/artc/miniconda3/envs/ros2_any/bin/cmake --build /home/artc/UR_Grasp_Driver/yc_ws/build/ur_simulation_gazebo -- -j8 -l8
[8.682s] DEBUG:colcon.colcon_core.event_handler.log_command:Invoked command in '/home/artc/UR_Grasp_Driver/yc_ws/build/ur_simulation_gazebo' returned '0': AMENT_PREFIX_PATH=/home/artc/UR_Grasp_Driver/yc_ws/install/my_ur_driver:${AMENT_PREFIX_PATH} CMAKE_PREFIX_PATH=/home/artc/UR_Grasp_Driver/yc_ws/install/my_ur_driver:/home/artc/abdo_ws/install/ur_calibration:/home/artc/abdo_ws/install/robotiq_hardware_tests:/home/artc/abdo_ws/install/serial:/home/artc/abdo_ws/install/robotiq_description:/home/artc/abdo_ws/install/robotiq_controllers:/home/artc/abdo_ws/install/pilz_industrial_motion_planner_testutils:/home/artc/abdo_ws/install/my_ur_driver:/home/artc/abdo_ws/install/my_pkg:/home/artc/abdo_ws/install/my_custom_interfaces:/usr/local:/home/artc/abdo_ws/install/robotiq_driver:/home/artc/abdo_ws/install/my_libs:/home/artc/abdo_ws/install/anygrasp:/opt/ros/humble CONDA_PROMPT_MODIFIER=(ros2_any) /home/artc/miniconda3/envs/ros2_any/bin/cmake --build /home/artc/UR_Grasp_Driver/yc_ws/build/ur_simulation_gazebo -- -j8 -l8
[8.709s] DEBUG:colcon.colcon_core.event_handler.log_command:Invoking command in '/home/artc/UR_Grasp_Driver/yc_ws/build/ur_simulation_gazebo': AMENT_PREFIX_PATH=/home/artc/UR_Grasp_Driver/yc_ws/install/my_ur_driver:${AMENT_PREFIX_PATH} CMAKE_PREFIX_PATH=/home/artc/UR_Grasp_Driver/yc_ws/install/my_ur_driver:/home/artc/abdo_ws/install/ur_calibration:/home/artc/abdo_ws/install/robotiq_hardware_tests:/home/artc/abdo_ws/install/serial:/home/artc/abdo_ws/install/robotiq_description:/home/artc/abdo_ws/install/robotiq_controllers:/home/artc/abdo_ws/install/pilz_industrial_motion_planner_testutils:/home/artc/abdo_ws/install/my_ur_driver:/home/artc/abdo_ws/install/my_pkg:/home/artc/abdo_ws/install/my_custom_interfaces:/usr/local:/home/artc/abdo_ws/install/robotiq_driver:/home/artc/abdo_ws/install/my_libs:/home/artc/abdo_ws/install/anygrasp:/opt/ros/humble CONDA_PROMPT_MODIFIER=(ros2_any) /home/artc/miniconda3/envs/ros2_any/bin/cmake --install /home/artc/UR_Grasp_Driver/yc_ws/build/ur_simulation_gazebo
[8.719s] Level 1:colcon.colcon_core.environment:create_environment_scripts_only(ur_simulation_gazebo)
[8.720s] Level 1:colcon.colcon_core.environment:checking '/home/artc/UR_Grasp_Driver/yc_ws/install/ur_simulation_gazebo' for CMake module files
[8.720s] DEBUG:colcon.colcon_core.event_handler.log_command:Invoked command in '/home/artc/UR_Grasp_Driver/yc_ws/build/ur_simulation_gazebo' returned '0': AMENT_PREFIX_PATH=/home/artc/UR_Grasp_Driver/yc_ws/install/my_ur_driver:${AMENT_PREFIX_PATH} CMAKE_PREFIX_PATH=/home/artc/UR_Grasp_Driver/yc_ws/install/my_ur_driver:/home/artc/abdo_ws/install/ur_calibration:/home/artc/abdo_ws/install/robotiq_hardware_tests:/home/artc/abdo_ws/install/serial:/home/artc/abdo_ws/install/robotiq_description:/home/artc/abdo_ws/install/robotiq_controllers:/home/artc/abdo_ws/install/pilz_industrial_motion_planner_testutils:/home/artc/abdo_ws/install/my_ur_driver:/home/artc/abdo_ws/install/my_pkg:/home/artc/abdo_ws/install/my_custom_interfaces:/usr/local:/home/artc/abdo_ws/install/robotiq_driver:/home/artc/abdo_ws/install/my_libs:/home/artc/abdo_ws/install/anygrasp:/opt/ros/humble CONDA_PROMPT_MODIFIER=(ros2_any) /home/artc/miniconda3/envs/ros2_any/bin/cmake --install /home/artc/UR_Grasp_Driver/yc_ws/build/ur_simulation_gazebo
[8.721s] Level 1:colcon.colcon_core.environment:checking '/home/artc/UR_Grasp_Driver/yc_ws/install/ur_simulation_gazebo' for CMake config files
[8.721s] Level 1:colcon.colcon_core.shell:create_environment_hook('ur_simulation_gazebo', 'cmake_prefix_path')
[8.722s] INFO:colcon.colcon_core.shell:Creating environment hook '/home/artc/UR_Grasp_Driver/yc_ws/install/ur_simulation_gazebo/share/ur_simulation_gazebo/hook/cmake_prefix_path.ps1'
[8.722s] INFO:colcon.colcon_core.shell:Creating environment descriptor '/home/artc/UR_Grasp_Driver/yc_ws/install/ur_simulation_gazebo/share/ur_simulation_gazebo/hook/cmake_prefix_path.dsv'
[8.723s] INFO:colcon.colcon_core.shell:Creating environment hook '/home/artc/UR_Grasp_Driver/yc_ws/install/ur_simulation_gazebo/share/ur_simulation_gazebo/hook/cmake_prefix_path.sh'
[8.723s] Level 1:colcon.colcon_core.environment:checking '/home/artc/UR_Grasp_Driver/yc_ws/install/ur_simulation_gazebo/bin'
[8.723s] Level 1:colcon.colcon_core.environment:checking '/home/artc/UR_Grasp_Driver/yc_ws/install/ur_simulation_gazebo/lib/pkgconfig/ur_simulation_gazebo.pc'
[8.723s] Level 1:colcon.colcon_core.environment:checking '/home/artc/UR_Grasp_Driver/yc_ws/install/ur_simulation_gazebo/lib/python3.10/site-packages'
[8.724s] Level 1:colcon.colcon_core.environment:checking '/home/artc/UR_Grasp_Driver/yc_ws/install/ur_simulation_gazebo/bin'
[8.724s] INFO:colcon.colcon_core.shell:Creating package script '/home/artc/UR_Grasp_Driver/yc_ws/install/ur_simulation_gazebo/share/ur_simulation_gazebo/package.ps1'
[8.724s] INFO:colcon.colcon_core.shell:Creating package descriptor '/home/artc/UR_Grasp_Driver/yc_ws/install/ur_simulation_gazebo/share/ur_simulation_gazebo/package.dsv'
[8.725s] INFO:colcon.colcon_core.shell:Creating package script '/home/artc/UR_Grasp_Driver/yc_ws/install/ur_simulation_gazebo/share/ur_simulation_gazebo/package.sh'
[8.725s] INFO:colcon.colcon_core.shell:Creating package script '/home/artc/UR_Grasp_Driver/yc_ws/install/ur_simulation_gazebo/share/ur_simulation_gazebo/package.bash'
[8.726s] INFO:colcon.colcon_core.shell:Creating package script '/home/artc/UR_Grasp_Driver/yc_ws/install/ur_simulation_gazebo/share/ur_simulation_gazebo/package.zsh'
[8.726s] Level 1:colcon.colcon_core.environment:create_file_with_runtime_dependencies(/home/artc/UR_Grasp_Driver/yc_ws/install/ur_simulation_gazebo/share/colcon-core/packages/ur_simulation_gazebo)
[8.751s] Level 1:colcon.colcon_core.environment:create_environment_scripts_only(ur_simulation_gazebo)
[8.751s] Level 1:colcon.colcon_core.environment:checking '/home/artc/UR_Grasp_Driver/yc_ws/install/ur_simulation_gazebo' for CMake module files
[8.752s] Level 1:colcon.colcon_core.environment:checking '/home/artc/UR_Grasp_Driver/yc_ws/install/ur_simulation_gazebo' for CMake config files
[8.752s] Level 1:colcon.colcon_core.shell:create_environment_hook('ur_simulation_gazebo', 'cmake_prefix_path')
[8.752s] INFO:colcon.colcon_core.shell:Creating environment hook '/home/artc/UR_Grasp_Driver/yc_ws/install/ur_simulation_gazebo/share/ur_simulation_gazebo/hook/cmake_prefix_path.ps1'
[8.753s] INFO:colcon.colcon_core.shell:Creating environment descriptor '/home/artc/UR_Grasp_Driver/yc_ws/install/ur_simulation_gazebo/share/ur_simulation_gazebo/hook/cmake_prefix_path.dsv'
[8.753s] INFO:colcon.colcon_core.shell:Creating environment hook '/home/artc/UR_Grasp_Driver/yc_ws/install/ur_simulation_gazebo/share/ur_simulation_gazebo/hook/cmake_prefix_path.sh'
[8.754s] Level 1:colcon.colcon_core.environment:checking '/home/artc/UR_Grasp_Driver/yc_ws/install/ur_simulation_gazebo/bin'
[8.754s] Level 1:colcon.colcon_core.environment:checking '/home/artc/UR_Grasp_Driver/yc_ws/install/ur_simulation_gazebo/lib/pkgconfig/ur_simulation_gazebo.pc'
[8.754s] Level 1:colcon.colcon_core.environment:checking '/home/artc/UR_Grasp_Driver/yc_ws/install/ur_simulation_gazebo/lib/python3.10/site-packages'
[8.754s] Level 1:colcon.colcon_core.environment:checking '/home/artc/UR_Grasp_Driver/yc_ws/install/ur_simulation_gazebo/bin'
[8.755s] INFO:colcon.colcon_core.shell:Creating package script '/home/artc/UR_Grasp_Driver/yc_ws/install/ur_simulation_gazebo/share/ur_simulation_gazebo/package.ps1'
[8.755s] INFO:colcon.colcon_core.shell:Creating package descriptor '/home/artc/UR_Grasp_Driver/yc_ws/install/ur_simulation_gazebo/share/ur_simulation_gazebo/package.dsv'
[8.756s] INFO:colcon.colcon_core.shell:Creating package script '/home/artc/UR_Grasp_Driver/yc_ws/install/ur_simulation_gazebo/share/ur_simulation_gazebo/package.sh'
[8.756s] INFO:colcon.colcon_core.shell:Creating package script '/home/artc/UR_Grasp_Driver/yc_ws/install/ur_simulation_gazebo/share/ur_simulation_gazebo/package.bash'
[8.757s] INFO:colcon.colcon_core.shell:Creating package script '/home/artc/UR_Grasp_Driver/yc_ws/install/ur_simulation_gazebo/share/ur_simulation_gazebo/package.zsh'
[8.757s] Level 1:colcon.colcon_core.environment:create_file_with_runtime_dependencies(/home/artc/UR_Grasp_Driver/yc_ws/install/ur_simulation_gazebo/share/colcon-core/packages/ur_simulation_gazebo)
[25.327s] DEBUG:colcon.colcon_core.event_handler.log_command:Invoked command in '/home/artc/UR_Grasp_Driver/yc_ws/build/ur_calibration' returned '0': CMAKE_PREFIX_PATH=${CMAKE_PREFIX_PATH}:/home/artc/abdo_ws/install/robotiq_driver:/home/artc/abdo_ws/install/my_libs:/home/artc/abdo_ws/install/anygrasp:/opt/ros/humble CONDA_PROMPT_MODIFIER=(ros2_any) /home/artc/miniconda3/envs/ros2_any/bin/cmake --build /home/artc/UR_Grasp_Driver/yc_ws/build/ur_calibration -- -j8 -l8
[25.365s] DEBUG:colcon.colcon_core.event_handler.log_command:Invoking command in '/home/artc/UR_Grasp_Driver/yc_ws/build/ur_calibration': CMAKE_PREFIX_PATH=${CMAKE_PREFIX_PATH}:/home/artc/abdo_ws/install/robotiq_driver:/home/artc/abdo_ws/install/my_libs:/home/artc/abdo_ws/install/anygrasp:/opt/ros/humble CONDA_PROMPT_MODIFIER=(ros2_any) /home/artc/miniconda3/envs/ros2_any/bin/cmake --install /home/artc/UR_Grasp_Driver/yc_ws/build/ur_calibration
[25.383s] Level 1:colcon.colcon_core.environment:create_environment_scripts_only(ur_calibration)
[25.384s] DEBUG:colcon.colcon_core.event_handler.log_command:Invoked command in '/home/artc/UR_Grasp_Driver/yc_ws/build/ur_calibration' returned '0': CMAKE_PREFIX_PATH=${CMAKE_PREFIX_PATH}:/home/artc/abdo_ws/install/robotiq_driver:/home/artc/abdo_ws/install/my_libs:/home/artc/abdo_ws/install/anygrasp:/opt/ros/humble CONDA_PROMPT_MODIFIER=(ros2_any) /home/artc/miniconda3/envs/ros2_any/bin/cmake --install /home/artc/UR_Grasp_Driver/yc_ws/build/ur_calibration
[25.384s] Level 1:colcon.colcon_core.environment:checking '/home/artc/UR_Grasp_Driver/yc_ws/install/ur_calibration' for CMake module files
[25.385s] Level 1:colcon.colcon_core.environment:checking '/home/artc/UR_Grasp_Driver/yc_ws/install/ur_calibration' for CMake config files
[25.385s] Level 1:colcon.colcon_core.shell:create_environment_hook('ur_calibration', 'cmake_prefix_path')
[25.385s] INFO:colcon.colcon_core.shell:Creating environment hook '/home/artc/UR_Grasp_Driver/yc_ws/install/ur_calibration/share/ur_calibration/hook/cmake_prefix_path.ps1'
[25.386s] INFO:colcon.colcon_core.shell:Creating environment descriptor '/home/artc/UR_Grasp_Driver/yc_ws/install/ur_calibration/share/ur_calibration/hook/cmake_prefix_path.dsv'
[25.386s] INFO:colcon.colcon_core.shell:Creating environment hook '/home/artc/UR_Grasp_Driver/yc_ws/install/ur_calibration/share/ur_calibration/hook/cmake_prefix_path.sh'
[25.386s] Level 1:colcon.colcon_core.environment:checking '/home/artc/UR_Grasp_Driver/yc_ws/install/ur_calibration/lib'
[25.386s] Level 1:colcon.colcon_core.environment:checking '/home/artc/UR_Grasp_Driver/yc_ws/install/ur_calibration/bin'
[25.387s] Level 1:colcon.colcon_core.environment:checking '/home/artc/UR_Grasp_Driver/yc_ws/install/ur_calibration/lib/pkgconfig/ur_calibration.pc'
[25.387s] Level 1:colcon.colcon_core.environment:checking '/home/artc/UR_Grasp_Driver/yc_ws/install/ur_calibration/lib/python3.10/site-packages'
[25.387s] Level 1:colcon.colcon_core.environment:checking '/home/artc/UR_Grasp_Driver/yc_ws/install/ur_calibration/bin'
[25.387s] INFO:colcon.colcon_core.shell:Creating package script '/home/artc/UR_Grasp_Driver/yc_ws/install/ur_calibration/share/ur_calibration/package.ps1'
[25.388s] INFO:colcon.colcon_core.shell:Creating package descriptor '/home/artc/UR_Grasp_Driver/yc_ws/install/ur_calibration/share/ur_calibration/package.dsv'
[25.388s] INFO:colcon.colcon_core.shell:Creating package script '/home/artc/UR_Grasp_Driver/yc_ws/install/ur_calibration/share/ur_calibration/package.sh'
[25.388s] INFO:colcon.colcon_core.shell:Creating package script '/home/artc/UR_Grasp_Driver/yc_ws/install/ur_calibration/share/ur_calibration/package.bash'
[25.389s] INFO:colcon.colcon_core.shell:Creating package script '/home/artc/UR_Grasp_Driver/yc_ws/install/ur_calibration/share/ur_calibration/package.zsh'
[25.389s] Level 1:colcon.colcon_core.environment:create_file_with_runtime_dependencies(/home/artc/UR_Grasp_Driver/yc_ws/install/ur_calibration/share/colcon-core/packages/ur_calibration)
[25.425s] Level 1:colcon.colcon_core.environment:create_environment_scripts_only(ur_calibration)
[25.426s] Level 1:colcon.colcon_core.environment:checking '/home/artc/UR_Grasp_Driver/yc_ws/install/ur_calibration' for CMake module files
[25.426s] Level 1:colcon.colcon_core.environment:checking '/home/artc/UR_Grasp_Driver/yc_ws/install/ur_calibration' for CMake config files
[25.426s] Level 1:colcon.colcon_core.shell:create_environment_hook('ur_calibration', 'cmake_prefix_path')
[25.427s] INFO:colcon.colcon_core.shell:Creating environment hook '/home/artc/UR_Grasp_Driver/yc_ws/install/ur_calibration/share/ur_calibration/hook/cmake_prefix_path.ps1'
[25.427s] INFO:colcon.colcon_core.shell:Creating environment descriptor '/home/artc/UR_Grasp_Driver/yc_ws/install/ur_calibration/share/ur_calibration/hook/cmake_prefix_path.dsv'
[25.428s] INFO:colcon.colcon_core.shell:Creating environment hook '/home/artc/UR_Grasp_Driver/yc_ws/install/ur_calibration/share/ur_calibration/hook/cmake_prefix_path.sh'
[25.428s] Level 1:colcon.colcon_core.environment:checking '/home/artc/UR_Grasp_Driver/yc_ws/install/ur_calibration/lib'
[25.428s] Level 1:colcon.colcon_core.environment:checking '/home/artc/UR_Grasp_Driver/yc_ws/install/ur_calibration/bin'
[25.428s] Level 1:colcon.colcon_core.environment:checking '/home/artc/UR_Grasp_Driver/yc_ws/install/ur_calibration/lib/pkgconfig/ur_calibration.pc'
[25.428s] Level 1:colcon.colcon_core.environment:checking '/home/artc/UR_Grasp_Driver/yc_ws/install/ur_calibration/lib/python3.10/site-packages'
[25.429s] Level 1:colcon.colcon_core.environment:checking '/home/artc/UR_Grasp_Driver/yc_ws/install/ur_calibration/bin'
[25.429s] INFO:colcon.colcon_core.shell:Creating package script '/home/artc/UR_Grasp_Driver/yc_ws/install/ur_calibration/share/ur_calibration/package.ps1'
[25.429s] INFO:colcon.colcon_core.shell:Creating package descriptor '/home/artc/UR_Grasp_Driver/yc_ws/install/ur_calibration/share/ur_calibration/package.dsv'
[25.430s] INFO:colcon.colcon_core.shell:Creating package script '/home/artc/UR_Grasp_Driver/yc_ws/install/ur_calibration/share/ur_calibration/package.sh'
[25.431s] INFO:colcon.colcon_core.shell:Creating package script '/home/artc/UR_Grasp_Driver/yc_ws/install/ur_calibration/share/ur_calibration/package.bash'
[25.431s] INFO:colcon.colcon_core.shell:Creating package script '/home/artc/UR_Grasp_Driver/yc_ws/install/ur_calibration/share/ur_calibration/package.zsh'
[25.432s] Level 1:colcon.colcon_core.environment:create_file_with_runtime_dependencies(/home/artc/UR_Grasp_Driver/yc_ws/install/ur_calibration/share/colcon-core/packages/ur_calibration)
[25.432s] DEBUG:colcon.colcon_parallel_executor.executor.parallel:closing loop
[25.433s] DEBUG:colcon.colcon_parallel_executor.executor.parallel:loop closed
[25.433s] DEBUG:colcon.colcon_parallel_executor.executor.parallel:run_until_complete finished with '0'
[25.433s] DEBUG:colcon.colcon_core.event_reactor:joining thread
[25.441s] INFO:colcon.colcon_core.plugin_system:Skipping extension 'colcon_notification.desktop_notification.terminal_notifier': Not used on non-Darwin systems
[25.441s] INFO:colcon.colcon_core.plugin_system:Skipping extension 'colcon_notification.desktop_notification.win32': Not used on non-Windows systems
[25.441s] INFO:colcon.colcon_notification.desktop_notification:Sending desktop notification using 'notify2'
[25.466s] DEBUG:colcon.colcon_core.event_reactor:joined thread
[25.466s] INFO:colcon.colcon_core.shell:Creating prefix script '/home/artc/UR_Grasp_Driver/yc_ws/install/local_setup.ps1'
[25.467s] INFO:colcon.colcon_core.shell:Creating prefix util module '/home/artc/UR_Grasp_Driver/yc_ws/install/_local_setup_util_ps1.py'
[25.469s] INFO:colcon.colcon_core.shell:Creating prefix chain script '/home/artc/UR_Grasp_Driver/yc_ws/install/setup.ps1'
[25.471s] INFO:colcon.colcon_core.shell:Creating prefix script '/home/artc/UR_Grasp_Driver/yc_ws/install/local_setup.sh'
[25.472s] INFO:colcon.colcon_core.shell:Creating prefix util module '/home/artc/UR_Grasp_Driver/yc_ws/install/_local_setup_util_sh.py'
[25.473s] INFO:colcon.colcon_core.shell:Creating prefix chain script '/home/artc/UR_Grasp_Driver/yc_ws/install/setup.sh'
[25.475s] INFO:colcon.colcon_core.shell:Creating prefix script '/home/artc/UR_Grasp_Driver/yc_ws/install/local_setup.bash'
[25.476s] INFO:colcon.colcon_core.shell:Creating prefix chain script '/home/artc/UR_Grasp_Driver/yc_ws/install/setup.bash'
[25.478s] INFO:colcon.colcon_core.shell:Creating prefix script '/home/artc/UR_Grasp_Driver/yc_ws/install/local_setup.zsh'
[25.482s] INFO:colcon.colcon_core.shell:Creating prefix chain script '/home/artc/UR_Grasp_Driver/yc_ws/install/setup.zsh'
